Archive member included to satisfy reference by file (symbol)

/home/cgaetan/.local/altera/15.0/nios2eds/bin/gnu/H-x86_64-pc-linux-gnu/bin/../lib/gcc/nios2-elf/4.9.1/../../../../../H-x86_64-pc-linux-gnu/nios2-elf/lib/mno-hw-mul/libsmallc.a(lib_a-printf.o)
                              obj/default/main.o (printf)
/home/cgaetan/.local/altera/15.0/nios2eds/bin/gnu/H-x86_64-pc-linux-gnu/bin/../lib/gcc/nios2-elf/4.9.1/../../../../../H-x86_64-pc-linux-gnu/nios2-elf/lib/mno-hw-mul/libsmallc.a(lib_a-puts.o)
                              obj/default/main.o (puts)
/home/cgaetan/.local/altera/15.0/nios2eds/bin/gnu/H-x86_64-pc-linux-gnu/bin/../lib/gcc/nios2-elf/4.9.1/../../../../../H-x86_64-pc-linux-gnu/nios2-elf/lib/mno-hw-mul/libsmallc.a(lib_a-strlen.o)
                              /home/cgaetan/.local/altera/15.0/nios2eds/bin/gnu/H-x86_64-pc-linux-gnu/bin/../lib/gcc/nios2-elf/4.9.1/../../../../../H-x86_64-pc-linux-gnu/nios2-elf/lib/mno-hw-mul/libsmallc.a(lib_a-puts.o) (strlen)
/home/cgaetan/.local/altera/15.0/nios2eds/bin/gnu/H-x86_64-pc-linux-gnu/bin/../lib/gcc/nios2-elf/4.9.1/../../../../../H-x86_64-pc-linux-gnu/nios2-elf/lib/mno-hw-mul/libsmallc.a(lib_a-vfprintf.o)
                              /home/cgaetan/.local/altera/15.0/nios2eds/bin/gnu/H-x86_64-pc-linux-gnu/bin/../lib/gcc/nios2-elf/4.9.1/../../../../../H-x86_64-pc-linux-gnu/nios2-elf/lib/mno-hw-mul/libsmallc.a(lib_a-printf.o) (___vfprintf_internal_r)
/home/cgaetan/.local/altera/15.0/nios2eds/bin/gnu/H-x86_64-pc-linux-gnu/bin/../lib/gcc/nios2-elf/4.9.1/../../../../../H-x86_64-pc-linux-gnu/nios2-elf/lib/mno-hw-mul/libsmallc.a(lib_a-fvwrite_small_dev.o)
                              /home/cgaetan/.local/altera/15.0/nios2eds/bin/gnu/H-x86_64-pc-linux-gnu/bin/../lib/gcc/nios2-elf/4.9.1/../../../../../H-x86_64-pc-linux-gnu/nios2-elf/lib/mno-hw-mul/libsmallc.a(lib_a-printf.o) (__sfvwrite_small_dev)
/home/cgaetan/.local/altera/15.0/nios2eds/bin/gnu/H-x86_64-pc-linux-gnu/bin/../lib/gcc/nios2-elf/4.9.1/../../../../../H-x86_64-pc-linux-gnu/nios2-elf/lib/mno-hw-mul/libsmallc.a(lib_a-impure.o)
                              /home/cgaetan/.local/altera/15.0/nios2eds/bin/gnu/H-x86_64-pc-linux-gnu/bin/../lib/gcc/nios2-elf/4.9.1/../../../../../H-x86_64-pc-linux-gnu/nios2-elf/lib/mno-hw-mul/libsmallc.a(lib_a-printf.o) (_impure_ptr)
/home/cgaetan/.local/altera/15.0/nios2eds/bin/gnu/H-x86_64-pc-linux-gnu/bin/../lib/gcc/nios2-elf/4.9.1/../../../../../H-x86_64-pc-linux-gnu/nios2-elf/lib/mno-hw-mul/libsmallc.a(lib_a-writer.o)
                              /home/cgaetan/.local/altera/15.0/nios2eds/bin/gnu/H-x86_64-pc-linux-gnu/bin/../lib/gcc/nios2-elf/4.9.1/../../../../../H-x86_64-pc-linux-gnu/nios2-elf/lib/mno-hw-mul/libsmallc.a(lib_a-fvwrite_small_dev.o) (_write_r)
/home/cgaetan/.local/altera/15.0/nios2eds/bin/gnu/H-x86_64-pc-linux-gnu/bin/../lib/gcc/nios2-elf/4.9.1/../../../../../H-x86_64-pc-linux-gnu/nios2-elf/lib/mno-hw-mul/libsmallc.a(lib_a-int_errno.o)
                              /home/cgaetan/.local/altera/15.0/nios2eds/bin/gnu/H-x86_64-pc-linux-gnu/bin/../lib/gcc/nios2-elf/4.9.1/../../../../../H-x86_64-pc-linux-gnu/nios2-elf/lib/mno-hw-mul/libsmallc.a(lib_a-writer.o) (errno)
/home/cgaetan/.local/altera/15.0/nios2eds/bin/gnu/H-x86_64-pc-linux-gnu/bin/../lib/gcc/nios2-elf/4.9.1/mno-hw-mul/libgcc.a(lib2-divmod.o)
                              /home/cgaetan/.local/altera/15.0/nios2eds/bin/gnu/H-x86_64-pc-linux-gnu/bin/../lib/gcc/nios2-elf/4.9.1/../../../../../H-x86_64-pc-linux-gnu/nios2-elf/lib/mno-hw-mul/libsmallc.a(lib_a-vfprintf.o) (__udivsi3)
/home/cgaetan/.local/altera/15.0/nios2eds/bin/gnu/H-x86_64-pc-linux-gnu/bin/../lib/gcc/nios2-elf/4.9.1/mno-hw-mul/libgcc.a(lib2-mul.o)
                              /home/cgaetan/.local/altera/15.0/nios2eds/bin/gnu/H-x86_64-pc-linux-gnu/bin/../lib/gcc/nios2-elf/4.9.1/../../../../../H-x86_64-pc-linux-gnu/nios2-elf/lib/mno-hw-mul/libsmallc.a(lib_a-vfprintf.o) (__mulsi3)
../base_mtl_bsp//libhal_bsp.a(alt_load.o)
                              ../base_mtl_bsp//obj/HAL/src/crt0.o (alt_load)
../base_mtl_bsp//libhal_bsp.a(alt_main.o)
                              ../base_mtl_bsp//obj/HAL/src/crt0.o (alt_main)
../base_mtl_bsp//libhal_bsp.a(alt_write.o)
                              /home/cgaetan/.local/altera/15.0/nios2eds/bin/gnu/H-x86_64-pc-linux-gnu/bin/../lib/gcc/nios2-elf/4.9.1/../../../../../H-x86_64-pc-linux-gnu/nios2-elf/lib/mno-hw-mul/libsmallc.a(lib_a-writer.o) (write)
../base_mtl_bsp//libhal_bsp.a(alt_sys_init.o)
                              ../base_mtl_bsp//libhal_bsp.a(alt_main.o) (alt_irq_init)
../base_mtl_bsp//libhal_bsp.a(altera_avalon_jtag_uart_fd.o)
                              ../base_mtl_bsp//libhal_bsp.a(alt_sys_init.o) (altera_avalon_jtag_uart_read_fd)
../base_mtl_bsp//libhal_bsp.a(altera_avalon_jtag_uart_read.o)
                              ../base_mtl_bsp//libhal_bsp.a(altera_avalon_jtag_uart_fd.o) (altera_avalon_jtag_uart_read)
../base_mtl_bsp//libhal_bsp.a(altera_avalon_jtag_uart_write.o)
                              ../base_mtl_bsp//libhal_bsp.a(altera_avalon_jtag_uart_fd.o) (altera_avalon_jtag_uart_write)
../base_mtl_bsp//libhal_bsp.a(alt_close.o)
                              ../base_mtl_bsp//libhal_bsp.a(alt_main.o) (close)
../base_mtl_bsp//libhal_bsp.a(alt_dcache_flush_all.o)
                              ../base_mtl_bsp//libhal_bsp.a(alt_load.o) (alt_dcache_flush_all)
../base_mtl_bsp//libhal_bsp.a(alt_dev.o)
                              ../base_mtl_bsp//libhal_bsp.a(alt_sys_init.o) (alt_dev_list)
../base_mtl_bsp//libhal_bsp.a(alt_dev_llist_insert.o)
                              ../base_mtl_bsp//libhal_bsp.a(alt_sys_init.o) (alt_dev_llist_insert)
../base_mtl_bsp//libhal_bsp.a(alt_errno.o)
                              ../base_mtl_bsp//libhal_bsp.a(alt_write.o) (alt_errno)
../base_mtl_bsp//libhal_bsp.a(alt_icache_flush_all.o)
                              ../base_mtl_bsp//libhal_bsp.a(alt_load.o) (alt_icache_flush_all)
../base_mtl_bsp//libhal_bsp.a(alt_io_redirect.o)
                              ../base_mtl_bsp//libhal_bsp.a(alt_main.o) (alt_io_redirect)
../base_mtl_bsp//libhal_bsp.a(alt_open.o)
                              ../base_mtl_bsp//libhal_bsp.a(alt_io_redirect.o) (open)
../base_mtl_bsp//libhal_bsp.a(alt_release_fd.o)
                              ../base_mtl_bsp//libhal_bsp.a(alt_close.o) (alt_release_fd)
../base_mtl_bsp//libhal_bsp.a(altera_nios2_gen2_irq.o)
                              ../base_mtl_bsp//libhal_bsp.a(alt_sys_init.o) (altera_nios2_gen2_irq_init)
../base_mtl_bsp//libhal_bsp.a(alt_find_dev.o)
                              ../base_mtl_bsp//libhal_bsp.a(alt_open.o) (alt_find_dev)
../base_mtl_bsp//libhal_bsp.a(alt_find_file.o)
                              ../base_mtl_bsp//libhal_bsp.a(alt_open.o) (alt_find_file)
../base_mtl_bsp//libhal_bsp.a(alt_get_fd.o)
                              ../base_mtl_bsp//libhal_bsp.a(alt_open.o) (alt_get_fd)
/home/cgaetan/.local/altera/15.0/nios2eds/bin/gnu/H-x86_64-pc-linux-gnu/bin/../lib/gcc/nios2-elf/4.9.1/../../../../../H-x86_64-pc-linux-gnu/nios2-elf/lib/mno-hw-mul/libsmallc.a(lib_a-exit.o)
                              ../base_mtl_bsp//libhal_bsp.a(alt_main.o) (exit)
/home/cgaetan/.local/altera/15.0/nios2eds/bin/gnu/H-x86_64-pc-linux-gnu/bin/../lib/gcc/nios2-elf/4.9.1/../../../../../H-x86_64-pc-linux-gnu/nios2-elf/lib/mno-hw-mul/libsmallc.a(lib_a-memcmp.o)
                              ../base_mtl_bsp//libhal_bsp.a(alt_find_dev.o) (memcmp)
/home/cgaetan/.local/altera/15.0/nios2eds/bin/gnu/H-x86_64-pc-linux-gnu/bin/../lib/gcc/nios2-elf/4.9.1/../../../../../H-x86_64-pc-linux-gnu/nios2-elf/lib/mno-hw-mul/libsmallc.a(lib_a-__call_atexit.o)
                              /home/cgaetan/.local/altera/15.0/nios2eds/bin/gnu/H-x86_64-pc-linux-gnu/bin/../lib/gcc/nios2-elf/4.9.1/../../../../../H-x86_64-pc-linux-gnu/nios2-elf/lib/mno-hw-mul/libsmallc.a(lib_a-exit.o) (__call_exitprocs)
../base_mtl_bsp//libhal_bsp.a(alt_exit.o)
                              /home/cgaetan/.local/altera/15.0/nios2eds/bin/gnu/H-x86_64-pc-linux-gnu/bin/../lib/gcc/nios2-elf/4.9.1/../../../../../H-x86_64-pc-linux-gnu/nios2-elf/lib/mno-hw-mul/libsmallc.a(lib_a-exit.o) (_exit)

Allocating common symbols
Common symbol       size              file

errno               0x4               /home/cgaetan/.local/altera/15.0/nios2eds/bin/gnu/H-x86_64-pc-linux-gnu/bin/../lib/gcc/nios2-elf/4.9.1/../../../../../H-x86_64-pc-linux-gnu/nios2-elf/lib/mno-hw-mul/libsmallc.a(lib_a-int_errno.o)

Memory Configuration

Name             Origin             Length             Attributes
reset            0x0000000000008000 0x0000000000000020
onchip_mem       0x0000000000008020 0x0000000000004e00
*default*        0x0000000000000000 0xffffffffffffffff

Linker script and memory map

LOAD ../base_mtl_bsp//obj/HAL/src/crt0.o
LOAD obj/default/main.o
LOAD /home/cgaetan/.local/altera/15.0/nios2eds/bin/gnu/H-x86_64-pc-linux-gnu/bin/../lib/gcc/nios2-elf/4.9.1/../../../../../H-x86_64-pc-linux-gnu/nios2-elf/lib/mno-hw-mul/libstdc++.a
LOAD /home/cgaetan/.local/altera/15.0/nios2eds/bin/gnu/H-x86_64-pc-linux-gnu/bin/../lib/gcc/nios2-elf/4.9.1/../../../../../H-x86_64-pc-linux-gnu/nios2-elf/lib/mno-hw-mul/libm.a
LOAD /home/cgaetan/.local/altera/15.0/nios2eds/bin/gnu/H-x86_64-pc-linux-gnu/bin/../lib/gcc/nios2-elf/4.9.1/mno-hw-mul/libgcc.a
START GROUP
LOAD /home/cgaetan/.local/altera/15.0/nios2eds/bin/gnu/H-x86_64-pc-linux-gnu/bin/../lib/gcc/nios2-elf/4.9.1/../../../../../H-x86_64-pc-linux-gnu/nios2-elf/lib/mno-hw-mul/libsmallc.a
LOAD /home/cgaetan/.local/altera/15.0/nios2eds/bin/gnu/H-x86_64-pc-linux-gnu/bin/../lib/gcc/nios2-elf/4.9.1/mno-hw-mul/libgcc.a
LOAD ../base_mtl_bsp//libhal_bsp.a
LOAD /home/cgaetan/.local/altera/15.0/nios2eds/bin/gnu/H-x86_64-pc-linux-gnu/bin/../lib/gcc/nios2-elf/4.9.1/../../../../../H-x86_64-pc-linux-gnu/nios2-elf/lib/mno-hw-mul/libm.a
END GROUP
LOAD /home/cgaetan/.local/altera/15.0/nios2eds/bin/gnu/H-x86_64-pc-linux-gnu/bin/../lib/gcc/nios2-elf/4.9.1/mno-hw-mul/libgcc.a
                0x0000000000008000                __alt_mem_onchip_mem = 0x8000

.entry          0x0000000000008000       0x20
 *(.entry)
 .entry         0x0000000000008000       0x20 ../base_mtl_bsp//obj/HAL/src/crt0.o
                0x0000000000008000                __reset

.exceptions     0x0000000000008020        0x0
                0x0000000000008020                PROVIDE (__ram_exceptions_start, ABSOLUTE (.))
                0x0000000000008020                . = ALIGN (0x20)
 *(.irq)
 *(.exceptions.entry.label)
 *(.exceptions.entry.user)
 *(.exceptions.entry.ecc_fatal)
 *(.exceptions.entry)
 *(.exceptions.irqtest.user)
 *(.exceptions.irqtest)
 *(.exceptions.irqhandler.user)
 *(.exceptions.irqhandler)
 *(.exceptions.irqreturn.user)
 *(.exceptions.irqreturn)
 *(.exceptions.notirq.label)
 *(.exceptions.notirq.user)
 *(.exceptions.notirq)
 *(.exceptions.soft.user)
 *(.exceptions.soft)
 *(.exceptions.unknown.user)
 *(.exceptions.unknown)
 *(.exceptions.exit.label)
 *(.exceptions.exit.user)
 *(.exceptions.exit)
 *(.exceptions)
                0x0000000000008020                PROVIDE (__ram_exceptions_end, ABSOLUTE (.))
                0x0000000000008020                PROVIDE (__flash_exceptions_start, LOADADDR (.exceptions))

.text           0x0000000000008020     0x1d5c
                0x0000000000008020                PROVIDE (stext, ABSOLUTE (.))
 *(.interp)
 *(.hash)
 *(.dynsym)
 *(.dynstr)
 *(.gnu.version)
 *(.gnu.version_d)
 *(.gnu.version_r)
 *(.rel.init)
 *(.rela.init)
 *(.rel.text .rel.text.* .rel.gnu.linkonce.t.*)
 *(.rela.text .rela.text.* .rela.gnu.linkonce.t.*)
 *(.rel.fini)
 *(.rela.fini)
 *(.rel.rodata .rel.rodata.* .rel.gnu.linkonce.r.*)
 *(.rela.rodata .rela.rodata.* .rela.gnu.linkonce.r.*)
 *(.rel.data .rel.data.* .rel.gnu.linkonce.d.*)
 *(.rela.data .rela.data.* .rela.gnu.linkonce.d.*)
 *(.rel.tdata .rel.tdata.* .rel.gnu.linkonce.td.*)
 *(.rela.tdata .rela.tdata.* .rela.gnu.linkonce.td.*)
 *(.rel.tbss .rel.tbss.* .rel.gnu.linkonce.tb.*)
 *(.rela.tbss .rela.tbss.* .rela.gnu.linkonce.tb.*)
 *(.rel.ctors)
 *(.rela.ctors)
 *(.rel.dtors)
 *(.rela.dtors)
 *(.rel.got)
 *(.rela.got)
 *(.rel.sdata .rel.sdata.* .rel.gnu.linkonce.s.*)
 *(.rela.sdata .rela.sdata.* .rela.gnu.linkonce.s.*)
 *(.rel.sbss .rel.sbss.* .rel.gnu.linkonce.sb.*)
 *(.rela.sbss .rela.sbss.* .rela.gnu.linkonce.sb.*)
 *(.rel.sdata2 .rel.sdata2.* .rel.gnu.linkonce.s2.*)
 *(.rela.sdata2 .rela.sdata2.* .rela.gnu.linkonce.s2.*)
 *(.rel.sbss2 .rel.sbss2.* .rel.gnu.linkonce.sb2.*)
 *(.rela.sbss2 .rela.sbss2.* .rela.gnu.linkonce.sb2.*)
 *(.rel.bss .rel.bss.* .rel.gnu.linkonce.b.*)
 *(.rela.bss .rela.bss.* .rela.gnu.linkonce.b.*)
 *(.rel.plt)
 *(.rela.plt)
 *(.rel.dyn)
 *(.init)
 *(.plt)
 *(.text .stub .text.* .gnu.linkonce.t.*)
 .text          0x0000000000008020       0x3c ../base_mtl_bsp//obj/HAL/src/crt0.o
                0x0000000000008020                _start
 .text          0x000000000000805c      0x270 obj/default/main.o
                0x000000000000805c                main
 .text          0x00000000000082cc       0x88 /home/cgaetan/.local/altera/15.0/nios2eds/bin/gnu/H-x86_64-pc-linux-gnu/bin/../lib/gcc/nios2-elf/4.9.1/../../../../../H-x86_64-pc-linux-gnu/nios2-elf/lib/mno-hw-mul/libsmallc.a(lib_a-printf.o)
                0x00000000000082cc                _printf_r
                0x0000000000008308                printf
 .text          0x0000000000008354       0x94 /home/cgaetan/.local/altera/15.0/nios2eds/bin/gnu/H-x86_64-pc-linux-gnu/bin/../lib/gcc/nios2-elf/4.9.1/../../../../../H-x86_64-pc-linux-gnu/nios2-elf/lib/mno-hw-mul/libsmallc.a(lib_a-puts.o)
                0x0000000000008354                _puts_r
                0x00000000000083d4                puts
 .text          0x00000000000083e8       0x1c /home/cgaetan/.local/altera/15.0/nios2eds/bin/gnu/H-x86_64-pc-linux-gnu/bin/../lib/gcc/nios2-elf/4.9.1/../../../../../H-x86_64-pc-linux-gnu/nios2-elf/lib/mno-hw-mul/libsmallc.a(lib_a-strlen.o)
                0x00000000000083e8                strlen
 .text          0x0000000000008404      0x5fc /home/cgaetan/.local/altera/15.0/nios2eds/bin/gnu/H-x86_64-pc-linux-gnu/bin/../lib/gcc/nios2-elf/4.9.1/../../../../../H-x86_64-pc-linux-gnu/nios2-elf/lib/mno-hw-mul/libsmallc.a(lib_a-vfprintf.o)
                0x0000000000008470                ___vfprintf_internal_r
                0x00000000000089dc                __vfprintf_internal
 .text          0x0000000000008a00       0xac /home/cgaetan/.local/altera/15.0/nios2eds/bin/gnu/H-x86_64-pc-linux-gnu/bin/../lib/gcc/nios2-elf/4.9.1/../../../../../H-x86_64-pc-linux-gnu/nios2-elf/lib/mno-hw-mul/libsmallc.a(lib_a-fvwrite_small_dev.o)
                0x0000000000008a00                __sfvwrite_small_dev
 .text          0x0000000000008aac        0x0 /home/cgaetan/.local/altera/15.0/nios2eds/bin/gnu/H-x86_64-pc-linux-gnu/bin/../lib/gcc/nios2-elf/4.9.1/../../../../../H-x86_64-pc-linux-gnu/nios2-elf/lib/mno-hw-mul/libsmallc.a(lib_a-impure.o)
 .text          0x0000000000008aac       0x58 /home/cgaetan/.local/altera/15.0/nios2eds/bin/gnu/H-x86_64-pc-linux-gnu/bin/../lib/gcc/nios2-elf/4.9.1/../../../../../H-x86_64-pc-linux-gnu/nios2-elf/lib/mno-hw-mul/libsmallc.a(lib_a-writer.o)
                0x0000000000008aac                _write_r
 .text          0x0000000000008b04        0x0 /home/cgaetan/.local/altera/15.0/nios2eds/bin/gnu/H-x86_64-pc-linux-gnu/bin/../lib/gcc/nios2-elf/4.9.1/../../../../../H-x86_64-pc-linux-gnu/nios2-elf/lib/mno-hw-mul/libsmallc.a(lib_a-int_errno.o)
 .text          0x0000000000008b04      0x12c /home/cgaetan/.local/altera/15.0/nios2eds/bin/gnu/H-x86_64-pc-linux-gnu/bin/../lib/gcc/nios2-elf/4.9.1/mno-hw-mul/libgcc.a(lib2-divmod.o)
                0x0000000000008b70                __divsi3
                0x0000000000008bc4                __modsi3
                0x0000000000008c20                __udivsi3
                0x0000000000008c28                __umodsi3
 .text          0x0000000000008c30       0x28 /home/cgaetan/.local/altera/15.0/nios2eds/bin/gnu/H-x86_64-pc-linux-gnu/bin/../lib/gcc/nios2-elf/4.9.1/mno-hw-mul/libgcc.a(lib2-mul.o)
                0x0000000000008c30                __mulsi3
 .text          0x0000000000008c58       0xe4 ../base_mtl_bsp//libhal_bsp.a(alt_load.o)
                0x0000000000008cbc                alt_load
 .text          0x0000000000008d3c       0x68 ../base_mtl_bsp//libhal_bsp.a(alt_main.o)
                0x0000000000008d3c                alt_main
 .text          0x0000000000008da4      0x150 ../base_mtl_bsp//libhal_bsp.a(alt_write.o)
                0x0000000000008df4                write
 .text          0x0000000000008ef4       0x9c ../base_mtl_bsp//libhal_bsp.a(alt_sys_init.o)
                0x0000000000008f2c                alt_irq_init
                0x0000000000008f60                alt_sys_init
 .text          0x0000000000008f90       0xc0 ../base_mtl_bsp//libhal_bsp.a(altera_avalon_jtag_uart_fd.o)
                0x0000000000008f90                altera_avalon_jtag_uart_read_fd
                0x0000000000008ff0                altera_avalon_jtag_uart_write_fd
 .text          0x0000000000009050       0xe4 ../base_mtl_bsp//libhal_bsp.a(altera_avalon_jtag_uart_read.o)
                0x0000000000009050                altera_avalon_jtag_uart_read
 .text          0x0000000000009134       0x94 ../base_mtl_bsp//libhal_bsp.a(altera_avalon_jtag_uart_write.o)
                0x0000000000009134                altera_avalon_jtag_uart_write
 .text          0x00000000000091c8      0x128 ../base_mtl_bsp//libhal_bsp.a(alt_close.o)
                0x0000000000009218                close
 .text          0x00000000000092f0       0x1c ../base_mtl_bsp//libhal_bsp.a(alt_dcache_flush_all.o)
                0x00000000000092f0                alt_dcache_flush_all
 .text          0x000000000000930c       0x2c ../base_mtl_bsp//libhal_bsp.a(alt_dev.o)
 .text          0x0000000000009338       0xf4 ../base_mtl_bsp//libhal_bsp.a(alt_dev_llist_insert.o)
                0x0000000000009388                alt_dev_llist_insert
 .text          0x000000000000942c        0x0 ../base_mtl_bsp//libhal_bsp.a(alt_errno.o)
 .text          0x000000000000942c       0x1c ../base_mtl_bsp//libhal_bsp.a(alt_icache_flush_all.o)
                0x000000000000942c                alt_icache_flush_all
 .text          0x0000000000009448      0x158 ../base_mtl_bsp//libhal_bsp.a(alt_io_redirect.o)
                0x0000000000009528                alt_io_redirect
 .text          0x00000000000095a0      0x2a4 ../base_mtl_bsp//libhal_bsp.a(alt_open.o)
                0x00000000000096e4                open
 .text          0x0000000000009844       0x80 ../base_mtl_bsp//libhal_bsp.a(alt_release_fd.o)
                0x0000000000009844                alt_release_fd
 .text          0x00000000000098c4       0x20 ../base_mtl_bsp//libhal_bsp.a(altera_nios2_gen2_irq.o)
                0x00000000000098c4                altera_nios2_gen2_irq_init
 .text          0x00000000000098e4       0x90 ../base_mtl_bsp//libhal_bsp.a(alt_find_dev.o)
                0x00000000000098e4                alt_find_dev
 .text          0x0000000000009974      0x114 ../base_mtl_bsp//libhal_bsp.a(alt_find_file.o)
                0x0000000000009974                alt_find_file
 .text          0x0000000000009a88       0xd4 ../base_mtl_bsp//libhal_bsp.a(alt_get_fd.o)
                0x0000000000009a88                alt_get_fd
 .text          0x0000000000009b5c       0x20 /home/cgaetan/.local/altera/15.0/nios2eds/bin/gnu/H-x86_64-pc-linux-gnu/bin/../lib/gcc/nios2-elf/4.9.1/../../../../../H-x86_64-pc-linux-gnu/nios2-elf/lib/mno-hw-mul/libsmallc.a(lib_a-exit.o)
                0x0000000000009b5c                exit
 .text          0x0000000000009b7c       0x30 /home/cgaetan/.local/altera/15.0/nios2eds/bin/gnu/H-x86_64-pc-linux-gnu/bin/../lib/gcc/nios2-elf/4.9.1/../../../../../H-x86_64-pc-linux-gnu/nios2-elf/lib/mno-hw-mul/libsmallc.a(lib_a-memcmp.o)
                0x0000000000009b7c                memcmp
 .text          0x0000000000009bac      0x19c /home/cgaetan/.local/altera/15.0/nios2eds/bin/gnu/H-x86_64-pc-linux-gnu/bin/../lib/gcc/nios2-elf/4.9.1/../../../../../H-x86_64-pc-linux-gnu/nios2-elf/lib/mno-hw-mul/libsmallc.a(lib_a-__call_atexit.o)
                0x0000000000009bac                __call_exitprocs
 .text          0x0000000000009d48       0x34 ../base_mtl_bsp//libhal_bsp.a(alt_exit.o)
                0x0000000000009d48                _exit
 *(.gnu.warning.*)
 *(.fini)
                0x0000000000009d7c                PROVIDE (__etext, ABSOLUTE (.))
                0x0000000000009d7c                PROVIDE (_etext, ABSOLUTE (.))
                0x0000000000009d7c                PROVIDE (etext, ABSOLUTE (.))
 *(.eh_frame_hdr)
                0x0000000000009d7c                . = ALIGN (0x4)
                0x0000000000009d7c                PROVIDE (__preinit_array_start, ABSOLUTE (.))
 *(.preinit_array)
                0x0000000000009d7c                PROVIDE (__preinit_array_end, ABSOLUTE (.))
                0x0000000000009d7c                PROVIDE (__init_array_start, ABSOLUTE (.))
 *(.init_array)
                0x0000000000009d7c                PROVIDE (__init_array_end, ABSOLUTE (.))
                0x0000000000009d7c                PROVIDE (__fini_array_start, ABSOLUTE (.))
 *(.fini_array)
                0x0000000000009d7c                PROVIDE (__fini_array_end, ABSOLUTE (.))
 *(.eh_frame)
 *(.gcc_except_table .gcc_except_table.*)
 *(.dynamic)
                0x0000000000009d7c                PROVIDE (__CTOR_LIST__, ABSOLUTE (.))
 *(.ctors)
 *(SORT(.ctors.*))
                0x0000000000009d7c                PROVIDE (__CTOR_END__, ABSOLUTE (.))
                0x0000000000009d7c                PROVIDE (__DTOR_LIST__, ABSOLUTE (.))
 *(.dtors)
 *(SORT(.dtors.*))
                0x0000000000009d7c                PROVIDE (__DTOR_END__, ABSOLUTE (.))
 *(.jcr)
                0x0000000000009d7c                . = ALIGN (0x4)

.rodata         0x0000000000009d7c       0xa8
                0x0000000000009d7c                PROVIDE (__ram_rodata_start, ABSOLUTE (.))
                0x0000000000009d7c                . = ALIGN (0x4)
 *(.rodata .rodata.* .gnu.linkonce.r.*)
 .rodata        0x0000000000009d7c       0x70 obj/default/main.o
 .rodata.str1.4
                0x0000000000009dec        0x4 /home/cgaetan/.local/altera/15.0/nios2eds/bin/gnu/H-x86_64-pc-linux-gnu/bin/../lib/gcc/nios2-elf/4.9.1/../../../../../H-x86_64-pc-linux-gnu/nios2-elf/lib/mno-hw-mul/libsmallc.a(lib_a-puts.o)
 .rodata        0x0000000000009df0       0x14 ../base_mtl_bsp//libhal_bsp.a(alt_main.o)
 .rodata        0x0000000000009e04       0x14 ../base_mtl_bsp//libhal_bsp.a(alt_sys_init.o)
 .rodata        0x0000000000009e18        0xc ../base_mtl_bsp//libhal_bsp.a(alt_dev.o)
 *(.rodata1)
                0x0000000000009e24                . = ALIGN (0x4)
                0x0000000000009e24                PROVIDE (__ram_rodata_end, ABSOLUTE (.))
                0x0000000000009d7c                PROVIDE (__flash_rodata_start, LOADADDR (.rodata))

.rwdata         0x0000000000009e24      0x2d4 load address 0x000000000000a0f8
                0x0000000000009e24                PROVIDE (__ram_rwdata_start, ABSOLUTE (.))
                0x0000000000009e24                . = ALIGN (0x4)
 *(.got.plt)
 *(.got)
 *(.data1)
 *(.data .data.* .gnu.linkonce.d.*)
 .data          0x0000000000009e24        0x0 ../base_mtl_bsp//obj/HAL/src/crt0.o
 .data          0x0000000000009e24        0x0 obj/default/main.o
 .data          0x0000000000009e24        0x0 /home/cgaetan/.local/altera/15.0/nios2eds/bin/gnu/H-x86_64-pc-linux-gnu/bin/../lib/gcc/nios2-elf/4.9.1/../../../../../H-x86_64-pc-linux-gnu/nios2-elf/lib/mno-hw-mul/libsmallc.a(lib_a-printf.o)
 .data          0x0000000000009e24        0x0 /home/cgaetan/.local/altera/15.0/nios2eds/bin/gnu/H-x86_64-pc-linux-gnu/bin/../lib/gcc/nios2-elf/4.9.1/../../../../../H-x86_64-pc-linux-gnu/nios2-elf/lib/mno-hw-mul/libsmallc.a(lib_a-puts.o)
 .data          0x0000000000009e24        0x0 /home/cgaetan/.local/altera/15.0/nios2eds/bin/gnu/H-x86_64-pc-linux-gnu/bin/../lib/gcc/nios2-elf/4.9.1/../../../../../H-x86_64-pc-linux-gnu/nios2-elf/lib/mno-hw-mul/libsmallc.a(lib_a-strlen.o)
 .data          0x0000000000009e24        0x0 /home/cgaetan/.local/altera/15.0/nios2eds/bin/gnu/H-x86_64-pc-linux-gnu/bin/../lib/gcc/nios2-elf/4.9.1/../../../../../H-x86_64-pc-linux-gnu/nios2-elf/lib/mno-hw-mul/libsmallc.a(lib_a-vfprintf.o)
 .data          0x0000000000009e24        0x0 /home/cgaetan/.local/altera/15.0/nios2eds/bin/gnu/H-x86_64-pc-linux-gnu/bin/../lib/gcc/nios2-elf/4.9.1/../../../../../H-x86_64-pc-linux-gnu/nios2-elf/lib/mno-hw-mul/libsmallc.a(lib_a-fvwrite_small_dev.o)
 .data          0x0000000000009e24       0xe0 /home/cgaetan/.local/altera/15.0/nios2eds/bin/gnu/H-x86_64-pc-linux-gnu/bin/../lib/gcc/nios2-elf/4.9.1/../../../../../H-x86_64-pc-linux-gnu/nios2-elf/lib/mno-hw-mul/libsmallc.a(lib_a-impure.o)
 .data          0x0000000000009f04        0x0 /home/cgaetan/.local/altera/15.0/nios2eds/bin/gnu/H-x86_64-pc-linux-gnu/bin/../lib/gcc/nios2-elf/4.9.1/../../../../../H-x86_64-pc-linux-gnu/nios2-elf/lib/mno-hw-mul/libsmallc.a(lib_a-writer.o)
 .data          0x0000000000009f04        0x0 /home/cgaetan/.local/altera/15.0/nios2eds/bin/gnu/H-x86_64-pc-linux-gnu/bin/../lib/gcc/nios2-elf/4.9.1/../../../../../H-x86_64-pc-linux-gnu/nios2-elf/lib/mno-hw-mul/libsmallc.a(lib_a-int_errno.o)
 .data          0x0000000000009f04        0x0 /home/cgaetan/.local/altera/15.0/nios2eds/bin/gnu/H-x86_64-pc-linux-gnu/bin/../lib/gcc/nios2-elf/4.9.1/mno-hw-mul/libgcc.a(lib2-divmod.o)
 .data          0x0000000000009f04        0x0 /home/cgaetan/.local/altera/15.0/nios2eds/bin/gnu/H-x86_64-pc-linux-gnu/bin/../lib/gcc/nios2-elf/4.9.1/mno-hw-mul/libgcc.a(lib2-mul.o)
 .data          0x0000000000009f04        0x0 ../base_mtl_bsp//libhal_bsp.a(alt_load.o)
 .data          0x0000000000009f04        0x0 ../base_mtl_bsp//libhal_bsp.a(alt_main.o)
 .data          0x0000000000009f04        0x0 ../base_mtl_bsp//libhal_bsp.a(alt_write.o)
 .data          0x0000000000009f04       0x2c ../base_mtl_bsp//libhal_bsp.a(alt_sys_init.o)
 .data          0x0000000000009f30        0x0 ../base_mtl_bsp//libhal_bsp.a(altera_avalon_jtag_uart_fd.o)
 .data          0x0000000000009f30        0x0 ../base_mtl_bsp//libhal_bsp.a(altera_avalon_jtag_uart_read.o)
 .data          0x0000000000009f30        0x0 ../base_mtl_bsp//libhal_bsp.a(altera_avalon_jtag_uart_write.o)
 .data          0x0000000000009f30        0x0 ../base_mtl_bsp//libhal_bsp.a(alt_close.o)
 .data          0x0000000000009f30        0x0 ../base_mtl_bsp//libhal_bsp.a(alt_dcache_flush_all.o)
 .data          0x0000000000009f30      0x1a8 ../base_mtl_bsp//libhal_bsp.a(alt_dev.o)
                0x0000000000009f30                alt_dev_null
                0x0000000000009f58                alt_fd_list
 .data          0x000000000000a0d8        0x0 ../base_mtl_bsp//libhal_bsp.a(alt_dev_llist_insert.o)
 .data          0x000000000000a0d8        0x0 ../base_mtl_bsp//libhal_bsp.a(alt_errno.o)
 .data          0x000000000000a0d8        0x0 ../base_mtl_bsp//libhal_bsp.a(alt_icache_flush_all.o)
 .data          0x000000000000a0d8        0x0 ../base_mtl_bsp//libhal_bsp.a(alt_io_redirect.o)
 .data          0x000000000000a0d8        0x0 ../base_mtl_bsp//libhal_bsp.a(alt_open.o)
 .data          0x000000000000a0d8        0x0 ../base_mtl_bsp//libhal_bsp.a(alt_release_fd.o)
 .data          0x000000000000a0d8        0x0 ../base_mtl_bsp//libhal_bsp.a(altera_nios2_gen2_irq.o)
 .data          0x000000000000a0d8        0x0 ../base_mtl_bsp//libhal_bsp.a(alt_find_dev.o)
 .data          0x000000000000a0d8        0x0 ../base_mtl_bsp//libhal_bsp.a(alt_find_file.o)
 .data          0x000000000000a0d8        0x0 ../base_mtl_bsp//libhal_bsp.a(alt_get_fd.o)
 .data          0x000000000000a0d8        0x0 /home/cgaetan/.local/altera/15.0/nios2eds/bin/gnu/H-x86_64-pc-linux-gnu/bin/../lib/gcc/nios2-elf/4.9.1/../../../../../H-x86_64-pc-linux-gnu/nios2-elf/lib/mno-hw-mul/libsmallc.a(lib_a-exit.o)
 .data          0x000000000000a0d8        0x0 /home/cgaetan/.local/altera/15.0/nios2eds/bin/gnu/H-x86_64-pc-linux-gnu/bin/../lib/gcc/nios2-elf/4.9.1/../../../../../H-x86_64-pc-linux-gnu/nios2-elf/lib/mno-hw-mul/libsmallc.a(lib_a-memcmp.o)
 .data          0x000000000000a0d8        0x0 /home/cgaetan/.local/altera/15.0/nios2eds/bin/gnu/H-x86_64-pc-linux-gnu/bin/../lib/gcc/nios2-elf/4.9.1/../../../../../H-x86_64-pc-linux-gnu/nios2-elf/lib/mno-hw-mul/libsmallc.a(lib_a-__call_atexit.o)
 .data          0x000000000000a0d8        0x0 ../base_mtl_bsp//libhal_bsp.a(alt_exit.o)
                0x00000000000120d8                _gp = ABSOLUTE ((. + 0x8000))
                0x00000000000120d8                PROVIDE (gp, _gp)
 *(.rwdata .rwdata.*)
 *(.sdata .sdata.* .gnu.linkonce.s.*)
 .sdata         0x000000000000a0d8        0x8 /home/cgaetan/.local/altera/15.0/nios2eds/bin/gnu/H-x86_64-pc-linux-gnu/bin/../lib/gcc/nios2-elf/4.9.1/../../../../../H-x86_64-pc-linux-gnu/nios2-elf/lib/mno-hw-mul/libsmallc.a(lib_a-impure.o)
                0x000000000000a0d8                _global_impure_ptr
                0x000000000000a0dc                _impure_ptr
 .sdata         0x000000000000a0e0       0x14 ../base_mtl_bsp//libhal_bsp.a(alt_dev.o)
                0x000000000000a0e0                alt_fs_list
                0x000000000000a0e8                alt_dev_list
                0x000000000000a0f0                alt_max_fd
 .sdata         0x000000000000a0f4        0x4 ../base_mtl_bsp//libhal_bsp.a(alt_errno.o)
                0x000000000000a0f4                alt_errno
 *(.sdata2 .sdata2.* .gnu.linkonce.s2.*)
                0x000000000000a0f8                . = ALIGN (0x4)
                0x000000000000a0f8                _edata = ABSOLUTE (.)
                0x000000000000a0f8                PROVIDE (edata, ABSOLUTE (.))
                0x000000000000a0f8                PROVIDE (__ram_rwdata_end, ABSOLUTE (.))
                0x000000000000a0f8                PROVIDE (__flash_rwdata_start, LOADADDR (.rwdata))

.bss            0x000000000000a3cc       0x10
                0x000000000000a3cc                __bss_start = ABSOLUTE (.)
                0x000000000000a3cc                PROVIDE (__sbss_start, ABSOLUTE (.))
                0x000000000000a3cc                PROVIDE (___sbss_start, ABSOLUTE (.))
 *(.dynsbss)
 *(.sbss .sbss.* .gnu.linkonce.sb.*)
 .sbss          0x000000000000a3cc        0x4 /home/cgaetan/.local/altera/15.0/nios2eds/bin/gnu/H-x86_64-pc-linux-gnu/bin/../lib/gcc/nios2-elf/4.9.1/../../../../../H-x86_64-pc-linux-gnu/nios2-elf/lib/mno-hw-mul/libsmallc.a(lib_a-int_errno.o)
                0x000000000000a3cc                errno
 .sbss          0x000000000000a3d0        0xc ../base_mtl_bsp//libhal_bsp.a(alt_main.o)
                0x000000000000a3d0                alt_argc
                0x000000000000a3d4                alt_argv
                0x000000000000a3d8                alt_envp
 *(.sbss2 .sbss2.* .gnu.linkonce.sb2.*)
 *(.scommon)
                0x000000000000a3dc                PROVIDE (__sbss_end, ABSOLUTE (.))
                0x000000000000a3dc                PROVIDE (___sbss_end, ABSOLUTE (.))
 *(.dynbss)
 *(.bss .bss.* .gnu.linkonce.b.*)
 .bss           0x000000000000a3dc        0x0 ../base_mtl_bsp//obj/HAL/src/crt0.o
 .bss           0x000000000000a3dc        0x0 obj/default/main.o
 .bss           0x000000000000a3dc        0x0 /home/cgaetan/.local/altera/15.0/nios2eds/bin/gnu/H-x86_64-pc-linux-gnu/bin/../lib/gcc/nios2-elf/4.9.1/../../../../../H-x86_64-pc-linux-gnu/nios2-elf/lib/mno-hw-mul/libsmallc.a(lib_a-printf.o)
 .bss           0x000000000000a3dc        0x0 /home/cgaetan/.local/altera/15.0/nios2eds/bin/gnu/H-x86_64-pc-linux-gnu/bin/../lib/gcc/nios2-elf/4.9.1/../../../../../H-x86_64-pc-linux-gnu/nios2-elf/lib/mno-hw-mul/libsmallc.a(lib_a-puts.o)
 .bss           0x000000000000a3dc        0x0 /home/cgaetan/.local/altera/15.0/nios2eds/bin/gnu/H-x86_64-pc-linux-gnu/bin/../lib/gcc/nios2-elf/4.9.1/../../../../../H-x86_64-pc-linux-gnu/nios2-elf/lib/mno-hw-mul/libsmallc.a(lib_a-strlen.o)
 .bss           0x000000000000a3dc        0x0 /home/cgaetan/.local/altera/15.0/nios2eds/bin/gnu/H-x86_64-pc-linux-gnu/bin/../lib/gcc/nios2-elf/4.9.1/../../../../../H-x86_64-pc-linux-gnu/nios2-elf/lib/mno-hw-mul/libsmallc.a(lib_a-vfprintf.o)
 .bss           0x000000000000a3dc        0x0 /home/cgaetan/.local/altera/15.0/nios2eds/bin/gnu/H-x86_64-pc-linux-gnu/bin/../lib/gcc/nios2-elf/4.9.1/../../../../../H-x86_64-pc-linux-gnu/nios2-elf/lib/mno-hw-mul/libsmallc.a(lib_a-fvwrite_small_dev.o)
 .bss           0x000000000000a3dc        0x0 /home/cgaetan/.local/altera/15.0/nios2eds/bin/gnu/H-x86_64-pc-linux-gnu/bin/../lib/gcc/nios2-elf/4.9.1/../../../../../H-x86_64-pc-linux-gnu/nios2-elf/lib/mno-hw-mul/libsmallc.a(lib_a-impure.o)
 .bss           0x000000000000a3dc        0x0 /home/cgaetan/.local/altera/15.0/nios2eds/bin/gnu/H-x86_64-pc-linux-gnu/bin/../lib/gcc/nios2-elf/4.9.1/../../../../../H-x86_64-pc-linux-gnu/nios2-elf/lib/mno-hw-mul/libsmallc.a(lib_a-writer.o)
 .bss           0x000000000000a3dc        0x0 /home/cgaetan/.local/altera/15.0/nios2eds/bin/gnu/H-x86_64-pc-linux-gnu/bin/../lib/gcc/nios2-elf/4.9.1/../../../../../H-x86_64-pc-linux-gnu/nios2-elf/lib/mno-hw-mul/libsmallc.a(lib_a-int_errno.o)
 .bss           0x000000000000a3dc        0x0 /home/cgaetan/.local/altera/15.0/nios2eds/bin/gnu/H-x86_64-pc-linux-gnu/bin/../lib/gcc/nios2-elf/4.9.1/mno-hw-mul/libgcc.a(lib2-divmod.o)
 .bss           0x000000000000a3dc        0x0 /home/cgaetan/.local/altera/15.0/nios2eds/bin/gnu/H-x86_64-pc-linux-gnu/bin/../lib/gcc/nios2-elf/4.9.1/mno-hw-mul/libgcc.a(lib2-mul.o)
 .bss           0x000000000000a3dc        0x0 ../base_mtl_bsp//libhal_bsp.a(alt_load.o)
 .bss           0x000000000000a3dc        0x0 ../base_mtl_bsp//libhal_bsp.a(alt_main.o)
 .bss           0x000000000000a3dc        0x0 ../base_mtl_bsp//libhal_bsp.a(alt_write.o)
 .bss           0x000000000000a3dc        0x0 ../base_mtl_bsp//libhal_bsp.a(alt_sys_init.o)
 .bss           0x000000000000a3dc        0x0 ../base_mtl_bsp//libhal_bsp.a(altera_avalon_jtag_uart_fd.o)
 .bss           0x000000000000a3dc        0x0 ../base_mtl_bsp//libhal_bsp.a(altera_avalon_jtag_uart_read.o)
 .bss           0x000000000000a3dc        0x0 ../base_mtl_bsp//libhal_bsp.a(altera_avalon_jtag_uart_write.o)
 .bss           0x000000000000a3dc        0x0 ../base_mtl_bsp//libhal_bsp.a(alt_close.o)
 .bss           0x000000000000a3dc        0x0 ../base_mtl_bsp//libhal_bsp.a(alt_dcache_flush_all.o)
 .bss           0x000000000000a3dc        0x0 ../base_mtl_bsp//libhal_bsp.a(alt_dev.o)
 .bss           0x000000000000a3dc        0x0 ../base_mtl_bsp//libhal_bsp.a(alt_dev_llist_insert.o)
 .bss           0x000000000000a3dc        0x0 ../base_mtl_bsp//libhal_bsp.a(alt_errno.o)
 .bss           0x000000000000a3dc        0x0 ../base_mtl_bsp//libhal_bsp.a(alt_icache_flush_all.o)
 .bss           0x000000000000a3dc        0x0 ../base_mtl_bsp//libhal_bsp.a(alt_io_redirect.o)
 .bss           0x000000000000a3dc        0x0 ../base_mtl_bsp//libhal_bsp.a(alt_open.o)
 .bss           0x000000000000a3dc        0x0 ../base_mtl_bsp//libhal_bsp.a(alt_release_fd.o)
 .bss           0x000000000000a3dc        0x0 ../base_mtl_bsp//libhal_bsp.a(altera_nios2_gen2_irq.o)
 .bss           0x000000000000a3dc        0x0 ../base_mtl_bsp//libhal_bsp.a(alt_find_dev.o)
 .bss           0x000000000000a3dc        0x0 ../base_mtl_bsp//libhal_bsp.a(alt_find_file.o)
 .bss           0x000000000000a3dc        0x0 ../base_mtl_bsp//libhal_bsp.a(alt_get_fd.o)
 .bss           0x000000000000a3dc        0x0 /home/cgaetan/.local/altera/15.0/nios2eds/bin/gnu/H-x86_64-pc-linux-gnu/bin/../lib/gcc/nios2-elf/4.9.1/../../../../../H-x86_64-pc-linux-gnu/nios2-elf/lib/mno-hw-mul/libsmallc.a(lib_a-exit.o)
 .bss           0x000000000000a3dc        0x0 /home/cgaetan/.local/altera/15.0/nios2eds/bin/gnu/H-x86_64-pc-linux-gnu/bin/../lib/gcc/nios2-elf/4.9.1/../../../../../H-x86_64-pc-linux-gnu/nios2-elf/lib/mno-hw-mul/libsmallc.a(lib_a-memcmp.o)
 .bss           0x000000000000a3dc        0x0 /home/cgaetan/.local/altera/15.0/nios2eds/bin/gnu/H-x86_64-pc-linux-gnu/bin/../lib/gcc/nios2-elf/4.9.1/../../../../../H-x86_64-pc-linux-gnu/nios2-elf/lib/mno-hw-mul/libsmallc.a(lib_a-__call_atexit.o)
 .bss           0x000000000000a3dc        0x0 ../base_mtl_bsp//libhal_bsp.a(alt_exit.o)
 *(COMMON)
                0x000000000000a3dc                . = ALIGN (0x4)
                0x000000000000a3dc                __bss_end = ABSOLUTE (.)

.onchip_mem     0x000000000000a3dc        0x0
                0x000000000000a3dc                PROVIDE (_alt_partition_onchip_mem_start, ABSOLUTE (.))
 *(.onchip_mem .onchip_mem. onchip_mem.*)
                0x000000000000a3dc                . = ALIGN (0x4)
                0x000000000000a3dc                PROVIDE (_alt_partition_onchip_mem_end, ABSOLUTE (.))
                0x000000000000a3dc                _end = ABSOLUTE (.)
                0x000000000000a3dc                end = ABSOLUTE (.)
                0x000000000000a3dc                __alt_stack_base = ABSOLUTE (.)
                0x000000000000a3dc                PROVIDE (_alt_partition_onchip_mem_load_addr, LOADADDR (.onchip_mem))

.stab
 *(.stab)

.stabstr
 *(.stabstr)

.stab.excl
 *(.stab.excl)

.stab.exclstr
 *(.stab.exclstr)

.stab.index
 *(.stab.index)

.stab.indexstr
 *(.stab.indexstr)

.comment        0x0000000000000000       0x23
 *(.comment)
 .comment       0x0000000000000000       0x23 obj/default/main.o
                                         0x24 (size before relaxing)
 .comment       0x0000000000000000       0x24 /home/cgaetan/.local/altera/15.0/nios2eds/bin/gnu/H-x86_64-pc-linux-gnu/bin/../lib/gcc/nios2-elf/4.9.1/../../../../../H-x86_64-pc-linux-gnu/nios2-elf/lib/mno-hw-mul/libsmallc.a(lib_a-printf.o)
 .comment       0x0000000000000000       0x24 /home/cgaetan/.local/altera/15.0/nios2eds/bin/gnu/H-x86_64-pc-linux-gnu/bin/../lib/gcc/nios2-elf/4.9.1/../../../../../H-x86_64-pc-linux-gnu/nios2-elf/lib/mno-hw-mul/libsmallc.a(lib_a-puts.o)
 .comment       0x0000000000000000       0x24 /home/cgaetan/.local/altera/15.0/nios2eds/bin/gnu/H-x86_64-pc-linux-gnu/bin/../lib/gcc/nios2-elf/4.9.1/../../../../../H-x86_64-pc-linux-gnu/nios2-elf/lib/mno-hw-mul/libsmallc.a(lib_a-strlen.o)
 .comment       0x0000000000000000       0x24 /home/cgaetan/.local/altera/15.0/nios2eds/bin/gnu/H-x86_64-pc-linux-gnu/bin/../lib/gcc/nios2-elf/4.9.1/../../../../../H-x86_64-pc-linux-gnu/nios2-elf/lib/mno-hw-mul/libsmallc.a(lib_a-vfprintf.o)
 .comment       0x0000000000000000       0x24 /home/cgaetan/.local/altera/15.0/nios2eds/bin/gnu/H-x86_64-pc-linux-gnu/bin/../lib/gcc/nios2-elf/4.9.1/../../../../../H-x86_64-pc-linux-gnu/nios2-elf/lib/mno-hw-mul/libsmallc.a(lib_a-fvwrite_small_dev.o)
 .comment       0x0000000000000000       0x24 /home/cgaetan/.local/altera/15.0/nios2eds/bin/gnu/H-x86_64-pc-linux-gnu/bin/../lib/gcc/nios2-elf/4.9.1/../../../../../H-x86_64-pc-linux-gnu/nios2-elf/lib/mno-hw-mul/libsmallc.a(lib_a-impure.o)
 .comment       0x0000000000000000       0x24 /home/cgaetan/.local/altera/15.0/nios2eds/bin/gnu/H-x86_64-pc-linux-gnu/bin/../lib/gcc/nios2-elf/4.9.1/../../../../../H-x86_64-pc-linux-gnu/nios2-elf/lib/mno-hw-mul/libsmallc.a(lib_a-writer.o)
 .comment       0x0000000000000000       0x24 /home/cgaetan/.local/altera/15.0/nios2eds/bin/gnu/H-x86_64-pc-linux-gnu/bin/../lib/gcc/nios2-elf/4.9.1/../../../../../H-x86_64-pc-linux-gnu/nios2-elf/lib/mno-hw-mul/libsmallc.a(lib_a-int_errno.o)
 .comment       0x0000000000000000       0x24 /home/cgaetan/.local/altera/15.0/nios2eds/bin/gnu/H-x86_64-pc-linux-gnu/bin/../lib/gcc/nios2-elf/4.9.1/mno-hw-mul/libgcc.a(lib2-divmod.o)
 .comment       0x0000000000000000       0x24 /home/cgaetan/.local/altera/15.0/nios2eds/bin/gnu/H-x86_64-pc-linux-gnu/bin/../lib/gcc/nios2-elf/4.9.1/mno-hw-mul/libgcc.a(lib2-mul.o)
 .comment       0x0000000000000000       0x24 ../base_mtl_bsp//libhal_bsp.a(alt_load.o)
 .comment       0x0000000000000000       0x24 ../base_mtl_bsp//libhal_bsp.a(alt_main.o)
 .comment       0x0000000000000000       0x24 ../base_mtl_bsp//libhal_bsp.a(alt_write.o)
 .comment       0x0000000000000000       0x24 ../base_mtl_bsp//libhal_bsp.a(alt_sys_init.o)
 .comment       0x0000000000000000       0x24 ../base_mtl_bsp//libhal_bsp.a(altera_avalon_jtag_uart_fd.o)
 .comment       0x0000000000000000       0x24 ../base_mtl_bsp//libhal_bsp.a(altera_avalon_jtag_uart_read.o)
 .comment       0x0000000000000000       0x24 ../base_mtl_bsp//libhal_bsp.a(altera_avalon_jtag_uart_write.o)
 .comment       0x0000000000000000       0x24 ../base_mtl_bsp//libhal_bsp.a(alt_close.o)
 .comment       0x0000000000000000       0x24 ../base_mtl_bsp//libhal_bsp.a(alt_dcache_flush_all.o)
 .comment       0x0000000000000000       0x24 ../base_mtl_bsp//libhal_bsp.a(alt_dev.o)
 .comment       0x0000000000000000       0x24 ../base_mtl_bsp//libhal_bsp.a(alt_dev_llist_insert.o)
 .comment       0x0000000000000000       0x24 ../base_mtl_bsp//libhal_bsp.a(alt_errno.o)
 .comment       0x0000000000000000       0x24 ../base_mtl_bsp//libhal_bsp.a(alt_icache_flush_all.o)
 .comment       0x0000000000000000       0x24 ../base_mtl_bsp//libhal_bsp.a(alt_io_redirect.o)
 .comment       0x0000000000000000       0x24 ../base_mtl_bsp//libhal_bsp.a(alt_open.o)
 .comment       0x0000000000000000       0x24 ../base_mtl_bsp//libhal_bsp.a(alt_release_fd.o)
 .comment       0x0000000000000000       0x24 ../base_mtl_bsp//libhal_bsp.a(altera_nios2_gen2_irq.o)
 .comment       0x0000000000000000       0x24 ../base_mtl_bsp//libhal_bsp.a(alt_find_dev.o)
 .comment       0x0000000000000000       0x24 ../base_mtl_bsp//libhal_bsp.a(alt_find_file.o)
 .comment       0x0000000000000000       0x24 ../base_mtl_bsp//libhal_bsp.a(alt_get_fd.o)
 .comment       0x0000000000000000       0x24 /home/cgaetan/.local/altera/15.0/nios2eds/bin/gnu/H-x86_64-pc-linux-gnu/bin/../lib/gcc/nios2-elf/4.9.1/../../../../../H-x86_64-pc-linux-gnu/nios2-elf/lib/mno-hw-mul/libsmallc.a(lib_a-exit.o)
 .comment       0x0000000000000000       0x24 /home/cgaetan/.local/altera/15.0/nios2eds/bin/gnu/H-x86_64-pc-linux-gnu/bin/../lib/gcc/nios2-elf/4.9.1/../../../../../H-x86_64-pc-linux-gnu/nios2-elf/lib/mno-hw-mul/libsmallc.a(lib_a-memcmp.o)
 .comment       0x0000000000000000       0x24 /home/cgaetan/.local/altera/15.0/nios2eds/bin/gnu/H-x86_64-pc-linux-gnu/bin/../lib/gcc/nios2-elf/4.9.1/../../../../../H-x86_64-pc-linux-gnu/nios2-elf/lib/mno-hw-mul/libsmallc.a(lib_a-__call_atexit.o)
 .comment       0x0000000000000000       0x24 ../base_mtl_bsp//libhal_bsp.a(alt_exit.o)

.debug
 *(.debug)

.line
 *(.line)

.debug_srcinfo
 *(.debug_srcinfo)

.debug_sfnames
 *(.debug_sfnames)

.debug_aranges  0x0000000000000000      0x470
 *(.debug_aranges)
 .debug_aranges
                0x0000000000000000       0x28 ../base_mtl_bsp//obj/HAL/src/crt0.o
 .debug_aranges
                0x0000000000000028       0x20 obj/default/main.o
 .debug_aranges
                0x0000000000000048       0x20 /home/cgaetan/.local/altera/15.0/nios2eds/bin/gnu/H-x86_64-pc-linux-gnu/bin/../lib/gcc/nios2-elf/4.9.1/../../../../../H-x86_64-pc-linux-gnu/nios2-elf/lib/mno-hw-mul/libsmallc.a(lib_a-printf.o)
 .debug_aranges
                0x0000000000000068       0x20 /home/cgaetan/.local/altera/15.0/nios2eds/bin/gnu/H-x86_64-pc-linux-gnu/bin/../lib/gcc/nios2-elf/4.9.1/../../../../../H-x86_64-pc-linux-gnu/nios2-elf/lib/mno-hw-mul/libsmallc.a(lib_a-puts.o)
 .debug_aranges
                0x0000000000000088       0x20 /home/cgaetan/.local/altera/15.0/nios2eds/bin/gnu/H-x86_64-pc-linux-gnu/bin/../lib/gcc/nios2-elf/4.9.1/../../../../../H-x86_64-pc-linux-gnu/nios2-elf/lib/mno-hw-mul/libsmallc.a(lib_a-strlen.o)
 .debug_aranges
                0x00000000000000a8       0x20 /home/cgaetan/.local/altera/15.0/nios2eds/bin/gnu/H-x86_64-pc-linux-gnu/bin/../lib/gcc/nios2-elf/4.9.1/../../../../../H-x86_64-pc-linux-gnu/nios2-elf/lib/mno-hw-mul/libsmallc.a(lib_a-vfprintf.o)
 .debug_aranges
                0x00000000000000c8       0x20 /home/cgaetan/.local/altera/15.0/nios2eds/bin/gnu/H-x86_64-pc-linux-gnu/bin/../lib/gcc/nios2-elf/4.9.1/../../../../../H-x86_64-pc-linux-gnu/nios2-elf/lib/mno-hw-mul/libsmallc.a(lib_a-fvwrite_small_dev.o)
 .debug_aranges
                0x00000000000000e8       0x18 /home/cgaetan/.local/altera/15.0/nios2eds/bin/gnu/H-x86_64-pc-linux-gnu/bin/../lib/gcc/nios2-elf/4.9.1/../../../../../H-x86_64-pc-linux-gnu/nios2-elf/lib/mno-hw-mul/libsmallc.a(lib_a-impure.o)
 .debug_aranges
                0x0000000000000100       0x20 /home/cgaetan/.local/altera/15.0/nios2eds/bin/gnu/H-x86_64-pc-linux-gnu/bin/../lib/gcc/nios2-elf/4.9.1/../../../../../H-x86_64-pc-linux-gnu/nios2-elf/lib/mno-hw-mul/libsmallc.a(lib_a-writer.o)
 .debug_aranges
                0x0000000000000120       0x18 /home/cgaetan/.local/altera/15.0/nios2eds/bin/gnu/H-x86_64-pc-linux-gnu/bin/../lib/gcc/nios2-elf/4.9.1/../../../../../H-x86_64-pc-linux-gnu/nios2-elf/lib/mno-hw-mul/libsmallc.a(lib_a-int_errno.o)
 .debug_aranges
                0x0000000000000138       0x20 /home/cgaetan/.local/altera/15.0/nios2eds/bin/gnu/H-x86_64-pc-linux-gnu/bin/../lib/gcc/nios2-elf/4.9.1/mno-hw-mul/libgcc.a(lib2-divmod.o)
 .debug_aranges
                0x0000000000000158       0x20 /home/cgaetan/.local/altera/15.0/nios2eds/bin/gnu/H-x86_64-pc-linux-gnu/bin/../lib/gcc/nios2-elf/4.9.1/mno-hw-mul/libgcc.a(lib2-mul.o)
 .debug_aranges
                0x0000000000000178       0x20 ../base_mtl_bsp//libhal_bsp.a(alt_load.o)
 .debug_aranges
                0x0000000000000198       0x20 ../base_mtl_bsp//libhal_bsp.a(alt_main.o)
 .debug_aranges
                0x00000000000001b8       0x20 ../base_mtl_bsp//libhal_bsp.a(alt_write.o)
 .debug_aranges
                0x00000000000001d8       0x20 ../base_mtl_bsp//libhal_bsp.a(alt_sys_init.o)
 .debug_aranges
                0x00000000000001f8       0x20 ../base_mtl_bsp//libhal_bsp.a(altera_avalon_jtag_uart_fd.o)
 .debug_aranges
                0x0000000000000218       0x20 ../base_mtl_bsp//libhal_bsp.a(altera_avalon_jtag_uart_read.o)
 .debug_aranges
                0x0000000000000238       0x20 ../base_mtl_bsp//libhal_bsp.a(altera_avalon_jtag_uart_write.o)
 .debug_aranges
                0x0000000000000258       0x20 ../base_mtl_bsp//libhal_bsp.a(alt_close.o)
 .debug_aranges
                0x0000000000000278       0x20 ../base_mtl_bsp//libhal_bsp.a(alt_dcache_flush_all.o)
 .debug_aranges
                0x0000000000000298       0x20 ../base_mtl_bsp//libhal_bsp.a(alt_dev.o)
 .debug_aranges
                0x00000000000002b8       0x20 ../base_mtl_bsp//libhal_bsp.a(alt_dev_llist_insert.o)
 .debug_aranges
                0x00000000000002d8       0x18 ../base_mtl_bsp//libhal_bsp.a(alt_errno.o)
 .debug_aranges
                0x00000000000002f0       0x20 ../base_mtl_bsp//libhal_bsp.a(alt_icache_flush_all.o)
 .debug_aranges
                0x0000000000000310       0x20 ../base_mtl_bsp//libhal_bsp.a(alt_io_redirect.o)
 .debug_aranges
                0x0000000000000330       0x20 ../base_mtl_bsp//libhal_bsp.a(alt_open.o)
 .debug_aranges
                0x0000000000000350       0x20 ../base_mtl_bsp//libhal_bsp.a(alt_release_fd.o)
 .debug_aranges
                0x0000000000000370       0x20 ../base_mtl_bsp//libhal_bsp.a(altera_nios2_gen2_irq.o)
 .debug_aranges
                0x0000000000000390       0x20 ../base_mtl_bsp//libhal_bsp.a(alt_find_dev.o)
 .debug_aranges
                0x00000000000003b0       0x20 ../base_mtl_bsp//libhal_bsp.a(alt_find_file.o)
 .debug_aranges
                0x00000000000003d0       0x20 ../base_mtl_bsp//libhal_bsp.a(alt_get_fd.o)
 .debug_aranges
                0x00000000000003f0       0x20 /home/cgaetan/.local/altera/15.0/nios2eds/bin/gnu/H-x86_64-pc-linux-gnu/bin/../lib/gcc/nios2-elf/4.9.1/../../../../../H-x86_64-pc-linux-gnu/nios2-elf/lib/mno-hw-mul/libsmallc.a(lib_a-exit.o)
 .debug_aranges
                0x0000000000000410       0x20 /home/cgaetan/.local/altera/15.0/nios2eds/bin/gnu/H-x86_64-pc-linux-gnu/bin/../lib/gcc/nios2-elf/4.9.1/../../../../../H-x86_64-pc-linux-gnu/nios2-elf/lib/mno-hw-mul/libsmallc.a(lib_a-memcmp.o)
 .debug_aranges
                0x0000000000000430       0x20 /home/cgaetan/.local/altera/15.0/nios2eds/bin/gnu/H-x86_64-pc-linux-gnu/bin/../lib/gcc/nios2-elf/4.9.1/../../../../../H-x86_64-pc-linux-gnu/nios2-elf/lib/mno-hw-mul/libsmallc.a(lib_a-__call_atexit.o)
 .debug_aranges
                0x0000000000000450       0x20 ../base_mtl_bsp//libhal_bsp.a(alt_exit.o)

.debug_pubnames
 *(.debug_pubnames)

.debug_info     0x0000000000000000     0x6aee
 *(.debug_info .gnu.linkonce.wi.*)
 .debug_info    0x0000000000000000       0x86 ../base_mtl_bsp//obj/HAL/src/crt0.o
 .debug_info    0x0000000000000086      0x12a obj/default/main.o
 .debug_info    0x00000000000001b0      0x6c7 /home/cgaetan/.local/altera/15.0/nios2eds/bin/gnu/H-x86_64-pc-linux-gnu/bin/../lib/gcc/nios2-elf/4.9.1/../../../../../H-x86_64-pc-linux-gnu/nios2-elf/lib/mno-hw-mul/libsmallc.a(lib_a-printf.o)
 .debug_info    0x0000000000000877      0x685 /home/cgaetan/.local/altera/15.0/nios2eds/bin/gnu/H-x86_64-pc-linux-gnu/bin/../lib/gcc/nios2-elf/4.9.1/../../../../../H-x86_64-pc-linux-gnu/nios2-elf/lib/mno-hw-mul/libsmallc.a(lib_a-puts.o)
 .debug_info    0x0000000000000efc       0xc2 /home/cgaetan/.local/altera/15.0/nios2eds/bin/gnu/H-x86_64-pc-linux-gnu/bin/../lib/gcc/nios2-elf/4.9.1/../../../../../H-x86_64-pc-linux-gnu/nios2-elf/lib/mno-hw-mul/libsmallc.a(lib_a-strlen.o)
 .debug_info    0x0000000000000fbe      0xb49 /home/cgaetan/.local/altera/15.0/nios2eds/bin/gnu/H-x86_64-pc-linux-gnu/bin/../lib/gcc/nios2-elf/4.9.1/../../../../../H-x86_64-pc-linux-gnu/nios2-elf/lib/mno-hw-mul/libsmallc.a(lib_a-vfprintf.o)
 .debug_info    0x0000000000001b07      0x656 /home/cgaetan/.local/altera/15.0/nios2eds/bin/gnu/H-x86_64-pc-linux-gnu/bin/../lib/gcc/nios2-elf/4.9.1/../../../../../H-x86_64-pc-linux-gnu/nios2-elf/lib/mno-hw-mul/libsmallc.a(lib_a-fvwrite_small_dev.o)
 .debug_info    0x000000000000215d      0x5a7 /home/cgaetan/.local/altera/15.0/nios2eds/bin/gnu/H-x86_64-pc-linux-gnu/bin/../lib/gcc/nios2-elf/4.9.1/../../../../../H-x86_64-pc-linux-gnu/nios2-elf/lib/mno-hw-mul/libsmallc.a(lib_a-impure.o)
 .debug_info    0x0000000000002704      0x639 /home/cgaetan/.local/altera/15.0/nios2eds/bin/gnu/H-x86_64-pc-linux-gnu/bin/../lib/gcc/nios2-elf/4.9.1/../../../../../H-x86_64-pc-linux-gnu/nios2-elf/lib/mno-hw-mul/libsmallc.a(lib_a-writer.o)
 .debug_info    0x0000000000002d3d       0x83 /home/cgaetan/.local/altera/15.0/nios2eds/bin/gnu/H-x86_64-pc-linux-gnu/bin/../lib/gcc/nios2-elf/4.9.1/../../../../../H-x86_64-pc-linux-gnu/nios2-elf/lib/mno-hw-mul/libsmallc.a(lib_a-int_errno.o)
 .debug_info    0x0000000000002dc0      0x234 /home/cgaetan/.local/altera/15.0/nios2eds/bin/gnu/H-x86_64-pc-linux-gnu/bin/../lib/gcc/nios2-elf/4.9.1/mno-hw-mul/libgcc.a(lib2-divmod.o)
 .debug_info    0x0000000000002ff4       0xb4 /home/cgaetan/.local/altera/15.0/nios2eds/bin/gnu/H-x86_64-pc-linux-gnu/bin/../lib/gcc/nios2-elf/4.9.1/mno-hw-mul/libgcc.a(lib2-mul.o)
 .debug_info    0x00000000000030a8      0x13e ../base_mtl_bsp//libhal_bsp.a(alt_load.o)
 .debug_info    0x00000000000031e6      0x12a ../base_mtl_bsp//libhal_bsp.a(alt_main.o)
 .debug_info    0x0000000000003310      0x4b0 ../base_mtl_bsp//libhal_bsp.a(alt_write.o)
 .debug_info    0x00000000000037c0      0x3c2 ../base_mtl_bsp//libhal_bsp.a(alt_sys_init.o)
 .debug_info    0x0000000000003b82      0x3a0 ../base_mtl_bsp//libhal_bsp.a(altera_avalon_jtag_uart_fd.o)
 .debug_info    0x0000000000003f22      0x1af ../base_mtl_bsp//libhal_bsp.a(altera_avalon_jtag_uart_read.o)
 .debug_info    0x00000000000040d1      0x18e ../base_mtl_bsp//libhal_bsp.a(altera_avalon_jtag_uart_write.o)
 .debug_info    0x000000000000425f      0x31a ../base_mtl_bsp//libhal_bsp.a(alt_close.o)
 .debug_info    0x0000000000004579       0x8b ../base_mtl_bsp//libhal_bsp.a(alt_dcache_flush_all.o)
 .debug_info    0x0000000000004604      0x495 ../base_mtl_bsp//libhal_bsp.a(alt_dev.o)
 .debug_info    0x0000000000004a99      0x1a2 ../base_mtl_bsp//libhal_bsp.a(alt_dev_llist_insert.o)
 .debug_info    0x0000000000004c3b       0x9f ../base_mtl_bsp//libhal_bsp.a(alt_errno.o)
 .debug_info    0x0000000000004cda       0x8b ../base_mtl_bsp//libhal_bsp.a(alt_icache_flush_all.o)
 .debug_info    0x0000000000004d65      0x49e ../base_mtl_bsp//libhal_bsp.a(alt_io_redirect.o)
 .debug_info    0x0000000000005203      0x3b4 ../base_mtl_bsp//libhal_bsp.a(alt_open.o)
 .debug_info    0x00000000000055b7      0x2b0 ../base_mtl_bsp//libhal_bsp.a(alt_release_fd.o)
 .debug_info    0x0000000000005867       0x8b ../base_mtl_bsp//libhal_bsp.a(altera_nios2_gen2_irq.o)
 .debug_info    0x00000000000058f2      0x2e2 ../base_mtl_bsp//libhal_bsp.a(alt_find_dev.o)
 .debug_info    0x0000000000005bd4      0x2df ../base_mtl_bsp//libhal_bsp.a(alt_find_file.o)
 .debug_info    0x0000000000005eb3      0x309 ../base_mtl_bsp//libhal_bsp.a(alt_get_fd.o)
 .debug_info    0x00000000000061bc       0xed /home/cgaetan/.local/altera/15.0/nios2eds/bin/gnu/H-x86_64-pc-linux-gnu/bin/../lib/gcc/nios2-elf/4.9.1/../../../../../H-x86_64-pc-linux-gnu/nios2-elf/lib/mno-hw-mul/libsmallc.a(lib_a-exit.o)
 .debug_info    0x00000000000062a9       0xed /home/cgaetan/.local/altera/15.0/nios2eds/bin/gnu/H-x86_64-pc-linux-gnu/bin/../lib/gcc/nios2-elf/4.9.1/../../../../../H-x86_64-pc-linux-gnu/nios2-elf/lib/mno-hw-mul/libsmallc.a(lib_a-memcmp.o)
 .debug_info    0x0000000000006396      0x673 /home/cgaetan/.local/altera/15.0/nios2eds/bin/gnu/H-x86_64-pc-linux-gnu/bin/../lib/gcc/nios2-elf/4.9.1/../../../../../H-x86_64-pc-linux-gnu/nios2-elf/lib/mno-hw-mul/libsmallc.a(lib_a-__call_atexit.o)
 .debug_info    0x0000000000006a09       0xe5 ../base_mtl_bsp//libhal_bsp.a(alt_exit.o)

.debug_abbrev   0x0000000000000000     0x2265
 *(.debug_abbrev)
 .debug_abbrev  0x0000000000000000       0x12 ../base_mtl_bsp//obj/HAL/src/crt0.o
 .debug_abbrev  0x0000000000000012       0x84 obj/default/main.o
 .debug_abbrev  0x0000000000000096      0x1fe /home/cgaetan/.local/altera/15.0/nios2eds/bin/gnu/H-x86_64-pc-linux-gnu/bin/../lib/gcc/nios2-elf/4.9.1/../../../../../H-x86_64-pc-linux-gnu/nios2-elf/lib/mno-hw-mul/libsmallc.a(lib_a-printf.o)
 .debug_abbrev  0x0000000000000294      0x1ed /home/cgaetan/.local/altera/15.0/nios2eds/bin/gnu/H-x86_64-pc-linux-gnu/bin/../lib/gcc/nios2-elf/4.9.1/../../../../../H-x86_64-pc-linux-gnu/nios2-elf/lib/mno-hw-mul/libsmallc.a(lib_a-puts.o)
 .debug_abbrev  0x0000000000000481       0x7f /home/cgaetan/.local/altera/15.0/nios2eds/bin/gnu/H-x86_64-pc-linux-gnu/bin/../lib/gcc/nios2-elf/4.9.1/../../../../../H-x86_64-pc-linux-gnu/nios2-elf/lib/mno-hw-mul/libsmallc.a(lib_a-strlen.o)
 .debug_abbrev  0x0000000000000500      0x2a1 /home/cgaetan/.local/altera/15.0/nios2eds/bin/gnu/H-x86_64-pc-linux-gnu/bin/../lib/gcc/nios2-elf/4.9.1/../../../../../H-x86_64-pc-linux-gnu/nios2-elf/lib/mno-hw-mul/libsmallc.a(lib_a-vfprintf.o)
 .debug_abbrev  0x00000000000007a1      0x1c3 /home/cgaetan/.local/altera/15.0/nios2eds/bin/gnu/H-x86_64-pc-linux-gnu/bin/../lib/gcc/nios2-elf/4.9.1/../../../../../H-x86_64-pc-linux-gnu/nios2-elf/lib/mno-hw-mul/libsmallc.a(lib_a-fvwrite_small_dev.o)
 .debug_abbrev  0x0000000000000964      0x14a /home/cgaetan/.local/altera/15.0/nios2eds/bin/gnu/H-x86_64-pc-linux-gnu/bin/../lib/gcc/nios2-elf/4.9.1/../../../../../H-x86_64-pc-linux-gnu/nios2-elf/lib/mno-hw-mul/libsmallc.a(lib_a-impure.o)
 .debug_abbrev  0x0000000000000aae      0x1a8 /home/cgaetan/.local/altera/15.0/nios2eds/bin/gnu/H-x86_64-pc-linux-gnu/bin/../lib/gcc/nios2-elf/4.9.1/../../../../../H-x86_64-pc-linux-gnu/nios2-elf/lib/mno-hw-mul/libsmallc.a(lib_a-writer.o)
 .debug_abbrev  0x0000000000000c56       0x37 /home/cgaetan/.local/altera/15.0/nios2eds/bin/gnu/H-x86_64-pc-linux-gnu/bin/../lib/gcc/nios2-elf/4.9.1/../../../../../H-x86_64-pc-linux-gnu/nios2-elf/lib/mno-hw-mul/libsmallc.a(lib_a-int_errno.o)
 .debug_abbrev  0x0000000000000c8d       0xd9 /home/cgaetan/.local/altera/15.0/nios2eds/bin/gnu/H-x86_64-pc-linux-gnu/bin/../lib/gcc/nios2-elf/4.9.1/mno-hw-mul/libgcc.a(lib2-divmod.o)
 .debug_abbrev  0x0000000000000d66       0x6f /home/cgaetan/.local/altera/15.0/nios2eds/bin/gnu/H-x86_64-pc-linux-gnu/bin/../lib/gcc/nios2-elf/4.9.1/mno-hw-mul/libgcc.a(lib2-mul.o)
 .debug_abbrev  0x0000000000000dd5       0x9f ../base_mtl_bsp//libhal_bsp.a(alt_load.o)
 .debug_abbrev  0x0000000000000e74       0xba ../base_mtl_bsp//libhal_bsp.a(alt_main.o)
 .debug_abbrev  0x0000000000000f2e      0x133 ../base_mtl_bsp//libhal_bsp.a(alt_write.o)
 .debug_abbrev  0x0000000000001061      0x157 ../base_mtl_bsp//libhal_bsp.a(alt_sys_init.o)
 .debug_abbrev  0x00000000000011b8       0xf7 ../base_mtl_bsp//libhal_bsp.a(altera_avalon_jtag_uart_fd.o)
 .debug_abbrev  0x00000000000012af       0xd7 ../base_mtl_bsp//libhal_bsp.a(altera_avalon_jtag_uart_read.o)
 .debug_abbrev  0x0000000000001386       0xd5 ../base_mtl_bsp//libhal_bsp.a(altera_avalon_jtag_uart_write.o)
 .debug_abbrev  0x000000000000145b      0x11f ../base_mtl_bsp//libhal_bsp.a(alt_close.o)
 .debug_abbrev  0x000000000000157a       0x42 ../base_mtl_bsp//libhal_bsp.a(alt_dcache_flush_all.o)
 .debug_abbrev  0x00000000000015bc       0xd9 ../base_mtl_bsp//libhal_bsp.a(alt_dev.o)
 .debug_abbrev  0x0000000000001695      0x114 ../base_mtl_bsp//libhal_bsp.a(alt_dev_llist_insert.o)
 .debug_abbrev  0x00000000000017a9       0x5a ../base_mtl_bsp//libhal_bsp.a(alt_errno.o)
 .debug_abbrev  0x0000000000001803       0x42 ../base_mtl_bsp//libhal_bsp.a(alt_icache_flush_all.o)
 .debug_abbrev  0x0000000000001845      0x114 ../base_mtl_bsp//libhal_bsp.a(alt_io_redirect.o)
 .debug_abbrev  0x0000000000001959      0x148 ../base_mtl_bsp//libhal_bsp.a(alt_open.o)
 .debug_abbrev  0x0000000000001aa1       0xde ../base_mtl_bsp//libhal_bsp.a(alt_release_fd.o)
 .debug_abbrev  0x0000000000001b7f       0x42 ../base_mtl_bsp//libhal_bsp.a(altera_nios2_gen2_irq.o)
 .debug_abbrev  0x0000000000001bc1       0xf0 ../base_mtl_bsp//libhal_bsp.a(alt_find_dev.o)
 .debug_abbrev  0x0000000000001cb1       0xf0 ../base_mtl_bsp//libhal_bsp.a(alt_find_file.o)
 .debug_abbrev  0x0000000000001da1      0x10d ../base_mtl_bsp//libhal_bsp.a(alt_get_fd.o)
 .debug_abbrev  0x0000000000001eae       0xa9 /home/cgaetan/.local/altera/15.0/nios2eds/bin/gnu/H-x86_64-pc-linux-gnu/bin/../lib/gcc/nios2-elf/4.9.1/../../../../../H-x86_64-pc-linux-gnu/nios2-elf/lib/mno-hw-mul/libsmallc.a(lib_a-exit.o)
 .debug_abbrev  0x0000000000001f57       0x7f /home/cgaetan/.local/altera/15.0/nios2eds/bin/gnu/H-x86_64-pc-linux-gnu/bin/../lib/gcc/nios2-elf/4.9.1/../../../../../H-x86_64-pc-linux-gnu/nios2-elf/lib/mno-hw-mul/libsmallc.a(lib_a-memcmp.o)
 .debug_abbrev  0x0000000000001fd6      0x1e9 /home/cgaetan/.local/altera/15.0/nios2eds/bin/gnu/H-x86_64-pc-linux-gnu/bin/../lib/gcc/nios2-elf/4.9.1/../../../../../H-x86_64-pc-linux-gnu/nios2-elf/lib/mno-hw-mul/libsmallc.a(lib_a-__call_atexit.o)
 .debug_abbrev  0x00000000000021bf       0xa6 ../base_mtl_bsp//libhal_bsp.a(alt_exit.o)

.debug_line     0x0000000000000000     0x2747
 *(.debug_line)
 .debug_line    0x0000000000000000       0x66 ../base_mtl_bsp//obj/HAL/src/crt0.o
 .debug_line    0x0000000000000066       0x7a obj/default/main.o
 .debug_line    0x00000000000000e0      0x1fd /home/cgaetan/.local/altera/15.0/nios2eds/bin/gnu/H-x86_64-pc-linux-gnu/bin/../lib/gcc/nios2-elf/4.9.1/../../../../../H-x86_64-pc-linux-gnu/nios2-elf/lib/mno-hw-mul/libsmallc.a(lib_a-printf.o)
 .debug_line    0x00000000000002dd      0x1ff /home/cgaetan/.local/altera/15.0/nios2eds/bin/gnu/H-x86_64-pc-linux-gnu/bin/../lib/gcc/nios2-elf/4.9.1/../../../../../H-x86_64-pc-linux-gnu/nios2-elf/lib/mno-hw-mul/libsmallc.a(lib_a-puts.o)
 .debug_line    0x00000000000004dc      0x15e /home/cgaetan/.local/altera/15.0/nios2eds/bin/gnu/H-x86_64-pc-linux-gnu/bin/../lib/gcc/nios2-elf/4.9.1/../../../../../H-x86_64-pc-linux-gnu/nios2-elf/lib/mno-hw-mul/libsmallc.a(lib_a-strlen.o)
 .debug_line    0x000000000000063a      0x34d /home/cgaetan/.local/altera/15.0/nios2eds/bin/gnu/H-x86_64-pc-linux-gnu/bin/../lib/gcc/nios2-elf/4.9.1/../../../../../H-x86_64-pc-linux-gnu/nios2-elf/lib/mno-hw-mul/libsmallc.a(lib_a-vfprintf.o)
 .debug_line    0x0000000000000987      0x1f5 /home/cgaetan/.local/altera/15.0/nios2eds/bin/gnu/H-x86_64-pc-linux-gnu/bin/../lib/gcc/nios2-elf/4.9.1/../../../../../H-x86_64-pc-linux-gnu/nios2-elf/lib/mno-hw-mul/libsmallc.a(lib_a-fvwrite_small_dev.o)
 .debug_line    0x0000000000000b7c      0x158 /home/cgaetan/.local/altera/15.0/nios2eds/bin/gnu/H-x86_64-pc-linux-gnu/bin/../lib/gcc/nios2-elf/4.9.1/../../../../../H-x86_64-pc-linux-gnu/nios2-elf/lib/mno-hw-mul/libsmallc.a(lib_a-impure.o)
 .debug_line    0x0000000000000cd4      0x1f0 /home/cgaetan/.local/altera/15.0/nios2eds/bin/gnu/H-x86_64-pc-linux-gnu/bin/../lib/gcc/nios2-elf/4.9.1/../../../../../H-x86_64-pc-linux-gnu/nios2-elf/lib/mno-hw-mul/libsmallc.a(lib_a-writer.o)
 .debug_line    0x0000000000000ec4       0x60 /home/cgaetan/.local/altera/15.0/nios2eds/bin/gnu/H-x86_64-pc-linux-gnu/bin/../lib/gcc/nios2-elf/4.9.1/../../../../../H-x86_64-pc-linux-gnu/nios2-elf/lib/mno-hw-mul/libsmallc.a(lib_a-int_errno.o)
 .debug_line    0x0000000000000f24       0xc7 /home/cgaetan/.local/altera/15.0/nios2eds/bin/gnu/H-x86_64-pc-linux-gnu/bin/../lib/gcc/nios2-elf/4.9.1/mno-hw-mul/libgcc.a(lib2-divmod.o)
 .debug_line    0x0000000000000feb       0x80 /home/cgaetan/.local/altera/15.0/nios2eds/bin/gnu/H-x86_64-pc-linux-gnu/bin/../lib/gcc/nios2-elf/4.9.1/mno-hw-mul/libgcc.a(lib2-mul.o)
 .debug_line    0x000000000000106b       0x8d ../base_mtl_bsp//libhal_bsp.a(alt_load.o)
 .debug_line    0x00000000000010f8       0x9e ../base_mtl_bsp//libhal_bsp.a(alt_main.o)
 .debug_line    0x0000000000001196      0x1fa ../base_mtl_bsp//libhal_bsp.a(alt_write.o)
 .debug_line    0x0000000000001390      0x126 ../base_mtl_bsp//libhal_bsp.a(alt_sys_init.o)
 .debug_line    0x00000000000014b6      0x112 ../base_mtl_bsp//libhal_bsp.a(altera_avalon_jtag_uart_fd.o)
 .debug_line    0x00000000000015c8       0xff ../base_mtl_bsp//libhal_bsp.a(altera_avalon_jtag_uart_read.o)
 .debug_line    0x00000000000016c7       0xf4 ../base_mtl_bsp//libhal_bsp.a(altera_avalon_jtag_uart_write.o)
 .debug_line    0x00000000000017bb      0x175 ../base_mtl_bsp//libhal_bsp.a(alt_close.o)
 .debug_line    0x0000000000001930       0x51 ../base_mtl_bsp//libhal_bsp.a(alt_dcache_flush_all.o)
 .debug_line    0x0000000000001981      0x107 ../base_mtl_bsp//libhal_bsp.a(alt_dev.o)
 .debug_line    0x0000000000001a88       0xd0 ../base_mtl_bsp//libhal_bsp.a(alt_dev_llist_insert.o)
 .debug_line    0x0000000000001b58       0x51 ../base_mtl_bsp//libhal_bsp.a(alt_errno.o)
 .debug_line    0x0000000000001ba9       0x4f ../base_mtl_bsp//libhal_bsp.a(alt_icache_flush_all.o)
 .debug_line    0x0000000000001bf8      0x144 ../base_mtl_bsp//libhal_bsp.a(alt_io_redirect.o)
 .debug_line    0x0000000000001d3c      0x12d ../base_mtl_bsp//libhal_bsp.a(alt_open.o)
 .debug_line    0x0000000000001e69       0xb0 ../base_mtl_bsp//libhal_bsp.a(alt_release_fd.o)
 .debug_line    0x0000000000001f19       0x51 ../base_mtl_bsp//libhal_bsp.a(altera_nios2_gen2_irq.o)
 .debug_line    0x0000000000001f6a       0xb5 ../base_mtl_bsp//libhal_bsp.a(alt_find_dev.o)
 .debug_line    0x000000000000201f       0xd1 ../base_mtl_bsp//libhal_bsp.a(alt_find_file.o)
 .debug_line    0x00000000000020f0       0xd8 ../base_mtl_bsp//libhal_bsp.a(alt_get_fd.o)
 .debug_line    0x00000000000021c8      0x15a /home/cgaetan/.local/altera/15.0/nios2eds/bin/gnu/H-x86_64-pc-linux-gnu/bin/../lib/gcc/nios2-elf/4.9.1/../../../../../H-x86_64-pc-linux-gnu/nios2-elf/lib/mno-hw-mul/libsmallc.a(lib_a-exit.o)
 .debug_line    0x0000000000002322      0x162 /home/cgaetan/.local/altera/15.0/nios2eds/bin/gnu/H-x86_64-pc-linux-gnu/bin/../lib/gcc/nios2-elf/4.9.1/../../../../../H-x86_64-pc-linux-gnu/nios2-elf/lib/mno-hw-mul/libsmallc.a(lib_a-memcmp.o)
 .debug_line    0x0000000000002484      0x252 /home/cgaetan/.local/altera/15.0/nios2eds/bin/gnu/H-x86_64-pc-linux-gnu/bin/../lib/gcc/nios2-elf/4.9.1/../../../../../H-x86_64-pc-linux-gnu/nios2-elf/lib/mno-hw-mul/libsmallc.a(lib_a-__call_atexit.o)
 .debug_line    0x00000000000026d6       0x71 ../base_mtl_bsp//libhal_bsp.a(alt_exit.o)

.debug_frame    0x0000000000000000      0x8f4
 *(.debug_frame)
 .debug_frame   0x0000000000000000       0x2c obj/default/main.o
 .debug_frame   0x000000000000002c       0x48 /home/cgaetan/.local/altera/15.0/nios2eds/bin/gnu/H-x86_64-pc-linux-gnu/bin/../lib/gcc/nios2-elf/4.9.1/../../../../../H-x86_64-pc-linux-gnu/nios2-elf/lib/mno-hw-mul/libsmallc.a(lib_a-printf.o)
 .debug_frame   0x0000000000000074       0x48 /home/cgaetan/.local/altera/15.0/nios2eds/bin/gnu/H-x86_64-pc-linux-gnu/bin/../lib/gcc/nios2-elf/4.9.1/../../../../../H-x86_64-pc-linux-gnu/nios2-elf/lib/mno-hw-mul/libsmallc.a(lib_a-puts.o)
 .debug_frame   0x00000000000000bc       0x20 /home/cgaetan/.local/altera/15.0/nios2eds/bin/gnu/H-x86_64-pc-linux-gnu/bin/../lib/gcc/nios2-elf/4.9.1/../../../../../H-x86_64-pc-linux-gnu/nios2-elf/lib/mno-hw-mul/libsmallc.a(lib_a-strlen.o)
 .debug_frame   0x00000000000000dc       0x8c /home/cgaetan/.local/altera/15.0/nios2eds/bin/gnu/H-x86_64-pc-linux-gnu/bin/../lib/gcc/nios2-elf/4.9.1/../../../../../H-x86_64-pc-linux-gnu/nios2-elf/lib/mno-hw-mul/libsmallc.a(lib_a-vfprintf.o)
 .debug_frame   0x0000000000000168       0x40 /home/cgaetan/.local/altera/15.0/nios2eds/bin/gnu/H-x86_64-pc-linux-gnu/bin/../lib/gcc/nios2-elf/4.9.1/../../../../../H-x86_64-pc-linux-gnu/nios2-elf/lib/mno-hw-mul/libsmallc.a(lib_a-fvwrite_small_dev.o)
 .debug_frame   0x00000000000001a8       0x38 /home/cgaetan/.local/altera/15.0/nios2eds/bin/gnu/H-x86_64-pc-linux-gnu/bin/../lib/gcc/nios2-elf/4.9.1/../../../../../H-x86_64-pc-linux-gnu/nios2-elf/lib/mno-hw-mul/libsmallc.a(lib_a-writer.o)
 .debug_frame   0x00000000000001e0       0x8c /home/cgaetan/.local/altera/15.0/nios2eds/bin/gnu/H-x86_64-pc-linux-gnu/bin/../lib/gcc/nios2-elf/4.9.1/mno-hw-mul/libgcc.a(lib2-divmod.o)
 .debug_frame   0x000000000000026c       0x20 /home/cgaetan/.local/altera/15.0/nios2eds/bin/gnu/H-x86_64-pc-linux-gnu/bin/../lib/gcc/nios2-elf/4.9.1/mno-hw-mul/libgcc.a(lib2-mul.o)
 .debug_frame   0x000000000000028c       0x5c ../base_mtl_bsp//libhal_bsp.a(alt_load.o)
 .debug_frame   0x00000000000002e8       0x2c ../base_mtl_bsp//libhal_bsp.a(alt_main.o)
 .debug_frame   0x0000000000000314       0x60 ../base_mtl_bsp//libhal_bsp.a(alt_write.o)
 .debug_frame   0x0000000000000374       0x88 ../base_mtl_bsp//libhal_bsp.a(alt_sys_init.o)
 .debug_frame   0x00000000000003fc       0x60 ../base_mtl_bsp//libhal_bsp.a(altera_avalon_jtag_uart_fd.o)
 .debug_frame   0x000000000000045c       0x34 ../base_mtl_bsp//libhal_bsp.a(altera_avalon_jtag_uart_read.o)
 .debug_frame   0x0000000000000490       0x34 ../base_mtl_bsp//libhal_bsp.a(altera_avalon_jtag_uart_write.o)
 .debug_frame   0x00000000000004c4       0x60 ../base_mtl_bsp//libhal_bsp.a(alt_close.o)
 .debug_frame   0x0000000000000524       0x34 ../base_mtl_bsp//libhal_bsp.a(alt_dcache_flush_all.o)
 .debug_frame   0x0000000000000558       0x34 ../base_mtl_bsp//libhal_bsp.a(alt_dev.o)
 .debug_frame   0x000000000000058c       0x60 ../base_mtl_bsp//libhal_bsp.a(alt_dev_llist_insert.o)
 .debug_frame   0x00000000000005ec       0x34 ../base_mtl_bsp//libhal_bsp.a(alt_icache_flush_all.o)
 .debug_frame   0x0000000000000620       0x64 ../base_mtl_bsp//libhal_bsp.a(alt_io_redirect.o)
 .debug_frame   0x0000000000000684       0x8c ../base_mtl_bsp//libhal_bsp.a(alt_open.o)
 .debug_frame   0x0000000000000710       0x3c ../base_mtl_bsp//libhal_bsp.a(alt_release_fd.o)
 .debug_frame   0x000000000000074c       0x34 ../base_mtl_bsp//libhal_bsp.a(altera_nios2_gen2_irq.o)
 .debug_frame   0x0000000000000780       0x38 ../base_mtl_bsp//libhal_bsp.a(alt_find_dev.o)
 .debug_frame   0x00000000000007b8       0x38 ../base_mtl_bsp//libhal_bsp.a(alt_find_file.o)
 .debug_frame   0x00000000000007f0       0x3c ../base_mtl_bsp//libhal_bsp.a(alt_get_fd.o)
 .debug_frame   0x000000000000082c       0x28 /home/cgaetan/.local/altera/15.0/nios2eds/bin/gnu/H-x86_64-pc-linux-gnu/bin/../lib/gcc/nios2-elf/4.9.1/../../../../../H-x86_64-pc-linux-gnu/nios2-elf/lib/mno-hw-mul/libsmallc.a(lib_a-exit.o)
 .debug_frame   0x0000000000000854       0x20 /home/cgaetan/.local/altera/15.0/nios2eds/bin/gnu/H-x86_64-pc-linux-gnu/bin/../lib/gcc/nios2-elf/4.9.1/../../../../../H-x86_64-pc-linux-gnu/nios2-elf/lib/mno-hw-mul/libsmallc.a(lib_a-memcmp.o)
 .debug_frame   0x0000000000000874       0x54 /home/cgaetan/.local/altera/15.0/nios2eds/bin/gnu/H-x86_64-pc-linux-gnu/bin/../lib/gcc/nios2-elf/4.9.1/../../../../../H-x86_64-pc-linux-gnu/nios2-elf/lib/mno-hw-mul/libsmallc.a(lib_a-__call_atexit.o)
 .debug_frame   0x00000000000008c8       0x2c ../base_mtl_bsp//libhal_bsp.a(alt_exit.o)

.debug_str      0x0000000000000000     0x1556
 *(.debug_str)
 .debug_str     0x0000000000000000      0x13b obj/default/main.o
                                        0x180 (size before relaxing)
 .debug_str     0x000000000000013b      0x402 /home/cgaetan/.local/altera/15.0/nios2eds/bin/gnu/H-x86_64-pc-linux-gnu/bin/../lib/gcc/nios2-elf/4.9.1/../../../../../H-x86_64-pc-linux-gnu/nios2-elf/lib/mno-hw-mul/libsmallc.a(lib_a-printf.o)
                                        0x4ce (size before relaxing)
 .debug_str     0x000000000000053d       0x64 /home/cgaetan/.local/altera/15.0/nios2eds/bin/gnu/H-x86_64-pc-linux-gnu/bin/../lib/gcc/nios2-elf/4.9.1/../../../../../H-x86_64-pc-linux-gnu/nios2-elf/lib/mno-hw-mul/libsmallc.a(lib_a-puts.o)
                                        0x492 (size before relaxing)
 .debug_str     0x00000000000005a1       0xd4 /home/cgaetan/.local/altera/15.0/nios2eds/bin/gnu/H-x86_64-pc-linux-gnu/bin/../lib/gcc/nios2-elf/4.9.1/../../../../../H-x86_64-pc-linux-gnu/nios2-elf/lib/mno-hw-mul/libsmallc.a(lib_a-strlen.o)
                                        0x1aa (size before relaxing)
 .debug_str     0x0000000000000675      0x1d4 /home/cgaetan/.local/altera/15.0/nios2eds/bin/gnu/H-x86_64-pc-linux-gnu/bin/../lib/gcc/nios2-elf/4.9.1/../../../../../H-x86_64-pc-linux-gnu/nios2-elf/lib/mno-hw-mul/libsmallc.a(lib_a-vfprintf.o)
                                        0x65c (size before relaxing)
 .debug_str     0x0000000000000849       0x6d /home/cgaetan/.local/altera/15.0/nios2eds/bin/gnu/H-x86_64-pc-linux-gnu/bin/../lib/gcc/nios2-elf/4.9.1/../../../../../H-x86_64-pc-linux-gnu/nios2-elf/lib/mno-hw-mul/libsmallc.a(lib_a-fvwrite_small_dev.o)
                                        0x4a9 (size before relaxing)
 .debug_str     0x00000000000008b6       0xf1 /home/cgaetan/.local/altera/15.0/nios2eds/bin/gnu/H-x86_64-pc-linux-gnu/bin/../lib/gcc/nios2-elf/4.9.1/../../../../../H-x86_64-pc-linux-gnu/nios2-elf/lib/mno-hw-mul/libsmallc.a(lib_a-impure.o)
                                        0x483 (size before relaxing)
 .debug_str     0x00000000000009a7       0x3d /home/cgaetan/.local/altera/15.0/nios2eds/bin/gnu/H-x86_64-pc-linux-gnu/bin/../lib/gcc/nios2-elf/4.9.1/../../../../../H-x86_64-pc-linux-gnu/nios2-elf/lib/mno-hw-mul/libsmallc.a(lib_a-writer.o)
                                        0x47d (size before relaxing)
 .debug_str     0x00000000000009e4       0x40 /home/cgaetan/.local/altera/15.0/nios2eds/bin/gnu/H-x86_64-pc-linux-gnu/bin/../lib/gcc/nios2-elf/4.9.1/../../../../../H-x86_64-pc-linux-gnu/nios2-elf/lib/mno-hw-mul/libsmallc.a(lib_a-int_errno.o)
                                        0x19d (size before relaxing)
 .debug_str     0x0000000000000a24      0x186 /home/cgaetan/.local/altera/15.0/nios2eds/bin/gnu/H-x86_64-pc-linux-gnu/bin/../lib/gcc/nios2-elf/4.9.1/mno-hw-mul/libgcc.a(lib2-divmod.o)
                                        0x1d1 (size before relaxing)
 .debug_str     0x0000000000000baa       0x40 /home/cgaetan/.local/altera/15.0/nios2eds/bin/gnu/H-x86_64-pc-linux-gnu/bin/../lib/gcc/nios2-elf/4.9.1/mno-hw-mul/libgcc.a(lib2-mul.o)
                                        0x192 (size before relaxing)
 .debug_str     0x0000000000000bea      0x143 ../base_mtl_bsp//libhal_bsp.a(alt_load.o)
                                        0x20d (size before relaxing)
 .debug_str     0x0000000000000d2d       0x70 ../base_mtl_bsp//libhal_bsp.a(alt_main.o)
                                        0x198 (size before relaxing)
 .debug_str     0x0000000000000d9d      0x166 ../base_mtl_bsp//libhal_bsp.a(alt_write.o)
                                        0x2f3 (size before relaxing)
 .debug_str     0x0000000000000f03      0x105 ../base_mtl_bsp//libhal_bsp.a(alt_sys_init.o)
                                        0x2cf (size before relaxing)
 .debug_str     0x0000000000001008       0x77 ../base_mtl_bsp//libhal_bsp.a(altera_avalon_jtag_uart_fd.o)
                                        0x2d0 (size before relaxing)
 .debug_str     0x000000000000107f       0x48 ../base_mtl_bsp//libhal_bsp.a(altera_avalon_jtag_uart_read.o)
                                        0x21a (size before relaxing)
 .debug_str     0x00000000000010c7       0x4a ../base_mtl_bsp//libhal_bsp.a(altera_avalon_jtag_uart_write.o)
                                        0x210 (size before relaxing)
 .debug_str     0x0000000000001111       0x1b ../base_mtl_bsp//libhal_bsp.a(alt_close.o)
                                        0x206 (size before relaxing)
 .debug_str     0x000000000000112c       0x34 ../base_mtl_bsp//libhal_bsp.a(alt_dcache_flush_all.o)
                                        0x150 (size before relaxing)
 .debug_str     0x0000000000001160       0x50 ../base_mtl_bsp//libhal_bsp.a(alt_dev.o)
                                        0x300 (size before relaxing)
 .debug_str     0x00000000000011b0       0x4b ../base_mtl_bsp//libhal_bsp.a(alt_dev_llist_insert.o)
                                        0x1c7 (size before relaxing)
 .debug_str     0x00000000000011fb       0x14 ../base_mtl_bsp//libhal_bsp.a(alt_errno.o)
                                        0x140 (size before relaxing)
 .debug_str     0x000000000000120f       0x34 ../base_mtl_bsp//libhal_bsp.a(alt_icache_flush_all.o)
                                        0x150 (size before relaxing)
 .debug_str     0x0000000000001243       0x56 ../base_mtl_bsp//libhal_bsp.a(alt_io_redirect.o)
                                        0x311 (size before relaxing)
 .debug_str     0x0000000000001299       0x36 ../base_mtl_bsp//libhal_bsp.a(alt_open.o)
                                        0x246 (size before relaxing)
 .debug_str     0x00000000000012cf       0x28 ../base_mtl_bsp//libhal_bsp.a(alt_release_fd.o)
                                        0x1da (size before relaxing)
 .debug_str     0x00000000000012f7       0x3b ../base_mtl_bsp//libhal_bsp.a(altera_nios2_gen2_irq.o)
                                        0x157 (size before relaxing)
 .debug_str     0x0000000000001332       0x24 ../base_mtl_bsp//libhal_bsp.a(alt_find_dev.o)
                                        0x1e7 (size before relaxing)
 .debug_str     0x0000000000001356       0x26 ../base_mtl_bsp//libhal_bsp.a(alt_find_file.o)
                                        0x1f5 (size before relaxing)
 .debug_str     0x000000000000137c       0x30 ../base_mtl_bsp//libhal_bsp.a(alt_get_fd.o)
                                        0x217 (size before relaxing)
 .debug_str     0x00000000000013ac       0xe3 /home/cgaetan/.local/altera/15.0/nios2eds/bin/gnu/H-x86_64-pc-linux-gnu/bin/../lib/gcc/nios2-elf/4.9.1/../../../../../H-x86_64-pc-linux-gnu/nios2-elf/lib/mno-hw-mul/libsmallc.a(lib_a-exit.o)
                                        0x1b5 (size before relaxing)
 .debug_str     0x000000000000148f       0x45 /home/cgaetan/.local/altera/15.0/nios2eds/bin/gnu/H-x86_64-pc-linux-gnu/bin/../lib/gcc/nios2-elf/4.9.1/../../../../../H-x86_64-pc-linux-gnu/nios2-elf/lib/mno-hw-mul/libsmallc.a(lib_a-memcmp.o)
                                        0x1a4 (size before relaxing)
 .debug_str     0x00000000000014d4       0x58 /home/cgaetan/.local/altera/15.0/nios2eds/bin/gnu/H-x86_64-pc-linux-gnu/bin/../lib/gcc/nios2-elf/4.9.1/../../../../../H-x86_64-pc-linux-gnu/nios2-elf/lib/mno-hw-mul/libsmallc.a(lib_a-__call_atexit.o)
                                        0x4a2 (size before relaxing)
 .debug_str     0x000000000000152c       0x2a ../base_mtl_bsp//libhal_bsp.a(alt_exit.o)
                                        0x14c (size before relaxing)

.debug_loc      0x0000000000000000     0x11ce
 *(.debug_loc)
 .debug_loc     0x0000000000000000       0xc6 /home/cgaetan/.local/altera/15.0/nios2eds/bin/gnu/H-x86_64-pc-linux-gnu/bin/../lib/gcc/nios2-elf/4.9.1/../../../../../H-x86_64-pc-linux-gnu/nios2-elf/lib/mno-hw-mul/libsmallc.a(lib_a-printf.o)
 .debug_loc     0x00000000000000c6       0x97 /home/cgaetan/.local/altera/15.0/nios2eds/bin/gnu/H-x86_64-pc-linux-gnu/bin/../lib/gcc/nios2-elf/4.9.1/../../../../../H-x86_64-pc-linux-gnu/nios2-elf/lib/mno-hw-mul/libsmallc.a(lib_a-puts.o)
 .debug_loc     0x000000000000015d       0x1e /home/cgaetan/.local/altera/15.0/nios2eds/bin/gnu/H-x86_64-pc-linux-gnu/bin/../lib/gcc/nios2-elf/4.9.1/../../../../../H-x86_64-pc-linux-gnu/nios2-elf/lib/mno-hw-mul/libsmallc.a(lib_a-strlen.o)
 .debug_loc     0x000000000000017b      0xa34 /home/cgaetan/.local/altera/15.0/nios2eds/bin/gnu/H-x86_64-pc-linux-gnu/bin/../lib/gcc/nios2-elf/4.9.1/../../../../../H-x86_64-pc-linux-gnu/nios2-elf/lib/mno-hw-mul/libsmallc.a(lib_a-vfprintf.o)
 .debug_loc     0x0000000000000baf       0xbd /home/cgaetan/.local/altera/15.0/nios2eds/bin/gnu/H-x86_64-pc-linux-gnu/bin/../lib/gcc/nios2-elf/4.9.1/../../../../../H-x86_64-pc-linux-gnu/nios2-elf/lib/mno-hw-mul/libsmallc.a(lib_a-fvwrite_small_dev.o)
 .debug_loc     0x0000000000000c6c       0xa5 /home/cgaetan/.local/altera/15.0/nios2eds/bin/gnu/H-x86_64-pc-linux-gnu/bin/../lib/gcc/nios2-elf/4.9.1/../../../../../H-x86_64-pc-linux-gnu/nios2-elf/lib/mno-hw-mul/libsmallc.a(lib_a-writer.o)
 .debug_loc     0x0000000000000d11      0x273 /home/cgaetan/.local/altera/15.0/nios2eds/bin/gnu/H-x86_64-pc-linux-gnu/bin/../lib/gcc/nios2-elf/4.9.1/mno-hw-mul/libgcc.a(lib2-divmod.o)
 .debug_loc     0x0000000000000f84       0x93 /home/cgaetan/.local/altera/15.0/nios2eds/bin/gnu/H-x86_64-pc-linux-gnu/bin/../lib/gcc/nios2-elf/4.9.1/mno-hw-mul/libgcc.a(lib2-mul.o)
 .debug_loc     0x0000000000001017       0x1e /home/cgaetan/.local/altera/15.0/nios2eds/bin/gnu/H-x86_64-pc-linux-gnu/bin/../lib/gcc/nios2-elf/4.9.1/../../../../../H-x86_64-pc-linux-gnu/nios2-elf/lib/mno-hw-mul/libsmallc.a(lib_a-exit.o)
 .debug_loc     0x0000000000001035       0x94 /home/cgaetan/.local/altera/15.0/nios2eds/bin/gnu/H-x86_64-pc-linux-gnu/bin/../lib/gcc/nios2-elf/4.9.1/../../../../../H-x86_64-pc-linux-gnu/nios2-elf/lib/mno-hw-mul/libsmallc.a(lib_a-memcmp.o)
 .debug_loc     0x00000000000010c9      0x105 /home/cgaetan/.local/altera/15.0/nios2eds/bin/gnu/H-x86_64-pc-linux-gnu/bin/../lib/gcc/nios2-elf/4.9.1/../../../../../H-x86_64-pc-linux-gnu/nios2-elf/lib/mno-hw-mul/libsmallc.a(lib_a-__call_atexit.o)

.debug_macinfo
 *(.debug_macinfo)

.debug_weaknames
 *(.debug_weaknames)

.debug_funcnames
 *(.debug_funcnames)

.debug_typenames
 *(.debug_typenames)

.debug_varnames
 *(.debug_varnames)

.debug_alt_sim_info
                0x0000000000000000       0x10
 *(.debug_alt_sim_info)
 .debug_alt_sim_info
                0x0000000000000000       0x10 ../base_mtl_bsp//obj/HAL/src/crt0.o
                0x000000000000ce20                __alt_data_end = 0xce20
                0x000000000000ce20                PROVIDE (__alt_stack_pointer, __alt_data_end)
                0x000000000000a3dc                PROVIDE (__alt_stack_limit, __alt_stack_base)
                0x000000000000a3dc                PROVIDE (__alt_heap_start, end)
                0x000000000000ce20                PROVIDE (__alt_heap_limit, 0xce20)
OUTPUT(base_mtl.elf elf32-littlenios2)

.debug_ranges   0x0000000000000000       0xf0
 .debug_ranges  0x0000000000000000       0x20 ../base_mtl_bsp//obj/HAL/src/crt0.o
 .debug_ranges  0x0000000000000020       0xb8 /home/cgaetan/.local/altera/15.0/nios2eds/bin/gnu/H-x86_64-pc-linux-gnu/bin/../lib/gcc/nios2-elf/4.9.1/../../../../../H-x86_64-pc-linux-gnu/nios2-elf/lib/mno-hw-mul/libsmallc.a(lib_a-vfprintf.o)
 .debug_ranges  0x00000000000000d8       0x18 /home/cgaetan/.local/altera/15.0/nios2eds/bin/gnu/H-x86_64-pc-linux-gnu/bin/../lib/gcc/nios2-elf/4.9.1/../../../../../H-x86_64-pc-linux-gnu/nios2-elf/lib/mno-hw-mul/libsmallc.a(lib_a-fvwrite_small_dev.o)
