Archive member included to satisfy reference by file (symbol)

/home/anparis/altera/15.0/nios2eds/bin/gnu/H-x86_64-pc-linux-gnu/bin/../lib/gcc/nios2-elf/4.9.1/../../../../../H-x86_64-pc-linux-gnu/nios2-elf/lib/mno-hw-mul/libsmallc.a(lib_a-printf.o)
                              obj/default/main.o (printf)
/home/anparis/altera/15.0/nios2eds/bin/gnu/H-x86_64-pc-linux-gnu/bin/../lib/gcc/nios2-elf/4.9.1/../../../../../H-x86_64-pc-linux-gnu/nios2-elf/lib/mno-hw-mul/libsmallc.a(lib_a-puts.o)
                              obj/default/main.o (puts)
/home/anparis/altera/15.0/nios2eds/bin/gnu/H-x86_64-pc-linux-gnu/bin/../lib/gcc/nios2-elf/4.9.1/../../../../../H-x86_64-pc-linux-gnu/nios2-elf/lib/mno-hw-mul/libsmallc.a(lib_a-strlen.o)
                              /home/anparis/altera/15.0/nios2eds/bin/gnu/H-x86_64-pc-linux-gnu/bin/../lib/gcc/nios2-elf/4.9.1/../../../../../H-x86_64-pc-linux-gnu/nios2-elf/lib/mno-hw-mul/libsmallc.a(lib_a-puts.o) (strlen)
/home/anparis/altera/15.0/nios2eds/bin/gnu/H-x86_64-pc-linux-gnu/bin/../lib/gcc/nios2-elf/4.9.1/../../../../../H-x86_64-pc-linux-gnu/nios2-elf/lib/mno-hw-mul/libsmallc.a(lib_a-vfprintf.o)
                              /home/anparis/altera/15.0/nios2eds/bin/gnu/H-x86_64-pc-linux-gnu/bin/../lib/gcc/nios2-elf/4.9.1/../../../../../H-x86_64-pc-linux-gnu/nios2-elf/lib/mno-hw-mul/libsmallc.a(lib_a-printf.o) (___vfprintf_internal_r)
/home/anparis/altera/15.0/nios2eds/bin/gnu/H-x86_64-pc-linux-gnu/bin/../lib/gcc/nios2-elf/4.9.1/../../../../../H-x86_64-pc-linux-gnu/nios2-elf/lib/mno-hw-mul/libsmallc.a(lib_a-fvwrite_small_dev.o)
                              /home/anparis/altera/15.0/nios2eds/bin/gnu/H-x86_64-pc-linux-gnu/bin/../lib/gcc/nios2-elf/4.9.1/../../../../../H-x86_64-pc-linux-gnu/nios2-elf/lib/mno-hw-mul/libsmallc.a(lib_a-printf.o) (__sfvwrite_small_dev)
/home/anparis/altera/15.0/nios2eds/bin/gnu/H-x86_64-pc-linux-gnu/bin/../lib/gcc/nios2-elf/4.9.1/../../../../../H-x86_64-pc-linux-gnu/nios2-elf/lib/mno-hw-mul/libsmallc.a(lib_a-impure.o)
                              /home/anparis/altera/15.0/nios2eds/bin/gnu/H-x86_64-pc-linux-gnu/bin/../lib/gcc/nios2-elf/4.9.1/../../../../../H-x86_64-pc-linux-gnu/nios2-elf/lib/mno-hw-mul/libsmallc.a(lib_a-printf.o) (_impure_ptr)
/home/anparis/altera/15.0/nios2eds/bin/gnu/H-x86_64-pc-linux-gnu/bin/../lib/gcc/nios2-elf/4.9.1/../../../../../H-x86_64-pc-linux-gnu/nios2-elf/lib/mno-hw-mul/libsmallc.a(lib_a-writer.o)
                              /home/anparis/altera/15.0/nios2eds/bin/gnu/H-x86_64-pc-linux-gnu/bin/../lib/gcc/nios2-elf/4.9.1/../../../../../H-x86_64-pc-linux-gnu/nios2-elf/lib/mno-hw-mul/libsmallc.a(lib_a-fvwrite_small_dev.o) (_write_r)
/home/anparis/altera/15.0/nios2eds/bin/gnu/H-x86_64-pc-linux-gnu/bin/../lib/gcc/nios2-elf/4.9.1/../../../../../H-x86_64-pc-linux-gnu/nios2-elf/lib/mno-hw-mul/libsmallc.a(lib_a-int_errno.o)
                              /home/anparis/altera/15.0/nios2eds/bin/gnu/H-x86_64-pc-linux-gnu/bin/../lib/gcc/nios2-elf/4.9.1/../../../../../H-x86_64-pc-linux-gnu/nios2-elf/lib/mno-hw-mul/libsmallc.a(lib_a-writer.o) (errno)
/home/anparis/altera/15.0/nios2eds/bin/gnu/H-x86_64-pc-linux-gnu/bin/../lib/gcc/nios2-elf/4.9.1/mno-hw-mul/libgcc.a(lib2-divmod.o)
                              /home/anparis/altera/15.0/nios2eds/bin/gnu/H-x86_64-pc-linux-gnu/bin/../lib/gcc/nios2-elf/4.9.1/../../../../../H-x86_64-pc-linux-gnu/nios2-elf/lib/mno-hw-mul/libsmallc.a(lib_a-vfprintf.o) (__udivsi3)
/home/anparis/altera/15.0/nios2eds/bin/gnu/H-x86_64-pc-linux-gnu/bin/../lib/gcc/nios2-elf/4.9.1/mno-hw-mul/libgcc.a(lib2-mul.o)
                              /home/anparis/altera/15.0/nios2eds/bin/gnu/H-x86_64-pc-linux-gnu/bin/../lib/gcc/nios2-elf/4.9.1/../../../../../H-x86_64-pc-linux-gnu/nios2-elf/lib/mno-hw-mul/libsmallc.a(lib_a-vfprintf.o) (__mulsi3)
../LELEC2103-SW_bsp//libhal_bsp.a(alt_load.o)
                              ../LELEC2103-SW_bsp//obj/HAL/src/crt0.o (alt_load)
../LELEC2103-SW_bsp//libhal_bsp.a(alt_main.o)
                              ../LELEC2103-SW_bsp//obj/HAL/src/crt0.o (alt_main)
../LELEC2103-SW_bsp//libhal_bsp.a(alt_write.o)
                              /home/anparis/altera/15.0/nios2eds/bin/gnu/H-x86_64-pc-linux-gnu/bin/../lib/gcc/nios2-elf/4.9.1/../../../../../H-x86_64-pc-linux-gnu/nios2-elf/lib/mno-hw-mul/libsmallc.a(lib_a-writer.o) (write)
../LELEC2103-SW_bsp//libhal_bsp.a(alt_sys_init.o)
                              ../LELEC2103-SW_bsp//libhal_bsp.a(alt_main.o) (alt_irq_init)
../LELEC2103-SW_bsp//libhal_bsp.a(altera_avalon_jtag_uart_fd.o)
                              ../LELEC2103-SW_bsp//libhal_bsp.a(alt_sys_init.o) (altera_avalon_jtag_uart_read_fd)
../LELEC2103-SW_bsp//libhal_bsp.a(altera_avalon_jtag_uart_read.o)
                              ../LELEC2103-SW_bsp//libhal_bsp.a(altera_avalon_jtag_uart_fd.o) (altera_avalon_jtag_uart_read)
../LELEC2103-SW_bsp//libhal_bsp.a(altera_avalon_jtag_uart_write.o)
                              ../LELEC2103-SW_bsp//libhal_bsp.a(altera_avalon_jtag_uart_fd.o) (altera_avalon_jtag_uart_write)
../LELEC2103-SW_bsp//libhal_bsp.a(alt_close.o)
                              ../LELEC2103-SW_bsp//libhal_bsp.a(alt_main.o) (close)
../LELEC2103-SW_bsp//libhal_bsp.a(alt_dcache_flush_all.o)
                              ../LELEC2103-SW_bsp//libhal_bsp.a(alt_load.o) (alt_dcache_flush_all)
../LELEC2103-SW_bsp//libhal_bsp.a(alt_dev.o)
                              ../LELEC2103-SW_bsp//libhal_bsp.a(alt_sys_init.o) (alt_dev_list)
../LELEC2103-SW_bsp//libhal_bsp.a(alt_dev_llist_insert.o)
                              ../LELEC2103-SW_bsp//libhal_bsp.a(alt_sys_init.o) (alt_dev_llist_insert)
../LELEC2103-SW_bsp//libhal_bsp.a(alt_errno.o)
                              ../LELEC2103-SW_bsp//libhal_bsp.a(alt_write.o) (alt_errno)
../LELEC2103-SW_bsp//libhal_bsp.a(alt_icache_flush_all.o)
                              ../LELEC2103-SW_bsp//libhal_bsp.a(alt_load.o) (alt_icache_flush_all)
../LELEC2103-SW_bsp//libhal_bsp.a(alt_io_redirect.o)
                              ../LELEC2103-SW_bsp//libhal_bsp.a(alt_main.o) (alt_io_redirect)
../LELEC2103-SW_bsp//libhal_bsp.a(alt_open.o)
                              ../LELEC2103-SW_bsp//libhal_bsp.a(alt_io_redirect.o) (open)
../LELEC2103-SW_bsp//libhal_bsp.a(alt_release_fd.o)
                              ../LELEC2103-SW_bsp//libhal_bsp.a(alt_close.o) (alt_release_fd)
../LELEC2103-SW_bsp//libhal_bsp.a(altera_nios2_gen2_irq.o)
                              ../LELEC2103-SW_bsp//libhal_bsp.a(alt_sys_init.o) (altera_nios2_gen2_irq_init)
../LELEC2103-SW_bsp//libhal_bsp.a(alt_find_dev.o)
                              ../LELEC2103-SW_bsp//libhal_bsp.a(alt_open.o) (alt_find_dev)
../LELEC2103-SW_bsp//libhal_bsp.a(alt_find_file.o)
                              ../LELEC2103-SW_bsp//libhal_bsp.a(alt_open.o) (alt_find_file)
../LELEC2103-SW_bsp//libhal_bsp.a(alt_get_fd.o)
                              ../LELEC2103-SW_bsp//libhal_bsp.a(alt_open.o) (alt_get_fd)
/home/anparis/altera/15.0/nios2eds/bin/gnu/H-x86_64-pc-linux-gnu/bin/../lib/gcc/nios2-elf/4.9.1/../../../../../H-x86_64-pc-linux-gnu/nios2-elf/lib/mno-hw-mul/libsmallc.a(lib_a-exit.o)
                              ../LELEC2103-SW_bsp//libhal_bsp.a(alt_main.o) (exit)
/home/anparis/altera/15.0/nios2eds/bin/gnu/H-x86_64-pc-linux-gnu/bin/../lib/gcc/nios2-elf/4.9.1/../../../../../H-x86_64-pc-linux-gnu/nios2-elf/lib/mno-hw-mul/libsmallc.a(lib_a-memcmp.o)
                              ../LELEC2103-SW_bsp//libhal_bsp.a(alt_find_dev.o) (memcmp)
/home/anparis/altera/15.0/nios2eds/bin/gnu/H-x86_64-pc-linux-gnu/bin/../lib/gcc/nios2-elf/4.9.1/../../../../../H-x86_64-pc-linux-gnu/nios2-elf/lib/mno-hw-mul/libsmallc.a(lib_a-__call_atexit.o)
                              /home/anparis/altera/15.0/nios2eds/bin/gnu/H-x86_64-pc-linux-gnu/bin/../lib/gcc/nios2-elf/4.9.1/../../../../../H-x86_64-pc-linux-gnu/nios2-elf/lib/mno-hw-mul/libsmallc.a(lib_a-exit.o) (__call_exitprocs)
../LELEC2103-SW_bsp//libhal_bsp.a(alt_exit.o)
                              /home/anparis/altera/15.0/nios2eds/bin/gnu/H-x86_64-pc-linux-gnu/bin/../lib/gcc/nios2-elf/4.9.1/../../../../../H-x86_64-pc-linux-gnu/nios2-elf/lib/mno-hw-mul/libsmallc.a(lib_a-exit.o) (_exit)

Allocating common symbols
Common symbol       size              file

errno               0x4               /home/anparis/altera/15.0/nios2eds/bin/gnu/H-x86_64-pc-linux-gnu/bin/../lib/gcc/nios2-elf/4.9.1/../../../../../H-x86_64-pc-linux-gnu/nios2-elf/lib/mno-hw-mul/libsmallc.a(lib_a-int_errno.o)

Memory Configuration

Name             Origin             Length             Attributes
reset            0x0000000000000000 0x0000000000000020
onchip_mem       0x0000000000000020 0x0000000000004e00
*default*        0x0000000000000000 0xffffffffffffffff

Linker script and memory map

LOAD ../LELEC2103-SW_bsp//obj/HAL/src/crt0.o
LOAD obj/default/main.o
LOAD /home/anparis/altera/15.0/nios2eds/bin/gnu/H-x86_64-pc-linux-gnu/bin/../lib/gcc/nios2-elf/4.9.1/../../../../../H-x86_64-pc-linux-gnu/nios2-elf/lib/mno-hw-mul/libstdc++.a
LOAD /home/anparis/altera/15.0/nios2eds/bin/gnu/H-x86_64-pc-linux-gnu/bin/../lib/gcc/nios2-elf/4.9.1/../../../../../H-x86_64-pc-linux-gnu/nios2-elf/lib/mno-hw-mul/libm.a
LOAD /home/anparis/altera/15.0/nios2eds/bin/gnu/H-x86_64-pc-linux-gnu/bin/../lib/gcc/nios2-elf/4.9.1/mno-hw-mul/libgcc.a
START GROUP
LOAD /home/anparis/altera/15.0/nios2eds/bin/gnu/H-x86_64-pc-linux-gnu/bin/../lib/gcc/nios2-elf/4.9.1/../../../../../H-x86_64-pc-linux-gnu/nios2-elf/lib/mno-hw-mul/libsmallc.a
LOAD /home/anparis/altera/15.0/nios2eds/bin/gnu/H-x86_64-pc-linux-gnu/bin/../lib/gcc/nios2-elf/4.9.1/mno-hw-mul/libgcc.a
LOAD ../LELEC2103-SW_bsp//libhal_bsp.a
LOAD /home/anparis/altera/15.0/nios2eds/bin/gnu/H-x86_64-pc-linux-gnu/bin/../lib/gcc/nios2-elf/4.9.1/../../../../../H-x86_64-pc-linux-gnu/nios2-elf/lib/mno-hw-mul/libm.a
END GROUP
LOAD /home/anparis/altera/15.0/nios2eds/bin/gnu/H-x86_64-pc-linux-gnu/bin/../lib/gcc/nios2-elf/4.9.1/mno-hw-mul/libgcc.a
                0x0000000000000000                __alt_mem_onchip_mem = 0x0

.entry          0x0000000000000000       0x20
 *(.entry)
 .entry         0x0000000000000000       0x20 ../LELEC2103-SW_bsp//obj/HAL/src/crt0.o
                0x0000000000000000                __reset

.exceptions     0x0000000000000020        0x0
                0x0000000000000020                PROVIDE (__ram_exceptions_start, ABSOLUTE (.))
                0x0000000000000020                . = ALIGN (0x20)
 *(.irq)
 *(.exceptions.entry.label)
 *(.exceptions.entry.user)
 *(.exceptions.entry.ecc_fatal)
 *(.exceptions.entry)
 *(.exceptions.irqtest.user)
 *(.exceptions.irqtest)
 *(.exceptions.irqhandler.user)
 *(.exceptions.irqhandler)
 *(.exceptions.irqreturn.user)
 *(.exceptions.irqreturn)
 *(.exceptions.notirq.label)
 *(.exceptions.notirq.user)
 *(.exceptions.notirq)
 *(.exceptions.soft.user)
 *(.exceptions.soft)
 *(.exceptions.unknown.user)
 *(.exceptions.unknown)
 *(.exceptions.exit.label)
 *(.exceptions.exit.user)
 *(.exceptions.exit)
 *(.exceptions)
                0x0000000000000020                PROVIDE (__ram_exceptions_end, ABSOLUTE (.))
                0x0000000000000020                PROVIDE (__flash_exceptions_start, LOADADDR (.exceptions))

.text           0x0000000000000020     0x1f0c
                0x0000000000000020                PROVIDE (stext, ABSOLUTE (.))
 *(.interp)
 *(.hash)
 *(.dynsym)
 *(.dynstr)
 *(.gnu.version)
 *(.gnu.version_d)
 *(.gnu.version_r)
 *(.rel.init)
 *(.rela.init)
 *(.rel.text .rel.text.* .rel.gnu.linkonce.t.*)
 *(.rela.text .rela.text.* .rela.gnu.linkonce.t.*)
 *(.rel.fini)
 *(.rela.fini)
 *(.rel.rodata .rel.rodata.* .rel.gnu.linkonce.r.*)
 *(.rela.rodata .rela.rodata.* .rela.gnu.linkonce.r.*)
 *(.rel.data .rel.data.* .rel.gnu.linkonce.d.*)
 *(.rela.data .rela.data.* .rela.gnu.linkonce.d.*)
 *(.rel.tdata .rel.tdata.* .rel.gnu.linkonce.td.*)
 *(.rela.tdata .rela.tdata.* .rela.gnu.linkonce.td.*)
 *(.rel.tbss .rel.tbss.* .rel.gnu.linkonce.tb.*)
 *(.rela.tbss .rela.tbss.* .rela.gnu.linkonce.tb.*)
 *(.rel.ctors)
 *(.rela.ctors)
 *(.rel.dtors)
 *(.rela.dtors)
 *(.rel.got)
 *(.rela.got)
 *(.rel.sdata .rel.sdata.* .rel.gnu.linkonce.s.*)
 *(.rela.sdata .rela.sdata.* .rela.gnu.linkonce.s.*)
 *(.rel.sbss .rel.sbss.* .rel.gnu.linkonce.sb.*)
 *(.rela.sbss .rela.sbss.* .rela.gnu.linkonce.sb.*)
 *(.rel.sdata2 .rel.sdata2.* .rel.gnu.linkonce.s2.*)
 *(.rela.sdata2 .rela.sdata2.* .rela.gnu.linkonce.s2.*)
 *(.rel.sbss2 .rel.sbss2.* .rel.gnu.linkonce.sb2.*)
 *(.rela.sbss2 .rela.sbss2.* .rela.gnu.linkonce.sb2.*)
 *(.rel.bss .rel.bss.* .rel.gnu.linkonce.b.*)
 *(.rela.bss .rela.bss.* .rela.gnu.linkonce.b.*)
 *(.rel.plt)
 *(.rela.plt)
 *(.rel.dyn)
 *(.init)
 *(.plt)
 *(.text .stub .text.* .gnu.linkonce.t.*)
 .text          0x0000000000000020       0x3c ../LELEC2103-SW_bsp//obj/HAL/src/crt0.o
                0x0000000000000020                _start
 .text          0x000000000000005c      0x420 obj/default/main.o
                0x000000000000005c                print_touch_info
                0x0000000000000198                my_abs
                0x00000000000001c4                main
 .text          0x000000000000047c       0x88 /home/anparis/altera/15.0/nios2eds/bin/gnu/H-x86_64-pc-linux-gnu/bin/../lib/gcc/nios2-elf/4.9.1/../../../../../H-x86_64-pc-linux-gnu/nios2-elf/lib/mno-hw-mul/libsmallc.a(lib_a-printf.o)
                0x000000000000047c                _printf_r
                0x00000000000004b8                printf
 .text          0x0000000000000504       0x94 /home/anparis/altera/15.0/nios2eds/bin/gnu/H-x86_64-pc-linux-gnu/bin/../lib/gcc/nios2-elf/4.9.1/../../../../../H-x86_64-pc-linux-gnu/nios2-elf/lib/mno-hw-mul/libsmallc.a(lib_a-puts.o)
                0x0000000000000504                _puts_r
                0x0000000000000584                puts
 .text          0x0000000000000598       0x1c /home/anparis/altera/15.0/nios2eds/bin/gnu/H-x86_64-pc-linux-gnu/bin/../lib/gcc/nios2-elf/4.9.1/../../../../../H-x86_64-pc-linux-gnu/nios2-elf/lib/mno-hw-mul/libsmallc.a(lib_a-strlen.o)
                0x0000000000000598                strlen
 .text          0x00000000000005b4      0x5fc /home/anparis/altera/15.0/nios2eds/bin/gnu/H-x86_64-pc-linux-gnu/bin/../lib/gcc/nios2-elf/4.9.1/../../../../../H-x86_64-pc-linux-gnu/nios2-elf/lib/mno-hw-mul/libsmallc.a(lib_a-vfprintf.o)
                0x0000000000000620                ___vfprintf_internal_r
                0x0000000000000b8c                __vfprintf_internal
 .text          0x0000000000000bb0       0xac /home/anparis/altera/15.0/nios2eds/bin/gnu/H-x86_64-pc-linux-gnu/bin/../lib/gcc/nios2-elf/4.9.1/../../../../../H-x86_64-pc-linux-gnu/nios2-elf/lib/mno-hw-mul/libsmallc.a(lib_a-fvwrite_small_dev.o)
                0x0000000000000bb0                __sfvwrite_small_dev
 .text          0x0000000000000c5c        0x0 /home/anparis/altera/15.0/nios2eds/bin/gnu/H-x86_64-pc-linux-gnu/bin/../lib/gcc/nios2-elf/4.9.1/../../../../../H-x86_64-pc-linux-gnu/nios2-elf/lib/mno-hw-mul/libsmallc.a(lib_a-impure.o)
 .text          0x0000000000000c5c       0x58 /home/anparis/altera/15.0/nios2eds/bin/gnu/H-x86_64-pc-linux-gnu/bin/../lib/gcc/nios2-elf/4.9.1/../../../../../H-x86_64-pc-linux-gnu/nios2-elf/lib/mno-hw-mul/libsmallc.a(lib_a-writer.o)
                0x0000000000000c5c                _write_r
 .text          0x0000000000000cb4        0x0 /home/anparis/altera/15.0/nios2eds/bin/gnu/H-x86_64-pc-linux-gnu/bin/../lib/gcc/nios2-elf/4.9.1/../../../../../H-x86_64-pc-linux-gnu/nios2-elf/lib/mno-hw-mul/libsmallc.a(lib_a-int_errno.o)
 .text          0x0000000000000cb4      0x12c /home/anparis/altera/15.0/nios2eds/bin/gnu/H-x86_64-pc-linux-gnu/bin/../lib/gcc/nios2-elf/4.9.1/mno-hw-mul/libgcc.a(lib2-divmod.o)
                0x0000000000000d20                __divsi3
                0x0000000000000d74                __modsi3
                0x0000000000000dd0                __udivsi3
                0x0000000000000dd8                __umodsi3
 .text          0x0000000000000de0       0x28 /home/anparis/altera/15.0/nios2eds/bin/gnu/H-x86_64-pc-linux-gnu/bin/../lib/gcc/nios2-elf/4.9.1/mno-hw-mul/libgcc.a(lib2-mul.o)
                0x0000000000000de0                __mulsi3
 .text          0x0000000000000e08       0xe4 ../LELEC2103-SW_bsp//libhal_bsp.a(alt_load.o)
                0x0000000000000e6c                alt_load
 .text          0x0000000000000eec       0x68 ../LELEC2103-SW_bsp//libhal_bsp.a(alt_main.o)
                0x0000000000000eec                alt_main
 .text          0x0000000000000f54      0x150 ../LELEC2103-SW_bsp//libhal_bsp.a(alt_write.o)
                0x0000000000000fa4                write
 .text          0x00000000000010a4       0x9c ../LELEC2103-SW_bsp//libhal_bsp.a(alt_sys_init.o)
                0x00000000000010dc                alt_irq_init
                0x0000000000001110                alt_sys_init
 .text          0x0000000000001140       0xc0 ../LELEC2103-SW_bsp//libhal_bsp.a(altera_avalon_jtag_uart_fd.o)
                0x0000000000001140                altera_avalon_jtag_uart_read_fd
                0x00000000000011a0                altera_avalon_jtag_uart_write_fd
 .text          0x0000000000001200       0xe4 ../LELEC2103-SW_bsp//libhal_bsp.a(altera_avalon_jtag_uart_read.o)
                0x0000000000001200                altera_avalon_jtag_uart_read
 .text          0x00000000000012e4       0x94 ../LELEC2103-SW_bsp//libhal_bsp.a(altera_avalon_jtag_uart_write.o)
                0x00000000000012e4                altera_avalon_jtag_uart_write
 .text          0x0000000000001378      0x128 ../LELEC2103-SW_bsp//libhal_bsp.a(alt_close.o)
                0x00000000000013c8                close
 .text          0x00000000000014a0       0x1c ../LELEC2103-SW_bsp//libhal_bsp.a(alt_dcache_flush_all.o)
                0x00000000000014a0                alt_dcache_flush_all
 .text          0x00000000000014bc       0x2c ../LELEC2103-SW_bsp//libhal_bsp.a(alt_dev.o)
 .text          0x00000000000014e8       0xf4 ../LELEC2103-SW_bsp//libhal_bsp.a(alt_dev_llist_insert.o)
                0x0000000000001538                alt_dev_llist_insert
 .text          0x00000000000015dc        0x0 ../LELEC2103-SW_bsp//libhal_bsp.a(alt_errno.o)
 .text          0x00000000000015dc       0x1c ../LELEC2103-SW_bsp//libhal_bsp.a(alt_icache_flush_all.o)
                0x00000000000015dc                alt_icache_flush_all
 .text          0x00000000000015f8      0x158 ../LELEC2103-SW_bsp//libhal_bsp.a(alt_io_redirect.o)
                0x00000000000016d8                alt_io_redirect
 .text          0x0000000000001750      0x2a4 ../LELEC2103-SW_bsp//libhal_bsp.a(alt_open.o)
                0x0000000000001894                open
 .text          0x00000000000019f4       0x80 ../LELEC2103-SW_bsp//libhal_bsp.a(alt_release_fd.o)
                0x00000000000019f4                alt_release_fd
 .text          0x0000000000001a74       0x20 ../LELEC2103-SW_bsp//libhal_bsp.a(altera_nios2_gen2_irq.o)
                0x0000000000001a74                altera_nios2_gen2_irq_init
 .text          0x0000000000001a94       0x90 ../LELEC2103-SW_bsp//libhal_bsp.a(alt_find_dev.o)
                0x0000000000001a94                alt_find_dev
 .text          0x0000000000001b24      0x114 ../LELEC2103-SW_bsp//libhal_bsp.a(alt_find_file.o)
                0x0000000000001b24                alt_find_file
 .text          0x0000000000001c38       0xd4 ../LELEC2103-SW_bsp//libhal_bsp.a(alt_get_fd.o)
                0x0000000000001c38                alt_get_fd
 .text          0x0000000000001d0c       0x20 /home/anparis/altera/15.0/nios2eds/bin/gnu/H-x86_64-pc-linux-gnu/bin/../lib/gcc/nios2-elf/4.9.1/../../../../../H-x86_64-pc-linux-gnu/nios2-elf/lib/mno-hw-mul/libsmallc.a(lib_a-exit.o)
                0x0000000000001d0c                exit
 .text          0x0000000000001d2c       0x30 /home/anparis/altera/15.0/nios2eds/bin/gnu/H-x86_64-pc-linux-gnu/bin/../lib/gcc/nios2-elf/4.9.1/../../../../../H-x86_64-pc-linux-gnu/nios2-elf/lib/mno-hw-mul/libsmallc.a(lib_a-memcmp.o)
                0x0000000000001d2c                memcmp
 .text          0x0000000000001d5c      0x19c /home/anparis/altera/15.0/nios2eds/bin/gnu/H-x86_64-pc-linux-gnu/bin/../lib/gcc/nios2-elf/4.9.1/../../../../../H-x86_64-pc-linux-gnu/nios2-elf/lib/mno-hw-mul/libsmallc.a(lib_a-__call_atexit.o)
                0x0000000000001d5c                __call_exitprocs
 .text          0x0000000000001ef8       0x34 ../LELEC2103-SW_bsp//libhal_bsp.a(alt_exit.o)
                0x0000000000001ef8                _exit
 *(.gnu.warning.*)
 *(.fini)
                0x0000000000001f2c                PROVIDE (__etext, ABSOLUTE (.))
                0x0000000000001f2c                PROVIDE (_etext, ABSOLUTE (.))
                0x0000000000001f2c                PROVIDE (etext, ABSOLUTE (.))
 *(.eh_frame_hdr)
                0x0000000000001f2c                . = ALIGN (0x4)
                0x0000000000001f2c                PROVIDE (__preinit_array_start, ABSOLUTE (.))
 *(.preinit_array)
                0x0000000000001f2c                PROVIDE (__preinit_array_end, ABSOLUTE (.))
                0x0000000000001f2c                PROVIDE (__init_array_start, ABSOLUTE (.))
 *(.init_array)
                0x0000000000001f2c                PROVIDE (__init_array_end, ABSOLUTE (.))
                0x0000000000001f2c                PROVIDE (__fini_array_start, ABSOLUTE (.))
 *(.fini_array)
                0x0000000000001f2c                PROVIDE (__fini_array_end, ABSOLUTE (.))
 *(.eh_frame)
 *(.gcc_except_table .gcc_except_table.*)
 *(.dynamic)
                0x0000000000001f2c                PROVIDE (__CTOR_LIST__, ABSOLUTE (.))
 *(.ctors)
 *(SORT(.ctors.*))
                0x0000000000001f2c                PROVIDE (__CTOR_END__, ABSOLUTE (.))
                0x0000000000001f2c                PROVIDE (__DTOR_LIST__, ABSOLUTE (.))
 *(.dtors)
 *(SORT(.dtors.*))
                0x0000000000001f2c                PROVIDE (__DTOR_END__, ABSOLUTE (.))
 *(.jcr)
                0x0000000000001f2c                . = ALIGN (0x4)

.rodata         0x0000000000001f2c      0x13c
                0x0000000000001f2c                PROVIDE (__ram_rodata_start, ABSOLUTE (.))
                0x0000000000001f2c                . = ALIGN (0x4)
 *(.rodata .rodata.* .gnu.linkonce.r.*)
 .rodata        0x0000000000001f2c      0x104 obj/default/main.o
 .rodata.str1.4
                0x0000000000002030        0x4 /home/anparis/altera/15.0/nios2eds/bin/gnu/H-x86_64-pc-linux-gnu/bin/../lib/gcc/nios2-elf/4.9.1/../../../../../H-x86_64-pc-linux-gnu/nios2-elf/lib/mno-hw-mul/libsmallc.a(lib_a-puts.o)
 .rodata        0x0000000000002034       0x14 ../LELEC2103-SW_bsp//libhal_bsp.a(alt_main.o)
 .rodata        0x0000000000002048       0x14 ../LELEC2103-SW_bsp//libhal_bsp.a(alt_sys_init.o)
 .rodata        0x000000000000205c        0xc ../LELEC2103-SW_bsp//libhal_bsp.a(alt_dev.o)
 *(.rodata1)
                0x0000000000002068                . = ALIGN (0x4)
                0x0000000000002068                PROVIDE (__ram_rodata_end, ABSOLUTE (.))
                0x0000000000001f2c                PROVIDE (__flash_rodata_start, LOADADDR (.rodata))

.rwdata         0x0000000000002068      0x2d4 load address 0x000000000000233c
                0x0000000000002068                PROVIDE (__ram_rwdata_start, ABSOLUTE (.))
                0x0000000000002068                . = ALIGN (0x4)
 *(.got.plt)
 *(.got)
 *(.data1)
 *(.data .data.* .gnu.linkonce.d.*)
 .data          0x0000000000002068        0x0 ../LELEC2103-SW_bsp//obj/HAL/src/crt0.o
 .data          0x0000000000002068        0x0 obj/default/main.o
 .data          0x0000000000002068        0x0 /home/anparis/altera/15.0/nios2eds/bin/gnu/H-x86_64-pc-linux-gnu/bin/../lib/gcc/nios2-elf/4.9.1/../../../../../H-x86_64-pc-linux-gnu/nios2-elf/lib/mno-hw-mul/libsmallc.a(lib_a-printf.o)
 .data          0x0000000000002068        0x0 /home/anparis/altera/15.0/nios2eds/bin/gnu/H-x86_64-pc-linux-gnu/bin/../lib/gcc/nios2-elf/4.9.1/../../../../../H-x86_64-pc-linux-gnu/nios2-elf/lib/mno-hw-mul/libsmallc.a(lib_a-puts.o)
 .data          0x0000000000002068        0x0 /home/anparis/altera/15.0/nios2eds/bin/gnu/H-x86_64-pc-linux-gnu/bin/../lib/gcc/nios2-elf/4.9.1/../../../../../H-x86_64-pc-linux-gnu/nios2-elf/lib/mno-hw-mul/libsmallc.a(lib_a-strlen.o)
 .data          0x0000000000002068        0x0 /home/anparis/altera/15.0/nios2eds/bin/gnu/H-x86_64-pc-linux-gnu/bin/../lib/gcc/nios2-elf/4.9.1/../../../../../H-x86_64-pc-linux-gnu/nios2-elf/lib/mno-hw-mul/libsmallc.a(lib_a-vfprintf.o)
 .data          0x0000000000002068        0x0 /home/anparis/altera/15.0/nios2eds/bin/gnu/H-x86_64-pc-linux-gnu/bin/../lib/gcc/nios2-elf/4.9.1/../../../../../H-x86_64-pc-linux-gnu/nios2-elf/lib/mno-hw-mul/libsmallc.a(lib_a-fvwrite_small_dev.o)
 .data          0x0000000000002068       0xe0 /home/anparis/altera/15.0/nios2eds/bin/gnu/H-x86_64-pc-linux-gnu/bin/../lib/gcc/nios2-elf/4.9.1/../../../../../H-x86_64-pc-linux-gnu/nios2-elf/lib/mno-hw-mul/libsmallc.a(lib_a-impure.o)
 .data          0x0000000000002148        0x0 /home/anparis/altera/15.0/nios2eds/bin/gnu/H-x86_64-pc-linux-gnu/bin/../lib/gcc/nios2-elf/4.9.1/../../../../../H-x86_64-pc-linux-gnu/nios2-elf/lib/mno-hw-mul/libsmallc.a(lib_a-writer.o)
 .data          0x0000000000002148        0x0 /home/anparis/altera/15.0/nios2eds/bin/gnu/H-x86_64-pc-linux-gnu/bin/../lib/gcc/nios2-elf/4.9.1/../../../../../H-x86_64-pc-linux-gnu/nios2-elf/lib/mno-hw-mul/libsmallc.a(lib_a-int_errno.o)
 .data          0x0000000000002148        0x0 /home/anparis/altera/15.0/nios2eds/bin/gnu/H-x86_64-pc-linux-gnu/bin/../lib/gcc/nios2-elf/4.9.1/mno-hw-mul/libgcc.a(lib2-divmod.o)
 .data          0x0000000000002148        0x0 /home/anparis/altera/15.0/nios2eds/bin/gnu/H-x86_64-pc-linux-gnu/bin/../lib/gcc/nios2-elf/4.9.1/mno-hw-mul/libgcc.a(lib2-mul.o)
 .data          0x0000000000002148        0x0 ../LELEC2103-SW_bsp//libhal_bsp.a(alt_load.o)
 .data          0x0000000000002148        0x0 ../LELEC2103-SW_bsp//libhal_bsp.a(alt_main.o)
 .data          0x0000000000002148        0x0 ../LELEC2103-SW_bsp//libhal_bsp.a(alt_write.o)
 .data          0x0000000000002148       0x2c ../LELEC2103-SW_bsp//libhal_bsp.a(alt_sys_init.o)
 .data          0x0000000000002174        0x0 ../LELEC2103-SW_bsp//libhal_bsp.a(altera_avalon_jtag_uart_fd.o)
 .data          0x0000000000002174        0x0 ../LELEC2103-SW_bsp//libhal_bsp.a(altera_avalon_jtag_uart_read.o)
 .data          0x0000000000002174        0x0 ../LELEC2103-SW_bsp//libhal_bsp.a(altera_avalon_jtag_uart_write.o)
 .data          0x0000000000002174        0x0 ../LELEC2103-SW_bsp//libhal_bsp.a(alt_close.o)
 .data          0x0000000000002174        0x0 ../LELEC2103-SW_bsp//libhal_bsp.a(alt_dcache_flush_all.o)
 .data          0x0000000000002174      0x1a8 ../LELEC2103-SW_bsp//libhal_bsp.a(alt_dev.o)
                0x0000000000002174                alt_dev_null
                0x000000000000219c                alt_fd_list
 .data          0x000000000000231c        0x0 ../LELEC2103-SW_bsp//libhal_bsp.a(alt_dev_llist_insert.o)
 .data          0x000000000000231c        0x0 ../LELEC2103-SW_bsp//libhal_bsp.a(alt_errno.o)
 .data          0x000000000000231c        0x0 ../LELEC2103-SW_bsp//libhal_bsp.a(alt_icache_flush_all.o)
 .data          0x000000000000231c        0x0 ../LELEC2103-SW_bsp//libhal_bsp.a(alt_io_redirect.o)
 .data          0x000000000000231c        0x0 ../LELEC2103-SW_bsp//libhal_bsp.a(alt_open.o)
 .data          0x000000000000231c        0x0 ../LELEC2103-SW_bsp//libhal_bsp.a(alt_release_fd.o)
 .data          0x000000000000231c        0x0 ../LELEC2103-SW_bsp//libhal_bsp.a(altera_nios2_gen2_irq.o)
 .data          0x000000000000231c        0x0 ../LELEC2103-SW_bsp//libhal_bsp.a(alt_find_dev.o)
 .data          0x000000000000231c        0x0 ../LELEC2103-SW_bsp//libhal_bsp.a(alt_find_file.o)
 .data          0x000000000000231c        0x0 ../LELEC2103-SW_bsp//libhal_bsp.a(alt_get_fd.o)
 .data          0x000000000000231c        0x0 /home/anparis/altera/15.0/nios2eds/bin/gnu/H-x86_64-pc-linux-gnu/bin/../lib/gcc/nios2-elf/4.9.1/../../../../../H-x86_64-pc-linux-gnu/nios2-elf/lib/mno-hw-mul/libsmallc.a(lib_a-exit.o)
 .data          0x000000000000231c        0x0 /home/anparis/altera/15.0/nios2eds/bin/gnu/H-x86_64-pc-linux-gnu/bin/../lib/gcc/nios2-elf/4.9.1/../../../../../H-x86_64-pc-linux-gnu/nios2-elf/lib/mno-hw-mul/libsmallc.a(lib_a-memcmp.o)
 .data          0x000000000000231c        0x0 /home/anparis/altera/15.0/nios2eds/bin/gnu/H-x86_64-pc-linux-gnu/bin/../lib/gcc/nios2-elf/4.9.1/../../../../../H-x86_64-pc-linux-gnu/nios2-elf/lib/mno-hw-mul/libsmallc.a(lib_a-__call_atexit.o)
 .data          0x000000000000231c        0x0 ../LELEC2103-SW_bsp//libhal_bsp.a(alt_exit.o)
                0x000000000000a31c                _gp = ABSOLUTE ((. + 0x8000))
                0x000000000000a31c                PROVIDE (gp, _gp)
 *(.rwdata .rwdata.*)
 *(.sdata .sdata.* .gnu.linkonce.s.*)
 .sdata         0x000000000000231c        0x8 /home/anparis/altera/15.0/nios2eds/bin/gnu/H-x86_64-pc-linux-gnu/bin/../lib/gcc/nios2-elf/4.9.1/../../../../../H-x86_64-pc-linux-gnu/nios2-elf/lib/mno-hw-mul/libsmallc.a(lib_a-impure.o)
                0x000000000000231c                _global_impure_ptr
                0x0000000000002320                _impure_ptr
 .sdata         0x0000000000002324       0x14 ../LELEC2103-SW_bsp//libhal_bsp.a(alt_dev.o)
                0x0000000000002324                alt_fs_list
                0x000000000000232c                alt_dev_list
                0x0000000000002334                alt_max_fd
 .sdata         0x0000000000002338        0x4 ../LELEC2103-SW_bsp//libhal_bsp.a(alt_errno.o)
                0x0000000000002338                alt_errno
 *(.sdata2 .sdata2.* .gnu.linkonce.s2.*)
                0x000000000000233c                . = ALIGN (0x4)
                0x000000000000233c                _edata = ABSOLUTE (.)
                0x000000000000233c                PROVIDE (edata, ABSOLUTE (.))
                0x000000000000233c                PROVIDE (__ram_rwdata_end, ABSOLUTE (.))
                0x000000000000233c                PROVIDE (__flash_rwdata_start, LOADADDR (.rwdata))

.bss            0x0000000000002610       0x10
                0x0000000000002610                __bss_start = ABSOLUTE (.)
                0x0000000000002610                PROVIDE (__sbss_start, ABSOLUTE (.))
                0x0000000000002610                PROVIDE (___sbss_start, ABSOLUTE (.))
 *(.dynsbss)
 *(.sbss .sbss.* .gnu.linkonce.sb.*)
 .sbss          0x0000000000002610        0x4 /home/anparis/altera/15.0/nios2eds/bin/gnu/H-x86_64-pc-linux-gnu/bin/../lib/gcc/nios2-elf/4.9.1/../../../../../H-x86_64-pc-linux-gnu/nios2-elf/lib/mno-hw-mul/libsmallc.a(lib_a-int_errno.o)
                0x0000000000002610                errno
 .sbss          0x0000000000002614        0xc ../LELEC2103-SW_bsp//libhal_bsp.a(alt_main.o)
                0x0000000000002614                alt_argc
                0x0000000000002618                alt_argv
                0x000000000000261c                alt_envp
 *(.sbss2 .sbss2.* .gnu.linkonce.sb2.*)
 *(.scommon)
                0x0000000000002620                PROVIDE (__sbss_end, ABSOLUTE (.))
                0x0000000000002620                PROVIDE (___sbss_end, ABSOLUTE (.))
 *(.dynbss)
 *(.bss .bss.* .gnu.linkonce.b.*)
 .bss           0x0000000000002620        0x0 ../LELEC2103-SW_bsp//obj/HAL/src/crt0.o
 .bss           0x0000000000002620        0x0 obj/default/main.o
 .bss           0x0000000000002620        0x0 /home/anparis/altera/15.0/nios2eds/bin/gnu/H-x86_64-pc-linux-gnu/bin/../lib/gcc/nios2-elf/4.9.1/../../../../../H-x86_64-pc-linux-gnu/nios2-elf/lib/mno-hw-mul/libsmallc.a(lib_a-printf.o)
 .bss           0x0000000000002620        0x0 /home/anparis/altera/15.0/nios2eds/bin/gnu/H-x86_64-pc-linux-gnu/bin/../lib/gcc/nios2-elf/4.9.1/../../../../../H-x86_64-pc-linux-gnu/nios2-elf/lib/mno-hw-mul/libsmallc.a(lib_a-puts.o)
 .bss           0x0000000000002620        0x0 /home/anparis/altera/15.0/nios2eds/bin/gnu/H-x86_64-pc-linux-gnu/bin/../lib/gcc/nios2-elf/4.9.1/../../../../../H-x86_64-pc-linux-gnu/nios2-elf/lib/mno-hw-mul/libsmallc.a(lib_a-strlen.o)
 .bss           0x0000000000002620        0x0 /home/anparis/altera/15.0/nios2eds/bin/gnu/H-x86_64-pc-linux-gnu/bin/../lib/gcc/nios2-elf/4.9.1/../../../../../H-x86_64-pc-linux-gnu/nios2-elf/lib/mno-hw-mul/libsmallc.a(lib_a-vfprintf.o)
 .bss           0x0000000000002620        0x0 /home/anparis/altera/15.0/nios2eds/bin/gnu/H-x86_64-pc-linux-gnu/bin/../lib/gcc/nios2-elf/4.9.1/../../../../../H-x86_64-pc-linux-gnu/nios2-elf/lib/mno-hw-mul/libsmallc.a(lib_a-fvwrite_small_dev.o)
 .bss           0x0000000000002620        0x0 /home/anparis/altera/15.0/nios2eds/bin/gnu/H-x86_64-pc-linux-gnu/bin/../lib/gcc/nios2-elf/4.9.1/../../../../../H-x86_64-pc-linux-gnu/nios2-elf/lib/mno-hw-mul/libsmallc.a(lib_a-impure.o)
 .bss           0x0000000000002620        0x0 /home/anparis/altera/15.0/nios2eds/bin/gnu/H-x86_64-pc-linux-gnu/bin/../lib/gcc/nios2-elf/4.9.1/../../../../../H-x86_64-pc-linux-gnu/nios2-elf/lib/mno-hw-mul/libsmallc.a(lib_a-writer.o)
 .bss           0x0000000000002620        0x0 /home/anparis/altera/15.0/nios2eds/bin/gnu/H-x86_64-pc-linux-gnu/bin/../lib/gcc/nios2-elf/4.9.1/../../../../../H-x86_64-pc-linux-gnu/nios2-elf/lib/mno-hw-mul/libsmallc.a(lib_a-int_errno.o)
 .bss           0x0000000000002620        0x0 /home/anparis/altera/15.0/nios2eds/bin/gnu/H-x86_64-pc-linux-gnu/bin/../lib/gcc/nios2-elf/4.9.1/mno-hw-mul/libgcc.a(lib2-divmod.o)
 .bss           0x0000000000002620        0x0 /home/anparis/altera/15.0/nios2eds/bin/gnu/H-x86_64-pc-linux-gnu/bin/../lib/gcc/nios2-elf/4.9.1/mno-hw-mul/libgcc.a(lib2-mul.o)
 .bss           0x0000000000002620        0x0 ../LELEC2103-SW_bsp//libhal_bsp.a(alt_load.o)
 .bss           0x0000000000002620        0x0 ../LELEC2103-SW_bsp//libhal_bsp.a(alt_main.o)
 .bss           0x0000000000002620        0x0 ../LELEC2103-SW_bsp//libhal_bsp.a(alt_write.o)
 .bss           0x0000000000002620        0x0 ../LELEC2103-SW_bsp//libhal_bsp.a(alt_sys_init.o)
 .bss           0x0000000000002620        0x0 ../LELEC2103-SW_bsp//libhal_bsp.a(altera_avalon_jtag_uart_fd.o)
 .bss           0x0000000000002620        0x0 ../LELEC2103-SW_bsp//libhal_bsp.a(altera_avalon_jtag_uart_read.o)
 .bss           0x0000000000002620        0x0 ../LELEC2103-SW_bsp//libhal_bsp.a(altera_avalon_jtag_uart_write.o)
 .bss           0x0000000000002620        0x0 ../LELEC2103-SW_bsp//libhal_bsp.a(alt_close.o)
 .bss           0x0000000000002620        0x0 ../LELEC2103-SW_bsp//libhal_bsp.a(alt_dcache_flush_all.o)
 .bss           0x0000000000002620        0x0 ../LELEC2103-SW_bsp//libhal_bsp.a(alt_dev.o)
 .bss           0x0000000000002620        0x0 ../LELEC2103-SW_bsp//libhal_bsp.a(alt_dev_llist_insert.o)
 .bss           0x0000000000002620        0x0 ../LELEC2103-SW_bsp//libhal_bsp.a(alt_errno.o)
 .bss           0x0000000000002620        0x0 ../LELEC2103-SW_bsp//libhal_bsp.a(alt_icache_flush_all.o)
 .bss           0x0000000000002620        0x0 ../LELEC2103-SW_bsp//libhal_bsp.a(alt_io_redirect.o)
 .bss           0x0000000000002620        0x0 ../LELEC2103-SW_bsp//libhal_bsp.a(alt_open.o)
 .bss           0x0000000000002620        0x0 ../LELEC2103-SW_bsp//libhal_bsp.a(alt_release_fd.o)
 .bss           0x0000000000002620        0x0 ../LELEC2103-SW_bsp//libhal_bsp.a(altera_nios2_gen2_irq.o)
 .bss           0x0000000000002620        0x0 ../LELEC2103-SW_bsp//libhal_bsp.a(alt_find_dev.o)
 .bss           0x0000000000002620        0x0 ../LELEC2103-SW_bsp//libhal_bsp.a(alt_find_file.o)
 .bss           0x0000000000002620        0x0 ../LELEC2103-SW_bsp//libhal_bsp.a(alt_get_fd.o)
 .bss           0x0000000000002620        0x0 /home/anparis/altera/15.0/nios2eds/bin/gnu/H-x86_64-pc-linux-gnu/bin/../lib/gcc/nios2-elf/4.9.1/../../../../../H-x86_64-pc-linux-gnu/nios2-elf/lib/mno-hw-mul/libsmallc.a(lib_a-exit.o)
 .bss           0x0000000000002620        0x0 /home/anparis/altera/15.0/nios2eds/bin/gnu/H-x86_64-pc-linux-gnu/bin/../lib/gcc/nios2-elf/4.9.1/../../../../../H-x86_64-pc-linux-gnu/nios2-elf/lib/mno-hw-mul/libsmallc.a(lib_a-memcmp.o)
 .bss           0x0000000000002620        0x0 /home/anparis/altera/15.0/nios2eds/bin/gnu/H-x86_64-pc-linux-gnu/bin/../lib/gcc/nios2-elf/4.9.1/../../../../../H-x86_64-pc-linux-gnu/nios2-elf/lib/mno-hw-mul/libsmallc.a(lib_a-__call_atexit.o)
 .bss           0x0000000000002620        0x0 ../LELEC2103-SW_bsp//libhal_bsp.a(alt_exit.o)
 *(COMMON)
                0x0000000000002620                . = ALIGN (0x4)
                0x0000000000002620                __bss_end = ABSOLUTE (.)

.onchip_mem     0x0000000000002620        0x0
                0x0000000000002620                PROVIDE (_alt_partition_onchip_mem_start, ABSOLUTE (.))
 *(.onchip_mem .onchip_mem. onchip_mem.*)
                0x0000000000002620                . = ALIGN (0x4)
                0x0000000000002620                PROVIDE (_alt_partition_onchip_mem_end, ABSOLUTE (.))
                0x0000000000002620                _end = ABSOLUTE (.)
                0x0000000000002620                end = ABSOLUTE (.)
                0x0000000000002620                __alt_stack_base = ABSOLUTE (.)
                0x0000000000002620                PROVIDE (_alt_partition_onchip_mem_load_addr, LOADADDR (.onchip_mem))

.stab
 *(.stab)

.stabstr
 *(.stabstr)

.stab.excl
 *(.stab.excl)

.stab.exclstr
 *(.stab.exclstr)

.stab.index
 *(.stab.index)

.stab.indexstr
 *(.stab.indexstr)

.comment        0x0000000000000000       0x23
 *(.comment)
 .comment       0x0000000000000000       0x23 obj/default/main.o
                                         0x24 (size before relaxing)
 .comment       0x0000000000000000       0x24 /home/anparis/altera/15.0/nios2eds/bin/gnu/H-x86_64-pc-linux-gnu/bin/../lib/gcc/nios2-elf/4.9.1/../../../../../H-x86_64-pc-linux-gnu/nios2-elf/lib/mno-hw-mul/libsmallc.a(lib_a-printf.o)
 .comment       0x0000000000000000       0x24 /home/anparis/altera/15.0/nios2eds/bin/gnu/H-x86_64-pc-linux-gnu/bin/../lib/gcc/nios2-elf/4.9.1/../../../../../H-x86_64-pc-linux-gnu/nios2-elf/lib/mno-hw-mul/libsmallc.a(lib_a-puts.o)
 .comment       0x0000000000000000       0x24 /home/anparis/altera/15.0/nios2eds/bin/gnu/H-x86_64-pc-linux-gnu/bin/../lib/gcc/nios2-elf/4.9.1/../../../../../H-x86_64-pc-linux-gnu/nios2-elf/lib/mno-hw-mul/libsmallc.a(lib_a-strlen.o)
 .comment       0x0000000000000000       0x24 /home/anparis/altera/15.0/nios2eds/bin/gnu/H-x86_64-pc-linux-gnu/bin/../lib/gcc/nios2-elf/4.9.1/../../../../../H-x86_64-pc-linux-gnu/nios2-elf/lib/mno-hw-mul/libsmallc.a(lib_a-vfprintf.o)
 .comment       0x0000000000000000       0x24 /home/anparis/altera/15.0/nios2eds/bin/gnu/H-x86_64-pc-linux-gnu/bin/../lib/gcc/nios2-elf/4.9.1/../../../../../H-x86_64-pc-linux-gnu/nios2-elf/lib/mno-hw-mul/libsmallc.a(lib_a-fvwrite_small_dev.o)
 .comment       0x0000000000000000       0x24 /home/anparis/altera/15.0/nios2eds/bin/gnu/H-x86_64-pc-linux-gnu/bin/../lib/gcc/nios2-elf/4.9.1/../../../../../H-x86_64-pc-linux-gnu/nios2-elf/lib/mno-hw-mul/libsmallc.a(lib_a-impure.o)
 .comment       0x0000000000000000       0x24 /home/anparis/altera/15.0/nios2eds/bin/gnu/H-x86_64-pc-linux-gnu/bin/../lib/gcc/nios2-elf/4.9.1/../../../../../H-x86_64-pc-linux-gnu/nios2-elf/lib/mno-hw-mul/libsmallc.a(lib_a-writer.o)
 .comment       0x0000000000000000       0x24 /home/anparis/altera/15.0/nios2eds/bin/gnu/H-x86_64-pc-linux-gnu/bin/../lib/gcc/nios2-elf/4.9.1/../../../../../H-x86_64-pc-linux-gnu/nios2-elf/lib/mno-hw-mul/libsmallc.a(lib_a-int_errno.o)
 .comment       0x0000000000000000       0x24 /home/anparis/altera/15.0/nios2eds/bin/gnu/H-x86_64-pc-linux-gnu/bin/../lib/gcc/nios2-elf/4.9.1/mno-hw-mul/libgcc.a(lib2-divmod.o)
 .comment       0x0000000000000000       0x24 /home/anparis/altera/15.0/nios2eds/bin/gnu/H-x86_64-pc-linux-gnu/bin/../lib/gcc/nios2-elf/4.9.1/mno-hw-mul/libgcc.a(lib2-mul.o)
 .comment       0x0000000000000000       0x24 ../LELEC2103-SW_bsp//libhal_bsp.a(alt_load.o)
 .comment       0x0000000000000000       0x24 ../LELEC2103-SW_bsp//libhal_bsp.a(alt_main.o)
 .comment       0x0000000000000000       0x24 ../LELEC2103-SW_bsp//libhal_bsp.a(alt_write.o)
 .comment       0x0000000000000000       0x24 ../LELEC2103-SW_bsp//libhal_bsp.a(alt_sys_init.o)
 .comment       0x0000000000000000       0x24 ../LELEC2103-SW_bsp//libhal_bsp.a(altera_avalon_jtag_uart_fd.o)
 .comment       0x0000000000000000       0x24 ../LELEC2103-SW_bsp//libhal_bsp.a(altera_avalon_jtag_uart_read.o)
 .comment       0x0000000000000000       0x24 ../LELEC2103-SW_bsp//libhal_bsp.a(altera_avalon_jtag_uart_write.o)
 .comment       0x0000000000000000       0x24 ../LELEC2103-SW_bsp//libhal_bsp.a(alt_close.o)
 .comment       0x0000000000000000       0x24 ../LELEC2103-SW_bsp//libhal_bsp.a(alt_dcache_flush_all.o)
 .comment       0x0000000000000000       0x24 ../LELEC2103-SW_bsp//libhal_bsp.a(alt_dev.o)
 .comment       0x0000000000000000       0x24 ../LELEC2103-SW_bsp//libhal_bsp.a(alt_dev_llist_insert.o)
 .comment       0x0000000000000000       0x24 ../LELEC2103-SW_bsp//libhal_bsp.a(alt_errno.o)
 .comment       0x0000000000000000       0x24 ../LELEC2103-SW_bsp//libhal_bsp.a(alt_icache_flush_all.o)
 .comment       0x0000000000000000       0x24 ../LELEC2103-SW_bsp//libhal_bsp.a(alt_io_redirect.o)
 .comment       0x0000000000000000       0x24 ../LELEC2103-SW_bsp//libhal_bsp.a(alt_open.o)
 .comment       0x0000000000000000       0x24 ../LELEC2103-SW_bsp//libhal_bsp.a(alt_release_fd.o)
 .comment       0x0000000000000000       0x24 ../LELEC2103-SW_bsp//libhal_bsp.a(altera_nios2_gen2_irq.o)
 .comment       0x0000000000000000       0x24 ../LELEC2103-SW_bsp//libhal_bsp.a(alt_find_dev.o)
 .comment       0x0000000000000000       0x24 ../LELEC2103-SW_bsp//libhal_bsp.a(alt_find_file.o)
 .comment       0x0000000000000000       0x24 ../LELEC2103-SW_bsp//libhal_bsp.a(alt_get_fd.o)
 .comment       0x0000000000000000       0x24 /home/anparis/altera/15.0/nios2eds/bin/gnu/H-x86_64-pc-linux-gnu/bin/../lib/gcc/nios2-elf/4.9.1/../../../../../H-x86_64-pc-linux-gnu/nios2-elf/lib/mno-hw-mul/libsmallc.a(lib_a-exit.o)
 .comment       0x0000000000000000       0x24 /home/anparis/altera/15.0/nios2eds/bin/gnu/H-x86_64-pc-linux-gnu/bin/../lib/gcc/nios2-elf/4.9.1/../../../../../H-x86_64-pc-linux-gnu/nios2-elf/lib/mno-hw-mul/libsmallc.a(lib_a-memcmp.o)
 .comment       0x0000000000000000       0x24 /home/anparis/altera/15.0/nios2eds/bin/gnu/H-x86_64-pc-linux-gnu/bin/../lib/gcc/nios2-elf/4.9.1/../../../../../H-x86_64-pc-linux-gnu/nios2-elf/lib/mno-hw-mul/libsmallc.a(lib_a-__call_atexit.o)
 .comment       0x0000000000000000       0x24 ../LELEC2103-SW_bsp//libhal_bsp.a(alt_exit.o)

.debug
 *(.debug)

.line
 *(.line)

.debug_srcinfo
 *(.debug_srcinfo)

.debug_sfnames
 *(.debug_sfnames)

.debug_aranges  0x0000000000000000      0x470
 *(.debug_aranges)
 .debug_aranges
                0x0000000000000000       0x28 ../LELEC2103-SW_bsp//obj/HAL/src/crt0.o
 .debug_aranges
                0x0000000000000028       0x20 obj/default/main.o
 .debug_aranges
                0x0000000000000048       0x20 /home/anparis/altera/15.0/nios2eds/bin/gnu/H-x86_64-pc-linux-gnu/bin/../lib/gcc/nios2-elf/4.9.1/../../../../../H-x86_64-pc-linux-gnu/nios2-elf/lib/mno-hw-mul/libsmallc.a(lib_a-printf.o)
 .debug_aranges
                0x0000000000000068       0x20 /home/anparis/altera/15.0/nios2eds/bin/gnu/H-x86_64-pc-linux-gnu/bin/../lib/gcc/nios2-elf/4.9.1/../../../../../H-x86_64-pc-linux-gnu/nios2-elf/lib/mno-hw-mul/libsmallc.a(lib_a-puts.o)
 .debug_aranges
                0x0000000000000088       0x20 /home/anparis/altera/15.0/nios2eds/bin/gnu/H-x86_64-pc-linux-gnu/bin/../lib/gcc/nios2-elf/4.9.1/../../../../../H-x86_64-pc-linux-gnu/nios2-elf/lib/mno-hw-mul/libsmallc.a(lib_a-strlen.o)
 .debug_aranges
                0x00000000000000a8       0x20 /home/anparis/altera/15.0/nios2eds/bin/gnu/H-x86_64-pc-linux-gnu/bin/../lib/gcc/nios2-elf/4.9.1/../../../../../H-x86_64-pc-linux-gnu/nios2-elf/lib/mno-hw-mul/libsmallc.a(lib_a-vfprintf.o)
 .debug_aranges
                0x00000000000000c8       0x20 /home/anparis/altera/15.0/nios2eds/bin/gnu/H-x86_64-pc-linux-gnu/bin/../lib/gcc/nios2-elf/4.9.1/../../../../../H-x86_64-pc-linux-gnu/nios2-elf/lib/mno-hw-mul/libsmallc.a(lib_a-fvwrite_small_dev.o)
 .debug_aranges
                0x00000000000000e8       0x18 /home/anparis/altera/15.0/nios2eds/bin/gnu/H-x86_64-pc-linux-gnu/bin/../lib/gcc/nios2-elf/4.9.1/../../../../../H-x86_64-pc-linux-gnu/nios2-elf/lib/mno-hw-mul/libsmallc.a(lib_a-impure.o)
 .debug_aranges
                0x0000000000000100       0x20 /home/anparis/altera/15.0/nios2eds/bin/gnu/H-x86_64-pc-linux-gnu/bin/../lib/gcc/nios2-elf/4.9.1/../../../../../H-x86_64-pc-linux-gnu/nios2-elf/lib/mno-hw-mul/libsmallc.a(lib_a-writer.o)
 .debug_aranges
                0x0000000000000120       0x18 /home/anparis/altera/15.0/nios2eds/bin/gnu/H-x86_64-pc-linux-gnu/bin/../lib/gcc/nios2-elf/4.9.1/../../../../../H-x86_64-pc-linux-gnu/nios2-elf/lib/mno-hw-mul/libsmallc.a(lib_a-int_errno.o)
 .debug_aranges
                0x0000000000000138       0x20 /home/anparis/altera/15.0/nios2eds/bin/gnu/H-x86_64-pc-linux-gnu/bin/../lib/gcc/nios2-elf/4.9.1/mno-hw-mul/libgcc.a(lib2-divmod.o)
 .debug_aranges
                0x0000000000000158       0x20 /home/anparis/altera/15.0/nios2eds/bin/gnu/H-x86_64-pc-linux-gnu/bin/../lib/gcc/nios2-elf/4.9.1/mno-hw-mul/libgcc.a(lib2-mul.o)
 .debug_aranges
                0x0000000000000178       0x20 ../LELEC2103-SW_bsp//libhal_bsp.a(alt_load.o)
 .debug_aranges
                0x0000000000000198       0x20 ../LELEC2103-SW_bsp//libhal_bsp.a(alt_main.o)
 .debug_aranges
                0x00000000000001b8       0x20 ../LELEC2103-SW_bsp//libhal_bsp.a(alt_write.o)
 .debug_aranges
                0x00000000000001d8       0x20 ../LELEC2103-SW_bsp//libhal_bsp.a(alt_sys_init.o)
 .debug_aranges
                0x00000000000001f8       0x20 ../LELEC2103-SW_bsp//libhal_bsp.a(altera_avalon_jtag_uart_fd.o)
 .debug_aranges
                0x0000000000000218       0x20 ../LELEC2103-SW_bsp//libhal_bsp.a(altera_avalon_jtag_uart_read.o)
 .debug_aranges
                0x0000000000000238       0x20 ../LELEC2103-SW_bsp//libhal_bsp.a(altera_avalon_jtag_uart_write.o)
 .debug_aranges
                0x0000000000000258       0x20 ../LELEC2103-SW_bsp//libhal_bsp.a(alt_close.o)
 .debug_aranges
                0x0000000000000278       0x20 ../LELEC2103-SW_bsp//libhal_bsp.a(alt_dcache_flush_all.o)
 .debug_aranges
                0x0000000000000298       0x20 ../LELEC2103-SW_bsp//libhal_bsp.a(alt_dev.o)
 .debug_aranges
                0x00000000000002b8       0x20 ../LELEC2103-SW_bsp//libhal_bsp.a(alt_dev_llist_insert.o)
 .debug_aranges
                0x00000000000002d8       0x18 ../LELEC2103-SW_bsp//libhal_bsp.a(alt_errno.o)
 .debug_aranges
                0x00000000000002f0       0x20 ../LELEC2103-SW_bsp//libhal_bsp.a(alt_icache_flush_all.o)
 .debug_aranges
                0x0000000000000310       0x20 ../LELEC2103-SW_bsp//libhal_bsp.a(alt_io_redirect.o)
 .debug_aranges
                0x0000000000000330       0x20 ../LELEC2103-SW_bsp//libhal_bsp.a(alt_open.o)
 .debug_aranges
                0x0000000000000350       0x20 ../LELEC2103-SW_bsp//libhal_bsp.a(alt_release_fd.o)
 .debug_aranges
                0x0000000000000370       0x20 ../LELEC2103-SW_bsp//libhal_bsp.a(altera_nios2_gen2_irq.o)
 .debug_aranges
                0x0000000000000390       0x20 ../LELEC2103-SW_bsp//libhal_bsp.a(alt_find_dev.o)
 .debug_aranges
                0x00000000000003b0       0x20 ../LELEC2103-SW_bsp//libhal_bsp.a(alt_find_file.o)
 .debug_aranges
                0x00000000000003d0       0x20 ../LELEC2103-SW_bsp//libhal_bsp.a(alt_get_fd.o)
 .debug_aranges
                0x00000000000003f0       0x20 /home/anparis/altera/15.0/nios2eds/bin/gnu/H-x86_64-pc-linux-gnu/bin/../lib/gcc/nios2-elf/4.9.1/../../../../../H-x86_64-pc-linux-gnu/nios2-elf/lib/mno-hw-mul/libsmallc.a(lib_a-exit.o)
 .debug_aranges
                0x0000000000000410       0x20 /home/anparis/altera/15.0/nios2eds/bin/gnu/H-x86_64-pc-linux-gnu/bin/../lib/gcc/nios2-elf/4.9.1/../../../../../H-x86_64-pc-linux-gnu/nios2-elf/lib/mno-hw-mul/libsmallc.a(lib_a-memcmp.o)
 .debug_aranges
                0x0000000000000430       0x20 /home/anparis/altera/15.0/nios2eds/bin/gnu/H-x86_64-pc-linux-gnu/bin/../lib/gcc/nios2-elf/4.9.1/../../../../../H-x86_64-pc-linux-gnu/nios2-elf/lib/mno-hw-mul/libsmallc.a(lib_a-__call_atexit.o)
 .debug_aranges
                0x0000000000000450       0x20 ../LELEC2103-SW_bsp//libhal_bsp.a(alt_exit.o)

.debug_pubnames
 *(.debug_pubnames)

.debug_info     0x0000000000000000     0x6c74
 *(.debug_info .gnu.linkonce.wi.*)
 .debug_info    0x0000000000000000       0x75 ../LELEC2103-SW_bsp//obj/HAL/src/crt0.o
 .debug_info    0x0000000000000075      0x2c1 obj/default/main.o
 .debug_info    0x0000000000000336      0x6c7 /home/anparis/altera/15.0/nios2eds/bin/gnu/H-x86_64-pc-linux-gnu/bin/../lib/gcc/nios2-elf/4.9.1/../../../../../H-x86_64-pc-linux-gnu/nios2-elf/lib/mno-hw-mul/libsmallc.a(lib_a-printf.o)
 .debug_info    0x00000000000009fd      0x685 /home/anparis/altera/15.0/nios2eds/bin/gnu/H-x86_64-pc-linux-gnu/bin/../lib/gcc/nios2-elf/4.9.1/../../../../../H-x86_64-pc-linux-gnu/nios2-elf/lib/mno-hw-mul/libsmallc.a(lib_a-puts.o)
 .debug_info    0x0000000000001082       0xc2 /home/anparis/altera/15.0/nios2eds/bin/gnu/H-x86_64-pc-linux-gnu/bin/../lib/gcc/nios2-elf/4.9.1/../../../../../H-x86_64-pc-linux-gnu/nios2-elf/lib/mno-hw-mul/libsmallc.a(lib_a-strlen.o)
 .debug_info    0x0000000000001144      0xb49 /home/anparis/altera/15.0/nios2eds/bin/gnu/H-x86_64-pc-linux-gnu/bin/../lib/gcc/nios2-elf/4.9.1/../../../../../H-x86_64-pc-linux-gnu/nios2-elf/lib/mno-hw-mul/libsmallc.a(lib_a-vfprintf.o)
 .debug_info    0x0000000000001c8d      0x656 /home/anparis/altera/15.0/nios2eds/bin/gnu/H-x86_64-pc-linux-gnu/bin/../lib/gcc/nios2-elf/4.9.1/../../../../../H-x86_64-pc-linux-gnu/nios2-elf/lib/mno-hw-mul/libsmallc.a(lib_a-fvwrite_small_dev.o)
 .debug_info    0x00000000000022e3      0x5a7 /home/anparis/altera/15.0/nios2eds/bin/gnu/H-x86_64-pc-linux-gnu/bin/../lib/gcc/nios2-elf/4.9.1/../../../../../H-x86_64-pc-linux-gnu/nios2-elf/lib/mno-hw-mul/libsmallc.a(lib_a-impure.o)
 .debug_info    0x000000000000288a      0x639 /home/anparis/altera/15.0/nios2eds/bin/gnu/H-x86_64-pc-linux-gnu/bin/../lib/gcc/nios2-elf/4.9.1/../../../../../H-x86_64-pc-linux-gnu/nios2-elf/lib/mno-hw-mul/libsmallc.a(lib_a-writer.o)
 .debug_info    0x0000000000002ec3       0x83 /home/anparis/altera/15.0/nios2eds/bin/gnu/H-x86_64-pc-linux-gnu/bin/../lib/gcc/nios2-elf/4.9.1/../../../../../H-x86_64-pc-linux-gnu/nios2-elf/lib/mno-hw-mul/libsmallc.a(lib_a-int_errno.o)
 .debug_info    0x0000000000002f46      0x234 /home/anparis/altera/15.0/nios2eds/bin/gnu/H-x86_64-pc-linux-gnu/bin/../lib/gcc/nios2-elf/4.9.1/mno-hw-mul/libgcc.a(lib2-divmod.o)
 .debug_info    0x000000000000317a       0xb4 /home/anparis/altera/15.0/nios2eds/bin/gnu/H-x86_64-pc-linux-gnu/bin/../lib/gcc/nios2-elf/4.9.1/mno-hw-mul/libgcc.a(lib2-mul.o)
 .debug_info    0x000000000000322e      0x13e ../LELEC2103-SW_bsp//libhal_bsp.a(alt_load.o)
 .debug_info    0x000000000000336c      0x12a ../LELEC2103-SW_bsp//libhal_bsp.a(alt_main.o)
 .debug_info    0x0000000000003496      0x4b0 ../LELEC2103-SW_bsp//libhal_bsp.a(alt_write.o)
 .debug_info    0x0000000000003946      0x3c2 ../LELEC2103-SW_bsp//libhal_bsp.a(alt_sys_init.o)
 .debug_info    0x0000000000003d08      0x3a0 ../LELEC2103-SW_bsp//libhal_bsp.a(altera_avalon_jtag_uart_fd.o)
 .debug_info    0x00000000000040a8      0x1af ../LELEC2103-SW_bsp//libhal_bsp.a(altera_avalon_jtag_uart_read.o)
 .debug_info    0x0000000000004257      0x18e ../LELEC2103-SW_bsp//libhal_bsp.a(altera_avalon_jtag_uart_write.o)
 .debug_info    0x00000000000043e5      0x31a ../LELEC2103-SW_bsp//libhal_bsp.a(alt_close.o)
 .debug_info    0x00000000000046ff       0x8b ../LELEC2103-SW_bsp//libhal_bsp.a(alt_dcache_flush_all.o)
 .debug_info    0x000000000000478a      0x495 ../LELEC2103-SW_bsp//libhal_bsp.a(alt_dev.o)
 .debug_info    0x0000000000004c1f      0x1a2 ../LELEC2103-SW_bsp//libhal_bsp.a(alt_dev_llist_insert.o)
 .debug_info    0x0000000000004dc1       0x9f ../LELEC2103-SW_bsp//libhal_bsp.a(alt_errno.o)
 .debug_info    0x0000000000004e60       0x8b ../LELEC2103-SW_bsp//libhal_bsp.a(alt_icache_flush_all.o)
 .debug_info    0x0000000000004eeb      0x49e ../LELEC2103-SW_bsp//libhal_bsp.a(alt_io_redirect.o)
 .debug_info    0x0000000000005389      0x3b4 ../LELEC2103-SW_bsp//libhal_bsp.a(alt_open.o)
 .debug_info    0x000000000000573d      0x2b0 ../LELEC2103-SW_bsp//libhal_bsp.a(alt_release_fd.o)
 .debug_info    0x00000000000059ed       0x8b ../LELEC2103-SW_bsp//libhal_bsp.a(altera_nios2_gen2_irq.o)
 .debug_info    0x0000000000005a78      0x2e2 ../LELEC2103-SW_bsp//libhal_bsp.a(alt_find_dev.o)
 .debug_info    0x0000000000005d5a      0x2df ../LELEC2103-SW_bsp//libhal_bsp.a(alt_find_file.o)
 .debug_info    0x0000000000006039      0x309 ../LELEC2103-SW_bsp//libhal_bsp.a(alt_get_fd.o)
 .debug_info    0x0000000000006342       0xed /home/anparis/altera/15.0/nios2eds/bin/gnu/H-x86_64-pc-linux-gnu/bin/../lib/gcc/nios2-elf/4.9.1/../../../../../H-x86_64-pc-linux-gnu/nios2-elf/lib/mno-hw-mul/libsmallc.a(lib_a-exit.o)
 .debug_info    0x000000000000642f       0xed /home/anparis/altera/15.0/nios2eds/bin/gnu/H-x86_64-pc-linux-gnu/bin/../lib/gcc/nios2-elf/4.9.1/../../../../../H-x86_64-pc-linux-gnu/nios2-elf/lib/mno-hw-mul/libsmallc.a(lib_a-memcmp.o)
 .debug_info    0x000000000000651c      0x673 /home/anparis/altera/15.0/nios2eds/bin/gnu/H-x86_64-pc-linux-gnu/bin/../lib/gcc/nios2-elf/4.9.1/../../../../../H-x86_64-pc-linux-gnu/nios2-elf/lib/mno-hw-mul/libsmallc.a(lib_a-__call_atexit.o)
 .debug_info    0x0000000000006b8f       0xe5 ../LELEC2103-SW_bsp//libhal_bsp.a(alt_exit.o)

.debug_abbrev   0x0000000000000000     0x2300
 *(.debug_abbrev)
 .debug_abbrev  0x0000000000000000       0x12 ../LELEC2103-SW_bsp//obj/HAL/src/crt0.o
 .debug_abbrev  0x0000000000000012      0x11f obj/default/main.o
 .debug_abbrev  0x0000000000000131      0x1fe /home/anparis/altera/15.0/nios2eds/bin/gnu/H-x86_64-pc-linux-gnu/bin/../lib/gcc/nios2-elf/4.9.1/../../../../../H-x86_64-pc-linux-gnu/nios2-elf/lib/mno-hw-mul/libsmallc.a(lib_a-printf.o)
 .debug_abbrev  0x000000000000032f      0x1ed /home/anparis/altera/15.0/nios2eds/bin/gnu/H-x86_64-pc-linux-gnu/bin/../lib/gcc/nios2-elf/4.9.1/../../../../../H-x86_64-pc-linux-gnu/nios2-elf/lib/mno-hw-mul/libsmallc.a(lib_a-puts.o)
 .debug_abbrev  0x000000000000051c       0x7f /home/anparis/altera/15.0/nios2eds/bin/gnu/H-x86_64-pc-linux-gnu/bin/../lib/gcc/nios2-elf/4.9.1/../../../../../H-x86_64-pc-linux-gnu/nios2-elf/lib/mno-hw-mul/libsmallc.a(lib_a-strlen.o)
 .debug_abbrev  0x000000000000059b      0x2a1 /home/anparis/altera/15.0/nios2eds/bin/gnu/H-x86_64-pc-linux-gnu/bin/../lib/gcc/nios2-elf/4.9.1/../../../../../H-x86_64-pc-linux-gnu/nios2-elf/lib/mno-hw-mul/libsmallc.a(lib_a-vfprintf.o)
 .debug_abbrev  0x000000000000083c      0x1c3 /home/anparis/altera/15.0/nios2eds/bin/gnu/H-x86_64-pc-linux-gnu/bin/../lib/gcc/nios2-elf/4.9.1/../../../../../H-x86_64-pc-linux-gnu/nios2-elf/lib/mno-hw-mul/libsmallc.a(lib_a-fvwrite_small_dev.o)
 .debug_abbrev  0x00000000000009ff      0x14a /home/anparis/altera/15.0/nios2eds/bin/gnu/H-x86_64-pc-linux-gnu/bin/../lib/gcc/nios2-elf/4.9.1/../../../../../H-x86_64-pc-linux-gnu/nios2-elf/lib/mno-hw-mul/libsmallc.a(lib_a-impure.o)
 .debug_abbrev  0x0000000000000b49      0x1a8 /home/anparis/altera/15.0/nios2eds/bin/gnu/H-x86_64-pc-linux-gnu/bin/../lib/gcc/nios2-elf/4.9.1/../../../../../H-x86_64-pc-linux-gnu/nios2-elf/lib/mno-hw-mul/libsmallc.a(lib_a-writer.o)
 .debug_abbrev  0x0000000000000cf1       0x37 /home/anparis/altera/15.0/nios2eds/bin/gnu/H-x86_64-pc-linux-gnu/bin/../lib/gcc/nios2-elf/4.9.1/../../../../../H-x86_64-pc-linux-gnu/nios2-elf/lib/mno-hw-mul/libsmallc.a(lib_a-int_errno.o)
 .debug_abbrev  0x0000000000000d28       0xd9 /home/anparis/altera/15.0/nios2eds/bin/gnu/H-x86_64-pc-linux-gnu/bin/../lib/gcc/nios2-elf/4.9.1/mno-hw-mul/libgcc.a(lib2-divmod.o)
 .debug_abbrev  0x0000000000000e01       0x6f /home/anparis/altera/15.0/nios2eds/bin/gnu/H-x86_64-pc-linux-gnu/bin/../lib/gcc/nios2-elf/4.9.1/mno-hw-mul/libgcc.a(lib2-mul.o)
 .debug_abbrev  0x0000000000000e70       0x9f ../LELEC2103-SW_bsp//libhal_bsp.a(alt_load.o)
 .debug_abbrev  0x0000000000000f0f       0xba ../LELEC2103-SW_bsp//libhal_bsp.a(alt_main.o)
 .debug_abbrev  0x0000000000000fc9      0x133 ../LELEC2103-SW_bsp//libhal_bsp.a(alt_write.o)
 .debug_abbrev  0x00000000000010fc      0x157 ../LELEC2103-SW_bsp//libhal_bsp.a(alt_sys_init.o)
 .debug_abbrev  0x0000000000001253       0xf7 ../LELEC2103-SW_bsp//libhal_bsp.a(altera_avalon_jtag_uart_fd.o)
 .debug_abbrev  0x000000000000134a       0xd7 ../LELEC2103-SW_bsp//libhal_bsp.a(altera_avalon_jtag_uart_read.o)
 .debug_abbrev  0x0000000000001421       0xd5 ../LELEC2103-SW_bsp//libhal_bsp.a(altera_avalon_jtag_uart_write.o)
 .debug_abbrev  0x00000000000014f6      0x11f ../LELEC2103-SW_bsp//libhal_bsp.a(alt_close.o)
 .debug_abbrev  0x0000000000001615       0x42 ../LELEC2103-SW_bsp//libhal_bsp.a(alt_dcache_flush_all.o)
 .debug_abbrev  0x0000000000001657       0xd9 ../LELEC2103-SW_bsp//libhal_bsp.a(alt_dev.o)
 .debug_abbrev  0x0000000000001730      0x114 ../LELEC2103-SW_bsp//libhal_bsp.a(alt_dev_llist_insert.o)
 .debug_abbrev  0x0000000000001844       0x5a ../LELEC2103-SW_bsp//libhal_bsp.a(alt_errno.o)
 .debug_abbrev  0x000000000000189e       0x42 ../LELEC2103-SW_bsp//libhal_bsp.a(alt_icache_flush_all.o)
 .debug_abbrev  0x00000000000018e0      0x114 ../LELEC2103-SW_bsp//libhal_bsp.a(alt_io_redirect.o)
 .debug_abbrev  0x00000000000019f4      0x148 ../LELEC2103-SW_bsp//libhal_bsp.a(alt_open.o)
 .debug_abbrev  0x0000000000001b3c       0xde ../LELEC2103-SW_bsp//libhal_bsp.a(alt_release_fd.o)
 .debug_abbrev  0x0000000000001c1a       0x42 ../LELEC2103-SW_bsp//libhal_bsp.a(altera_nios2_gen2_irq.o)
 .debug_abbrev  0x0000000000001c5c       0xf0 ../LELEC2103-SW_bsp//libhal_bsp.a(alt_find_dev.o)
 .debug_abbrev  0x0000000000001d4c       0xf0 ../LELEC2103-SW_bsp//libhal_bsp.a(alt_find_file.o)
 .debug_abbrev  0x0000000000001e3c      0x10d ../LELEC2103-SW_bsp//libhal_bsp.a(alt_get_fd.o)
 .debug_abbrev  0x0000000000001f49       0xa9 /home/anparis/altera/15.0/nios2eds/bin/gnu/H-x86_64-pc-linux-gnu/bin/../lib/gcc/nios2-elf/4.9.1/../../../../../H-x86_64-pc-linux-gnu/nios2-elf/lib/mno-hw-mul/libsmallc.a(lib_a-exit.o)
 .debug_abbrev  0x0000000000001ff2       0x7f /home/anparis/altera/15.0/nios2eds/bin/gnu/H-x86_64-pc-linux-gnu/bin/../lib/gcc/nios2-elf/4.9.1/../../../../../H-x86_64-pc-linux-gnu/nios2-elf/lib/mno-hw-mul/libsmallc.a(lib_a-memcmp.o)
 .debug_abbrev  0x0000000000002071      0x1e9 /home/anparis/altera/15.0/nios2eds/bin/gnu/H-x86_64-pc-linux-gnu/bin/../lib/gcc/nios2-elf/4.9.1/../../../../../H-x86_64-pc-linux-gnu/nios2-elf/lib/mno-hw-mul/libsmallc.a(lib_a-__call_atexit.o)
 .debug_abbrev  0x000000000000225a       0xa6 ../LELEC2103-SW_bsp//libhal_bsp.a(alt_exit.o)

.debug_line     0x0000000000000000     0x2781
 *(.debug_line)
 .debug_line    0x0000000000000000       0x66 ../LELEC2103-SW_bsp//obj/HAL/src/crt0.o
 .debug_line    0x0000000000000066       0xd7 obj/default/main.o
 .debug_line    0x000000000000013d      0x1fd /home/anparis/altera/15.0/nios2eds/bin/gnu/H-x86_64-pc-linux-gnu/bin/../lib/gcc/nios2-elf/4.9.1/../../../../../H-x86_64-pc-linux-gnu/nios2-elf/lib/mno-hw-mul/libsmallc.a(lib_a-printf.o)
 .debug_line    0x000000000000033a      0x1ff /home/anparis/altera/15.0/nios2eds/bin/gnu/H-x86_64-pc-linux-gnu/bin/../lib/gcc/nios2-elf/4.9.1/../../../../../H-x86_64-pc-linux-gnu/nios2-elf/lib/mno-hw-mul/libsmallc.a(lib_a-puts.o)
 .debug_line    0x0000000000000539      0x15e /home/anparis/altera/15.0/nios2eds/bin/gnu/H-x86_64-pc-linux-gnu/bin/../lib/gcc/nios2-elf/4.9.1/../../../../../H-x86_64-pc-linux-gnu/nios2-elf/lib/mno-hw-mul/libsmallc.a(lib_a-strlen.o)
 .debug_line    0x0000000000000697      0x34d /home/anparis/altera/15.0/nios2eds/bin/gnu/H-x86_64-pc-linux-gnu/bin/../lib/gcc/nios2-elf/4.9.1/../../../../../H-x86_64-pc-linux-gnu/nios2-elf/lib/mno-hw-mul/libsmallc.a(lib_a-vfprintf.o)
 .debug_line    0x00000000000009e4      0x1f5 /home/anparis/altera/15.0/nios2eds/bin/gnu/H-x86_64-pc-linux-gnu/bin/../lib/gcc/nios2-elf/4.9.1/../../../../../H-x86_64-pc-linux-gnu/nios2-elf/lib/mno-hw-mul/libsmallc.a(lib_a-fvwrite_small_dev.o)
 .debug_line    0x0000000000000bd9      0x158 /home/anparis/altera/15.0/nios2eds/bin/gnu/H-x86_64-pc-linux-gnu/bin/../lib/gcc/nios2-elf/4.9.1/../../../../../H-x86_64-pc-linux-gnu/nios2-elf/lib/mno-hw-mul/libsmallc.a(lib_a-impure.o)
 .debug_line    0x0000000000000d31      0x1f0 /home/anparis/altera/15.0/nios2eds/bin/gnu/H-x86_64-pc-linux-gnu/bin/../lib/gcc/nios2-elf/4.9.1/../../../../../H-x86_64-pc-linux-gnu/nios2-elf/lib/mno-hw-mul/libsmallc.a(lib_a-writer.o)
 .debug_line    0x0000000000000f21       0x60 /home/anparis/altera/15.0/nios2eds/bin/gnu/H-x86_64-pc-linux-gnu/bin/../lib/gcc/nios2-elf/4.9.1/../../../../../H-x86_64-pc-linux-gnu/nios2-elf/lib/mno-hw-mul/libsmallc.a(lib_a-int_errno.o)
 .debug_line    0x0000000000000f81       0xc7 /home/anparis/altera/15.0/nios2eds/bin/gnu/H-x86_64-pc-linux-gnu/bin/../lib/gcc/nios2-elf/4.9.1/mno-hw-mul/libgcc.a(lib2-divmod.o)
 .debug_line    0x0000000000001048       0x80 /home/anparis/altera/15.0/nios2eds/bin/gnu/H-x86_64-pc-linux-gnu/bin/../lib/gcc/nios2-elf/4.9.1/mno-hw-mul/libgcc.a(lib2-mul.o)
 .debug_line    0x00000000000010c8       0x8d ../LELEC2103-SW_bsp//libhal_bsp.a(alt_load.o)
 .debug_line    0x0000000000001155       0x9e ../LELEC2103-SW_bsp//libhal_bsp.a(alt_main.o)
 .debug_line    0x00000000000011f3      0x1ec ../LELEC2103-SW_bsp//libhal_bsp.a(alt_write.o)
 .debug_line    0x00000000000013df      0x126 ../LELEC2103-SW_bsp//libhal_bsp.a(alt_sys_init.o)
 .debug_line    0x0000000000001505      0x112 ../LELEC2103-SW_bsp//libhal_bsp.a(altera_avalon_jtag_uart_fd.o)
 .debug_line    0x0000000000001617       0xff ../LELEC2103-SW_bsp//libhal_bsp.a(altera_avalon_jtag_uart_read.o)
 .debug_line    0x0000000000001716       0xf4 ../LELEC2103-SW_bsp//libhal_bsp.a(altera_avalon_jtag_uart_write.o)
 .debug_line    0x000000000000180a      0x16e ../LELEC2103-SW_bsp//libhal_bsp.a(alt_close.o)
 .debug_line    0x0000000000001978       0x51 ../LELEC2103-SW_bsp//libhal_bsp.a(alt_dcache_flush_all.o)
 .debug_line    0x00000000000019c9      0x100 ../LELEC2103-SW_bsp//libhal_bsp.a(alt_dev.o)
 .debug_line    0x0000000000001ac9       0xd0 ../LELEC2103-SW_bsp//libhal_bsp.a(alt_dev_llist_insert.o)
 .debug_line    0x0000000000001b99       0x51 ../LELEC2103-SW_bsp//libhal_bsp.a(alt_errno.o)
 .debug_line    0x0000000000001bea       0x4f ../LELEC2103-SW_bsp//libhal_bsp.a(alt_icache_flush_all.o)
 .debug_line    0x0000000000001c39      0x13d ../LELEC2103-SW_bsp//libhal_bsp.a(alt_io_redirect.o)
 .debug_line    0x0000000000001d76      0x12d ../LELEC2103-SW_bsp//libhal_bsp.a(alt_open.o)
 .debug_line    0x0000000000001ea3       0xb0 ../LELEC2103-SW_bsp//libhal_bsp.a(alt_release_fd.o)
 .debug_line    0x0000000000001f53       0x51 ../LELEC2103-SW_bsp//libhal_bsp.a(altera_nios2_gen2_irq.o)
 .debug_line    0x0000000000001fa4       0xb5 ../LELEC2103-SW_bsp//libhal_bsp.a(alt_find_dev.o)
 .debug_line    0x0000000000002059       0xd1 ../LELEC2103-SW_bsp//libhal_bsp.a(alt_find_file.o)
 .debug_line    0x000000000000212a       0xd8 ../LELEC2103-SW_bsp//libhal_bsp.a(alt_get_fd.o)
 .debug_line    0x0000000000002202      0x15a /home/anparis/altera/15.0/nios2eds/bin/gnu/H-x86_64-pc-linux-gnu/bin/../lib/gcc/nios2-elf/4.9.1/../../../../../H-x86_64-pc-linux-gnu/nios2-elf/lib/mno-hw-mul/libsmallc.a(lib_a-exit.o)
 .debug_line    0x000000000000235c      0x162 /home/anparis/altera/15.0/nios2eds/bin/gnu/H-x86_64-pc-linux-gnu/bin/../lib/gcc/nios2-elf/4.9.1/../../../../../H-x86_64-pc-linux-gnu/nios2-elf/lib/mno-hw-mul/libsmallc.a(lib_a-memcmp.o)
 .debug_line    0x00000000000024be      0x252 /home/anparis/altera/15.0/nios2eds/bin/gnu/H-x86_64-pc-linux-gnu/bin/../lib/gcc/nios2-elf/4.9.1/../../../../../H-x86_64-pc-linux-gnu/nios2-elf/lib/mno-hw-mul/libsmallc.a(lib_a-__call_atexit.o)
 .debug_line    0x0000000000002710       0x71 ../LELEC2103-SW_bsp//libhal_bsp.a(alt_exit.o)

.debug_frame    0x0000000000000000      0x940
 *(.debug_frame)
 .debug_frame   0x0000000000000000       0x78 obj/default/main.o
 .debug_frame   0x0000000000000078       0x48 /home/anparis/altera/15.0/nios2eds/bin/gnu/H-x86_64-pc-linux-gnu/bin/../lib/gcc/nios2-elf/4.9.1/../../../../../H-x86_64-pc-linux-gnu/nios2-elf/lib/mno-hw-mul/libsmallc.a(lib_a-printf.o)
 .debug_frame   0x00000000000000c0       0x48 /home/anparis/altera/15.0/nios2eds/bin/gnu/H-x86_64-pc-linux-gnu/bin/../lib/gcc/nios2-elf/4.9.1/../../../../../H-x86_64-pc-linux-gnu/nios2-elf/lib/mno-hw-mul/libsmallc.a(lib_a-puts.o)
 .debug_frame   0x0000000000000108       0x20 /home/anparis/altera/15.0/nios2eds/bin/gnu/H-x86_64-pc-linux-gnu/bin/../lib/gcc/nios2-elf/4.9.1/../../../../../H-x86_64-pc-linux-gnu/nios2-elf/lib/mno-hw-mul/libsmallc.a(lib_a-strlen.o)
 .debug_frame   0x0000000000000128       0x8c /home/anparis/altera/15.0/nios2eds/bin/gnu/H-x86_64-pc-linux-gnu/bin/../lib/gcc/nios2-elf/4.9.1/../../../../../H-x86_64-pc-linux-gnu/nios2-elf/lib/mno-hw-mul/libsmallc.a(lib_a-vfprintf.o)
 .debug_frame   0x00000000000001b4       0x40 /home/anparis/altera/15.0/nios2eds/bin/gnu/H-x86_64-pc-linux-gnu/bin/../lib/gcc/nios2-elf/4.9.1/../../../../../H-x86_64-pc-linux-gnu/nios2-elf/lib/mno-hw-mul/libsmallc.a(lib_a-fvwrite_small_dev.o)
 .debug_frame   0x00000000000001f4       0x38 /home/anparis/altera/15.0/nios2eds/bin/gnu/H-x86_64-pc-linux-gnu/bin/../lib/gcc/nios2-elf/4.9.1/../../../../../H-x86_64-pc-linux-gnu/nios2-elf/lib/mno-hw-mul/libsmallc.a(lib_a-writer.o)
 .debug_frame   0x000000000000022c       0x8c /home/anparis/altera/15.0/nios2eds/bin/gnu/H-x86_64-pc-linux-gnu/bin/../lib/gcc/nios2-elf/4.9.1/mno-hw-mul/libgcc.a(lib2-divmod.o)
 .debug_frame   0x00000000000002b8       0x20 /home/anparis/altera/15.0/nios2eds/bin/gnu/H-x86_64-pc-linux-gnu/bin/../lib/gcc/nios2-elf/4.9.1/mno-hw-mul/libgcc.a(lib2-mul.o)
 .debug_frame   0x00000000000002d8       0x5c ../LELEC2103-SW_bsp//libhal_bsp.a(alt_load.o)
 .debug_frame   0x0000000000000334       0x2c ../LELEC2103-SW_bsp//libhal_bsp.a(alt_main.o)
 .debug_frame   0x0000000000000360       0x60 ../LELEC2103-SW_bsp//libhal_bsp.a(alt_write.o)
 .debug_frame   0x00000000000003c0       0x88 ../LELEC2103-SW_bsp//libhal_bsp.a(alt_sys_init.o)
 .debug_frame   0x0000000000000448       0x60 ../LELEC2103-SW_bsp//libhal_bsp.a(altera_avalon_jtag_uart_fd.o)
 .debug_frame   0x00000000000004a8       0x34 ../LELEC2103-SW_bsp//libhal_bsp.a(altera_avalon_jtag_uart_read.o)
 .debug_frame   0x00000000000004dc       0x34 ../LELEC2103-SW_bsp//libhal_bsp.a(altera_avalon_jtag_uart_write.o)
 .debug_frame   0x0000000000000510       0x60 ../LELEC2103-SW_bsp//libhal_bsp.a(alt_close.o)
 .debug_frame   0x0000000000000570       0x34 ../LELEC2103-SW_bsp//libhal_bsp.a(alt_dcache_flush_all.o)
 .debug_frame   0x00000000000005a4       0x34 ../LELEC2103-SW_bsp//libhal_bsp.a(alt_dev.o)
 .debug_frame   0x00000000000005d8       0x60 ../LELEC2103-SW_bsp//libhal_bsp.a(alt_dev_llist_insert.o)
 .debug_frame   0x0000000000000638       0x34 ../LELEC2103-SW_bsp//libhal_bsp.a(alt_icache_flush_all.o)
 .debug_frame   0x000000000000066c       0x64 ../LELEC2103-SW_bsp//libhal_bsp.a(alt_io_redirect.o)
 .debug_frame   0x00000000000006d0       0x8c ../LELEC2103-SW_bsp//libhal_bsp.a(alt_open.o)
 .debug_frame   0x000000000000075c       0x3c ../LELEC2103-SW_bsp//libhal_bsp.a(alt_release_fd.o)
 .debug_frame   0x0000000000000798       0x34 ../LELEC2103-SW_bsp//libhal_bsp.a(altera_nios2_gen2_irq.o)
 .debug_frame   0x00000000000007cc       0x38 ../LELEC2103-SW_bsp//libhal_bsp.a(alt_find_dev.o)
 .debug_frame   0x0000000000000804       0x38 ../LELEC2103-SW_bsp//libhal_bsp.a(alt_find_file.o)
 .debug_frame   0x000000000000083c       0x3c ../LELEC2103-SW_bsp//libhal_bsp.a(alt_get_fd.o)
 .debug_frame   0x0000000000000878       0x28 /home/anparis/altera/15.0/nios2eds/bin/gnu/H-x86_64-pc-linux-gnu/bin/../lib/gcc/nios2-elf/4.9.1/../../../../../H-x86_64-pc-linux-gnu/nios2-elf/lib/mno-hw-mul/libsmallc.a(lib_a-exit.o)
 .debug_frame   0x00000000000008a0       0x20 /home/anparis/altera/15.0/nios2eds/bin/gnu/H-x86_64-pc-linux-gnu/bin/../lib/gcc/nios2-elf/4.9.1/../../../../../H-x86_64-pc-linux-gnu/nios2-elf/lib/mno-hw-mul/libsmallc.a(lib_a-memcmp.o)
 .debug_frame   0x00000000000008c0       0x54 /home/anparis/altera/15.0/nios2eds/bin/gnu/H-x86_64-pc-linux-gnu/bin/../lib/gcc/nios2-elf/4.9.1/../../../../../H-x86_64-pc-linux-gnu/nios2-elf/lib/mno-hw-mul/libsmallc.a(lib_a-__call_atexit.o)
 .debug_frame   0x0000000000000914       0x2c ../LELEC2103-SW_bsp//libhal_bsp.a(alt_exit.o)

.debug_str      0x0000000000000000     0x15a5
 *(.debug_str)
 .debug_str     0x0000000000000000      0x19b obj/default/main.o
                                        0x20b (size before relaxing)
 .debug_str     0x000000000000019b      0x402 /home/anparis/altera/15.0/nios2eds/bin/gnu/H-x86_64-pc-linux-gnu/bin/../lib/gcc/nios2-elf/4.9.1/../../../../../H-x86_64-pc-linux-gnu/nios2-elf/lib/mno-hw-mul/libsmallc.a(lib_a-printf.o)
                                        0x4ce (size before relaxing)
 .debug_str     0x000000000000059d       0x64 /home/anparis/altera/15.0/nios2eds/bin/gnu/H-x86_64-pc-linux-gnu/bin/../lib/gcc/nios2-elf/4.9.1/../../../../../H-x86_64-pc-linux-gnu/nios2-elf/lib/mno-hw-mul/libsmallc.a(lib_a-puts.o)
                                        0x492 (size before relaxing)
 .debug_str     0x0000000000000601       0xd4 /home/anparis/altera/15.0/nios2eds/bin/gnu/H-x86_64-pc-linux-gnu/bin/../lib/gcc/nios2-elf/4.9.1/../../../../../H-x86_64-pc-linux-gnu/nios2-elf/lib/mno-hw-mul/libsmallc.a(lib_a-strlen.o)
                                        0x1aa (size before relaxing)
 .debug_str     0x00000000000006d5      0x1d4 /home/anparis/altera/15.0/nios2eds/bin/gnu/H-x86_64-pc-linux-gnu/bin/../lib/gcc/nios2-elf/4.9.1/../../../../../H-x86_64-pc-linux-gnu/nios2-elf/lib/mno-hw-mul/libsmallc.a(lib_a-vfprintf.o)
                                        0x65c (size before relaxing)
 .debug_str     0x00000000000008a9       0x6d /home/anparis/altera/15.0/nios2eds/bin/gnu/H-x86_64-pc-linux-gnu/bin/../lib/gcc/nios2-elf/4.9.1/../../../../../H-x86_64-pc-linux-gnu/nios2-elf/lib/mno-hw-mul/libsmallc.a(lib_a-fvwrite_small_dev.o)
                                        0x4a9 (size before relaxing)
 .debug_str     0x0000000000000916       0xf1 /home/anparis/altera/15.0/nios2eds/bin/gnu/H-x86_64-pc-linux-gnu/bin/../lib/gcc/nios2-elf/4.9.1/../../../../../H-x86_64-pc-linux-gnu/nios2-elf/lib/mno-hw-mul/libsmallc.a(lib_a-impure.o)
                                        0x483 (size before relaxing)
 .debug_str     0x0000000000000a07       0x3d /home/anparis/altera/15.0/nios2eds/bin/gnu/H-x86_64-pc-linux-gnu/bin/../lib/gcc/nios2-elf/4.9.1/../../../../../H-x86_64-pc-linux-gnu/nios2-elf/lib/mno-hw-mul/libsmallc.a(lib_a-writer.o)
                                        0x47d (size before relaxing)
 .debug_str     0x0000000000000a44       0x40 /home/anparis/altera/15.0/nios2eds/bin/gnu/H-x86_64-pc-linux-gnu/bin/../lib/gcc/nios2-elf/4.9.1/../../../../../H-x86_64-pc-linux-gnu/nios2-elf/lib/mno-hw-mul/libsmallc.a(lib_a-int_errno.o)
                                        0x19d (size before relaxing)
 .debug_str     0x0000000000000a84      0x186 /home/anparis/altera/15.0/nios2eds/bin/gnu/H-x86_64-pc-linux-gnu/bin/../lib/gcc/nios2-elf/4.9.1/mno-hw-mul/libgcc.a(lib2-divmod.o)
                                        0x1d1 (size before relaxing)
 .debug_str     0x0000000000000c0a       0x40 /home/anparis/altera/15.0/nios2eds/bin/gnu/H-x86_64-pc-linux-gnu/bin/../lib/gcc/nios2-elf/4.9.1/mno-hw-mul/libgcc.a(lib2-mul.o)
                                        0x192 (size before relaxing)
 .debug_str     0x0000000000000c4a      0x132 ../LELEC2103-SW_bsp//libhal_bsp.a(alt_load.o)
                                        0x1fc (size before relaxing)
 .debug_str     0x0000000000000d7c       0x70 ../LELEC2103-SW_bsp//libhal_bsp.a(alt_main.o)
                                        0x187 (size before relaxing)
 .debug_str     0x0000000000000dec      0x166 ../LELEC2103-SW_bsp//libhal_bsp.a(alt_write.o)
                                        0x2e2 (size before relaxing)
 .debug_str     0x0000000000000f52      0x105 ../LELEC2103-SW_bsp//libhal_bsp.a(alt_sys_init.o)
                                        0x2be (size before relaxing)
 .debug_str     0x0000000000001057       0x77 ../LELEC2103-SW_bsp//libhal_bsp.a(altera_avalon_jtag_uart_fd.o)
                                        0x2bf (size before relaxing)
 .debug_str     0x00000000000010ce       0x48 ../LELEC2103-SW_bsp//libhal_bsp.a(altera_avalon_jtag_uart_read.o)
                                        0x209 (size before relaxing)
 .debug_str     0x0000000000001116       0x4a ../LELEC2103-SW_bsp//libhal_bsp.a(altera_avalon_jtag_uart_write.o)
                                        0x1ff (size before relaxing)
 .debug_str     0x0000000000001160       0x1b ../LELEC2103-SW_bsp//libhal_bsp.a(alt_close.o)
                                        0x1f5 (size before relaxing)
 .debug_str     0x000000000000117b       0x34 ../LELEC2103-SW_bsp//libhal_bsp.a(alt_dcache_flush_all.o)
                                        0x13f (size before relaxing)
 .debug_str     0x00000000000011af       0x50 ../LELEC2103-SW_bsp//libhal_bsp.a(alt_dev.o)
                                        0x2ef (size before relaxing)
 .debug_str     0x00000000000011ff       0x4b ../LELEC2103-SW_bsp//libhal_bsp.a(alt_dev_llist_insert.o)
                                        0x1b6 (size before relaxing)
 .debug_str     0x000000000000124a       0x14 ../LELEC2103-SW_bsp//libhal_bsp.a(alt_errno.o)
                                        0x12f (size before relaxing)
 .debug_str     0x000000000000125e       0x34 ../LELEC2103-SW_bsp//libhal_bsp.a(alt_icache_flush_all.o)
                                        0x13f (size before relaxing)
 .debug_str     0x0000000000001292       0x56 ../LELEC2103-SW_bsp//libhal_bsp.a(alt_io_redirect.o)
                                        0x300 (size before relaxing)
 .debug_str     0x00000000000012e8       0x36 ../LELEC2103-SW_bsp//libhal_bsp.a(alt_open.o)
                                        0x235 (size before relaxing)
 .debug_str     0x000000000000131e       0x28 ../LELEC2103-SW_bsp//libhal_bsp.a(alt_release_fd.o)
                                        0x1c9 (size before relaxing)
 .debug_str     0x0000000000001346       0x3b ../LELEC2103-SW_bsp//libhal_bsp.a(altera_nios2_gen2_irq.o)
                                        0x146 (size before relaxing)
 .debug_str     0x0000000000001381       0x24 ../LELEC2103-SW_bsp//libhal_bsp.a(alt_find_dev.o)
                                        0x1d6 (size before relaxing)
 .debug_str     0x00000000000013a5       0x26 ../LELEC2103-SW_bsp//libhal_bsp.a(alt_find_file.o)
                                        0x1e4 (size before relaxing)
 .debug_str     0x00000000000013cb       0x30 ../LELEC2103-SW_bsp//libhal_bsp.a(alt_get_fd.o)
                                        0x206 (size before relaxing)
 .debug_str     0x00000000000013fb       0xe3 /home/anparis/altera/15.0/nios2eds/bin/gnu/H-x86_64-pc-linux-gnu/bin/../lib/gcc/nios2-elf/4.9.1/../../../../../H-x86_64-pc-linux-gnu/nios2-elf/lib/mno-hw-mul/libsmallc.a(lib_a-exit.o)
                                        0x1b5 (size before relaxing)
 .debug_str     0x00000000000014de       0x45 /home/anparis/altera/15.0/nios2eds/bin/gnu/H-x86_64-pc-linux-gnu/bin/../lib/gcc/nios2-elf/4.9.1/../../../../../H-x86_64-pc-linux-gnu/nios2-elf/lib/mno-hw-mul/libsmallc.a(lib_a-memcmp.o)
                                        0x1a4 (size before relaxing)
 .debug_str     0x0000000000001523       0x58 /home/anparis/altera/15.0/nios2eds/bin/gnu/H-x86_64-pc-linux-gnu/bin/../lib/gcc/nios2-elf/4.9.1/../../../../../H-x86_64-pc-linux-gnu/nios2-elf/lib/mno-hw-mul/libsmallc.a(lib_a-__call_atexit.o)
                                        0x4a2 (size before relaxing)
 .debug_str     0x000000000000157b       0x2a ../LELEC2103-SW_bsp//libhal_bsp.a(alt_exit.o)
                                        0x13b (size before relaxing)

.debug_loc      0x0000000000000000     0x11ce
 *(.debug_loc)
 .debug_loc     0x0000000000000000       0xc6 /home/anparis/altera/15.0/nios2eds/bin/gnu/H-x86_64-pc-linux-gnu/bin/../lib/gcc/nios2-elf/4.9.1/../../../../../H-x86_64-pc-linux-gnu/nios2-elf/lib/mno-hw-mul/libsmallc.a(lib_a-printf.o)
 .debug_loc     0x00000000000000c6       0x97 /home/anparis/altera/15.0/nios2eds/bin/gnu/H-x86_64-pc-linux-gnu/bin/../lib/gcc/nios2-elf/4.9.1/../../../../../H-x86_64-pc-linux-gnu/nios2-elf/lib/mno-hw-mul/libsmallc.a(lib_a-puts.o)
 .debug_loc     0x000000000000015d       0x1e /home/anparis/altera/15.0/nios2eds/bin/gnu/H-x86_64-pc-linux-gnu/bin/../lib/gcc/nios2-elf/4.9.1/../../../../../H-x86_64-pc-linux-gnu/nios2-elf/lib/mno-hw-mul/libsmallc.a(lib_a-strlen.o)
 .debug_loc     0x000000000000017b      0xa34 /home/anparis/altera/15.0/nios2eds/bin/gnu/H-x86_64-pc-linux-gnu/bin/../lib/gcc/nios2-elf/4.9.1/../../../../../H-x86_64-pc-linux-gnu/nios2-elf/lib/mno-hw-mul/libsmallc.a(lib_a-vfprintf.o)
 .debug_loc     0x0000000000000baf       0xbd /home/anparis/altera/15.0/nios2eds/bin/gnu/H-x86_64-pc-linux-gnu/bin/../lib/gcc/nios2-elf/4.9.1/../../../../../H-x86_64-pc-linux-gnu/nios2-elf/lib/mno-hw-mul/libsmallc.a(lib_a-fvwrite_small_dev.o)
 .debug_loc     0x0000000000000c6c       0xa5 /home/anparis/altera/15.0/nios2eds/bin/gnu/H-x86_64-pc-linux-gnu/bin/../lib/gcc/nios2-elf/4.9.1/../../../../../H-x86_64-pc-linux-gnu/nios2-elf/lib/mno-hw-mul/libsmallc.a(lib_a-writer.o)
 .debug_loc     0x0000000000000d11      0x273 /home/anparis/altera/15.0/nios2eds/bin/gnu/H-x86_64-pc-linux-gnu/bin/../lib/gcc/nios2-elf/4.9.1/mno-hw-mul/libgcc.a(lib2-divmod.o)
 .debug_loc     0x0000000000000f84       0x93 /home/anparis/altera/15.0/nios2eds/bin/gnu/H-x86_64-pc-linux-gnu/bin/../lib/gcc/nios2-elf/4.9.1/mno-hw-mul/libgcc.a(lib2-mul.o)
 .debug_loc     0x0000000000001017       0x1e /home/anparis/altera/15.0/nios2eds/bin/gnu/H-x86_64-pc-linux-gnu/bin/../lib/gcc/nios2-elf/4.9.1/../../../../../H-x86_64-pc-linux-gnu/nios2-elf/lib/mno-hw-mul/libsmallc.a(lib_a-exit.o)
 .debug_loc     0x0000000000001035       0x94 /home/anparis/altera/15.0/nios2eds/bin/gnu/H-x86_64-pc-linux-gnu/bin/../lib/gcc/nios2-elf/4.9.1/../../../../../H-x86_64-pc-linux-gnu/nios2-elf/lib/mno-hw-mul/libsmallc.a(lib_a-memcmp.o)
 .debug_loc     0x00000000000010c9      0x105 /home/anparis/altera/15.0/nios2eds/bin/gnu/H-x86_64-pc-linux-gnu/bin/../lib/gcc/nios2-elf/4.9.1/../../../../../H-x86_64-pc-linux-gnu/nios2-elf/lib/mno-hw-mul/libsmallc.a(lib_a-__call_atexit.o)

.debug_macinfo
 *(.debug_macinfo)

.debug_weaknames
 *(.debug_weaknames)

.debug_funcnames
 *(.debug_funcnames)

.debug_typenames
 *(.debug_typenames)

.debug_varnames
 *(.debug_varnames)

.debug_alt_sim_info
                0x0000000000000000       0x10
 *(.debug_alt_sim_info)
 .debug_alt_sim_info
                0x0000000000000000       0x10 ../LELEC2103-SW_bsp//obj/HAL/src/crt0.o
                0x0000000000004e20                __alt_data_end = 0x4e20
                0x0000000000004e20                PROVIDE (__alt_stack_pointer, __alt_data_end)
                0x0000000000002620                PROVIDE (__alt_stack_limit, __alt_stack_base)
                0x0000000000002620                PROVIDE (__alt_heap_start, end)
                0x0000000000004e20                PROVIDE (__alt_heap_limit, 0x4e20)
OUTPUT(LELEC2103-SW.elf elf32-littlenios2)

.debug_ranges   0x0000000000000000       0xf0
 .debug_ranges  0x0000000000000000       0x20 ../LELEC2103-SW_bsp//obj/HAL/src/crt0.o
 .debug_ranges  0x0000000000000020       0xb8 /home/anparis/altera/15.0/nios2eds/bin/gnu/H-x86_64-pc-linux-gnu/bin/../lib/gcc/nios2-elf/4.9.1/../../../../../H-x86_64-pc-linux-gnu/nios2-elf/lib/mno-hw-mul/libsmallc.a(lib_a-vfprintf.o)
 .debug_ranges  0x00000000000000d8       0x18 /home/anparis/altera/15.0/nios2eds/bin/gnu/H-x86_64-pc-linux-gnu/bin/../lib/gcc/nios2-elf/4.9.1/../../../../../H-x86_64-pc-linux-gnu/nios2-elf/lib/mno-hw-mul/libsmallc.a(lib_a-fvwrite_small_dev.o)
