Archive member included to satisfy reference by file (symbol)

/home/anparis/altera/15.0/nios2eds/bin/gnu/H-x86_64-pc-linux-gnu/bin/../lib/gcc/nios2-elf/4.9.1/../../../../../H-x86_64-pc-linux-gnu/nios2-elf/lib/mno-hw-mul/libsmallc.a(lib_a-printf.o)
                              obj/default/main.o (printf)
/home/anparis/altera/15.0/nios2eds/bin/gnu/H-x86_64-pc-linux-gnu/bin/../lib/gcc/nios2-elf/4.9.1/../../../../../H-x86_64-pc-linux-gnu/nios2-elf/lib/mno-hw-mul/libsmallc.a(lib_a-puts.o)
                              obj/default/main.o (puts)
/home/anparis/altera/15.0/nios2eds/bin/gnu/H-x86_64-pc-linux-gnu/bin/../lib/gcc/nios2-elf/4.9.1/../../../../../H-x86_64-pc-linux-gnu/nios2-elf/lib/mno-hw-mul/libsmallc.a(lib_a-strlen.o)
                              /home/anparis/altera/15.0/nios2eds/bin/gnu/H-x86_64-pc-linux-gnu/bin/../lib/gcc/nios2-elf/4.9.1/../../../../../H-x86_64-pc-linux-gnu/nios2-elf/lib/mno-hw-mul/libsmallc.a(lib_a-puts.o) (strlen)
/home/anparis/altera/15.0/nios2eds/bin/gnu/H-x86_64-pc-linux-gnu/bin/../lib/gcc/nios2-elf/4.9.1/../../../../../H-x86_64-pc-linux-gnu/nios2-elf/lib/mno-hw-mul/libsmallc.a(lib_a-vfprintf.o)
                              /home/anparis/altera/15.0/nios2eds/bin/gnu/H-x86_64-pc-linux-gnu/bin/../lib/gcc/nios2-elf/4.9.1/../../../../../H-x86_64-pc-linux-gnu/nios2-elf/lib/mno-hw-mul/libsmallc.a(lib_a-printf.o) (___vfprintf_internal_r)
/home/anparis/altera/15.0/nios2eds/bin/gnu/H-x86_64-pc-linux-gnu/bin/../lib/gcc/nios2-elf/4.9.1/../../../../../H-x86_64-pc-linux-gnu/nios2-elf/lib/mno-hw-mul/libsmallc.a(lib_a-fvwrite_small_dev.o)
                              /home/anparis/altera/15.0/nios2eds/bin/gnu/H-x86_64-pc-linux-gnu/bin/../lib/gcc/nios2-elf/4.9.1/../../../../../H-x86_64-pc-linux-gnu/nios2-elf/lib/mno-hw-mul/libsmallc.a(lib_a-printf.o) (__sfvwrite_small_dev)
/home/anparis/altera/15.0/nios2eds/bin/gnu/H-x86_64-pc-linux-gnu/bin/../lib/gcc/nios2-elf/4.9.1/../../../../../H-x86_64-pc-linux-gnu/nios2-elf/lib/mno-hw-mul/libsmallc.a(lib_a-impure.o)
                              /home/anparis/altera/15.0/nios2eds/bin/gnu/H-x86_64-pc-linux-gnu/bin/../lib/gcc/nios2-elf/4.9.1/../../../../../H-x86_64-pc-linux-gnu/nios2-elf/lib/mno-hw-mul/libsmallc.a(lib_a-printf.o) (_impure_ptr)
/home/anparis/altera/15.0/nios2eds/bin/gnu/H-x86_64-pc-linux-gnu/bin/../lib/gcc/nios2-elf/4.9.1/../../../../../H-x86_64-pc-linux-gnu/nios2-elf/lib/mno-hw-mul/libsmallc.a(lib_a-writer.o)
                              /home/anparis/altera/15.0/nios2eds/bin/gnu/H-x86_64-pc-linux-gnu/bin/../lib/gcc/nios2-elf/4.9.1/../../../../../H-x86_64-pc-linux-gnu/nios2-elf/lib/mno-hw-mul/libsmallc.a(lib_a-fvwrite_small_dev.o) (_write_r)
/home/anparis/altera/15.0/nios2eds/bin/gnu/H-x86_64-pc-linux-gnu/bin/../lib/gcc/nios2-elf/4.9.1/../../../../../H-x86_64-pc-linux-gnu/nios2-elf/lib/mno-hw-mul/libsmallc.a(lib_a-int_errno.o)
                              /home/anparis/altera/15.0/nios2eds/bin/gnu/H-x86_64-pc-linux-gnu/bin/../lib/gcc/nios2-elf/4.9.1/../../../../../H-x86_64-pc-linux-gnu/nios2-elf/lib/mno-hw-mul/libsmallc.a(lib_a-writer.o) (errno)
/home/anparis/altera/15.0/nios2eds/bin/gnu/H-x86_64-pc-linux-gnu/bin/../lib/gcc/nios2-elf/4.9.1/mno-hw-mul/libgcc.a(lib2-divmod.o)
                              /home/anparis/altera/15.0/nios2eds/bin/gnu/H-x86_64-pc-linux-gnu/bin/../lib/gcc/nios2-elf/4.9.1/../../../../../H-x86_64-pc-linux-gnu/nios2-elf/lib/mno-hw-mul/libsmallc.a(lib_a-vfprintf.o) (__udivsi3)
/home/anparis/altera/15.0/nios2eds/bin/gnu/H-x86_64-pc-linux-gnu/bin/../lib/gcc/nios2-elf/4.9.1/mno-hw-mul/libgcc.a(lib2-mul.o)
                              /home/anparis/altera/15.0/nios2eds/bin/gnu/H-x86_64-pc-linux-gnu/bin/../lib/gcc/nios2-elf/4.9.1/../../../../../H-x86_64-pc-linux-gnu/nios2-elf/lib/mno-hw-mul/libsmallc.a(lib_a-vfprintf.o) (__mulsi3)
../LELEC2103-SW_bsp//libhal_bsp.a(alt_load.o)
                              ../LELEC2103-SW_bsp//obj/HAL/src/crt0.o (alt_load)
../LELEC2103-SW_bsp//libhal_bsp.a(alt_main.o)
                              ../LELEC2103-SW_bsp//obj/HAL/src/crt0.o (alt_main)
../LELEC2103-SW_bsp//libhal_bsp.a(alt_write.o)
                              /home/anparis/altera/15.0/nios2eds/bin/gnu/H-x86_64-pc-linux-gnu/bin/../lib/gcc/nios2-elf/4.9.1/../../../../../H-x86_64-pc-linux-gnu/nios2-elf/lib/mno-hw-mul/libsmallc.a(lib_a-writer.o) (write)
../LELEC2103-SW_bsp//libhal_bsp.a(alt_sys_init.o)
                              ../LELEC2103-SW_bsp//libhal_bsp.a(alt_main.o) (alt_irq_init)
../LELEC2103-SW_bsp//libhal_bsp.a(altera_avalon_jtag_uart_fd.o)
                              ../LELEC2103-SW_bsp//libhal_bsp.a(alt_sys_init.o) (altera_avalon_jtag_uart_read_fd)
../LELEC2103-SW_bsp//libhal_bsp.a(altera_avalon_jtag_uart_read.o)
                              ../LELEC2103-SW_bsp//libhal_bsp.a(altera_avalon_jtag_uart_fd.o) (altera_avalon_jtag_uart_read)
../LELEC2103-SW_bsp//libhal_bsp.a(altera_avalon_jtag_uart_write.o)
                              ../LELEC2103-SW_bsp//libhal_bsp.a(altera_avalon_jtag_uart_fd.o) (altera_avalon_jtag_uart_write)
../LELEC2103-SW_bsp//libhal_bsp.a(alt_close.o)
                              ../LELEC2103-SW_bsp//libhal_bsp.a(alt_main.o) (close)
../LELEC2103-SW_bsp//libhal_bsp.a(alt_dcache_flush_all.o)
                              ../LELEC2103-SW_bsp//libhal_bsp.a(alt_load.o) (alt_dcache_flush_all)
../LELEC2103-SW_bsp//libhal_bsp.a(alt_dev.o)
                              ../LELEC2103-SW_bsp//libhal_bsp.a(alt_sys_init.o) (alt_dev_list)
../LELEC2103-SW_bsp//libhal_bsp.a(alt_dev_llist_insert.o)
                              ../LELEC2103-SW_bsp//libhal_bsp.a(alt_sys_init.o) (alt_dev_llist_insert)
../LELEC2103-SW_bsp//libhal_bsp.a(alt_errno.o)
                              ../LELEC2103-SW_bsp//libhal_bsp.a(alt_write.o) (alt_errno)
../LELEC2103-SW_bsp//libhal_bsp.a(alt_icache_flush_all.o)
                              ../LELEC2103-SW_bsp//libhal_bsp.a(alt_load.o) (alt_icache_flush_all)
../LELEC2103-SW_bsp//libhal_bsp.a(alt_io_redirect.o)
                              ../LELEC2103-SW_bsp//libhal_bsp.a(alt_main.o) (alt_io_redirect)
../LELEC2103-SW_bsp//libhal_bsp.a(alt_open.o)
                              ../LELEC2103-SW_bsp//libhal_bsp.a(alt_io_redirect.o) (open)
../LELEC2103-SW_bsp//libhal_bsp.a(alt_release_fd.o)
                              ../LELEC2103-SW_bsp//libhal_bsp.a(alt_close.o) (alt_release_fd)
../LELEC2103-SW_bsp//libhal_bsp.a(altera_nios2_gen2_irq.o)
                              ../LELEC2103-SW_bsp//libhal_bsp.a(alt_sys_init.o) (altera_nios2_gen2_irq_init)
../LELEC2103-SW_bsp//libhal_bsp.a(alt_find_dev.o)
                              ../LELEC2103-SW_bsp//libhal_bsp.a(alt_open.o) (alt_find_dev)
../LELEC2103-SW_bsp//libhal_bsp.a(alt_find_file.o)
                              ../LELEC2103-SW_bsp//libhal_bsp.a(alt_open.o) (alt_find_file)
../LELEC2103-SW_bsp//libhal_bsp.a(alt_get_fd.o)
                              ../LELEC2103-SW_bsp//libhal_bsp.a(alt_open.o) (alt_get_fd)
/home/anparis/altera/15.0/nios2eds/bin/gnu/H-x86_64-pc-linux-gnu/bin/../lib/gcc/nios2-elf/4.9.1/../../../../../H-x86_64-pc-linux-gnu/nios2-elf/lib/mno-hw-mul/libsmallc.a(lib_a-exit.o)
                              ../LELEC2103-SW_bsp//libhal_bsp.a(alt_main.o) (exit)
/home/anparis/altera/15.0/nios2eds/bin/gnu/H-x86_64-pc-linux-gnu/bin/../lib/gcc/nios2-elf/4.9.1/../../../../../H-x86_64-pc-linux-gnu/nios2-elf/lib/mno-hw-mul/libsmallc.a(lib_a-memcmp.o)
                              ../LELEC2103-SW_bsp//libhal_bsp.a(alt_find_dev.o) (memcmp)
/home/anparis/altera/15.0/nios2eds/bin/gnu/H-x86_64-pc-linux-gnu/bin/../lib/gcc/nios2-elf/4.9.1/../../../../../H-x86_64-pc-linux-gnu/nios2-elf/lib/mno-hw-mul/libsmallc.a(lib_a-__call_atexit.o)
                              /home/anparis/altera/15.0/nios2eds/bin/gnu/H-x86_64-pc-linux-gnu/bin/../lib/gcc/nios2-elf/4.9.1/../../../../../H-x86_64-pc-linux-gnu/nios2-elf/lib/mno-hw-mul/libsmallc.a(lib_a-exit.o) (__call_exitprocs)
../LELEC2103-SW_bsp//libhal_bsp.a(alt_exit.o)
                              /home/anparis/altera/15.0/nios2eds/bin/gnu/H-x86_64-pc-linux-gnu/bin/../lib/gcc/nios2-elf/4.9.1/../../../../../H-x86_64-pc-linux-gnu/nios2-elf/lib/mno-hw-mul/libsmallc.a(lib_a-exit.o) (_exit)

Allocating common symbols
Common symbol       size              file

errno               0x4               /home/anparis/altera/15.0/nios2eds/bin/gnu/H-x86_64-pc-linux-gnu/bin/../lib/gcc/nios2-elf/4.9.1/../../../../../H-x86_64-pc-linux-gnu/nios2-elf/lib/mno-hw-mul/libsmallc.a(lib_a-int_errno.o)

Memory Configuration

Name             Origin             Length             Attributes
reset            0x0000000000000000 0x0000000000000020
onchip_mem       0x0000000000000020 0x0000000000004e00
*default*        0x0000000000000000 0xffffffffffffffff

Linker script and memory map

LOAD ../LELEC2103-SW_bsp//obj/HAL/src/crt0.o
LOAD obj/default/main.o
LOAD /home/anparis/altera/15.0/nios2eds/bin/gnu/H-x86_64-pc-linux-gnu/bin/../lib/gcc/nios2-elf/4.9.1/../../../../../H-x86_64-pc-linux-gnu/nios2-elf/lib/mno-hw-mul/libstdc++.a
LOAD /home/anparis/altera/15.0/nios2eds/bin/gnu/H-x86_64-pc-linux-gnu/bin/../lib/gcc/nios2-elf/4.9.1/../../../../../H-x86_64-pc-linux-gnu/nios2-elf/lib/mno-hw-mul/libm.a
LOAD /home/anparis/altera/15.0/nios2eds/bin/gnu/H-x86_64-pc-linux-gnu/bin/../lib/gcc/nios2-elf/4.9.1/mno-hw-mul/libgcc.a
START GROUP
LOAD /home/anparis/altera/15.0/nios2eds/bin/gnu/H-x86_64-pc-linux-gnu/bin/../lib/gcc/nios2-elf/4.9.1/../../../../../H-x86_64-pc-linux-gnu/nios2-elf/lib/mno-hw-mul/libsmallc.a
LOAD /home/anparis/altera/15.0/nios2eds/bin/gnu/H-x86_64-pc-linux-gnu/bin/../lib/gcc/nios2-elf/4.9.1/mno-hw-mul/libgcc.a
LOAD ../LELEC2103-SW_bsp//libhal_bsp.a
LOAD /home/anparis/altera/15.0/nios2eds/bin/gnu/H-x86_64-pc-linux-gnu/bin/../lib/gcc/nios2-elf/4.9.1/../../../../../H-x86_64-pc-linux-gnu/nios2-elf/lib/mno-hw-mul/libm.a
END GROUP
LOAD /home/anparis/altera/15.0/nios2eds/bin/gnu/H-x86_64-pc-linux-gnu/bin/../lib/gcc/nios2-elf/4.9.1/mno-hw-mul/libgcc.a
                0x0000000000000000                __alt_mem_onchip_mem = 0x0

.entry          0x0000000000000000       0x20
 *(.entry)
 .entry         0x0000000000000000       0x20 ../LELEC2103-SW_bsp//obj/HAL/src/crt0.o
                0x0000000000000000                __reset

.exceptions     0x0000000000000020        0x0
                0x0000000000000020                PROVIDE (__ram_exceptions_start, ABSOLUTE (.))
                0x0000000000000020                . = ALIGN (0x20)
 *(.irq)
 *(.exceptions.entry.label)
 *(.exceptions.entry.user)
 *(.exceptions.entry.ecc_fatal)
 *(.exceptions.entry)
 *(.exceptions.irqtest.user)
 *(.exceptions.irqtest)
 *(.exceptions.irqhandler.user)
 *(.exceptions.irqhandler)
 *(.exceptions.irqreturn.user)
 *(.exceptions.irqreturn)
 *(.exceptions.notirq.label)
 *(.exceptions.notirq.user)
 *(.exceptions.notirq)
 *(.exceptions.soft.user)
 *(.exceptions.soft)
 *(.exceptions.unknown.user)
 *(.exceptions.unknown)
 *(.exceptions.exit.label)
 *(.exceptions.exit.user)
 *(.exceptions.exit)
 *(.exceptions)
                0x0000000000000020                PROVIDE (__ram_exceptions_end, ABSOLUTE (.))
                0x0000000000000020                PROVIDE (__flash_exceptions_start, LOADADDR (.exceptions))

.text           0x0000000000000020     0x1ef8
                0x0000000000000020                PROVIDE (stext, ABSOLUTE (.))
 *(.interp)
 *(.hash)
 *(.dynsym)
 *(.dynstr)
 *(.gnu.version)
 *(.gnu.version_d)
 *(.gnu.version_r)
 *(.rel.init)
 *(.rela.init)
 *(.rel.text .rel.text.* .rel.gnu.linkonce.t.*)
 *(.rela.text .rela.text.* .rela.gnu.linkonce.t.*)
 *(.rel.fini)
 *(.rela.fini)
 *(.rel.rodata .rel.rodata.* .rel.gnu.linkonce.r.*)
 *(.rela.rodata .rela.rodata.* .rela.gnu.linkonce.r.*)
 *(.rel.data .rel.data.* .rel.gnu.linkonce.d.*)
 *(.rela.data .rela.data.* .rela.gnu.linkonce.d.*)
 *(.rel.tdata .rel.tdata.* .rel.gnu.linkonce.td.*)
 *(.rela.tdata .rela.tdata.* .rela.gnu.linkonce.td.*)
 *(.rel.tbss .rel.tbss.* .rel.gnu.linkonce.tb.*)
 *(.rela.tbss .rela.tbss.* .rela.gnu.linkonce.tb.*)
 *(.rel.ctors)
 *(.rela.ctors)
 *(.rel.dtors)
 *(.rela.dtors)
 *(.rel.got)
 *(.rela.got)
 *(.rel.sdata .rel.sdata.* .rel.gnu.linkonce.s.*)
 *(.rela.sdata .rela.sdata.* .rela.gnu.linkonce.s.*)
 *(.rel.sbss .rel.sbss.* .rel.gnu.linkonce.sb.*)
 *(.rela.sbss .rela.sbss.* .rela.gnu.linkonce.sb.*)
 *(.rel.sdata2 .rel.sdata2.* .rel.gnu.linkonce.s2.*)
 *(.rela.sdata2 .rela.sdata2.* .rela.gnu.linkonce.s2.*)
 *(.rel.sbss2 .rel.sbss2.* .rel.gnu.linkonce.sb2.*)
 *(.rela.sbss2 .rela.sbss2.* .rela.gnu.linkonce.sb2.*)
 *(.rel.bss .rel.bss.* .rel.gnu.linkonce.b.*)
 *(.rela.bss .rela.bss.* .rela.gnu.linkonce.b.*)
 *(.rel.plt)
 *(.rela.plt)
 *(.rel.dyn)
 *(.init)
 *(.plt)
 *(.text .stub .text.* .gnu.linkonce.t.*)
 .text          0x0000000000000020       0x3c ../LELEC2103-SW_bsp//obj/HAL/src/crt0.o
                0x0000000000000020                _start
 .text          0x000000000000005c      0x40c obj/default/main.o
                0x000000000000005c                build_touch_info
                0x0000000000000150                is_valid_touch_info
                0x0000000000000180                print_touch_info
                0x00000000000002ec                main
 .text          0x0000000000000468       0x88 /home/anparis/altera/15.0/nios2eds/bin/gnu/H-x86_64-pc-linux-gnu/bin/../lib/gcc/nios2-elf/4.9.1/../../../../../H-x86_64-pc-linux-gnu/nios2-elf/lib/mno-hw-mul/libsmallc.a(lib_a-printf.o)
                0x0000000000000468                _printf_r
                0x00000000000004a4                printf
 .text          0x00000000000004f0       0x94 /home/anparis/altera/15.0/nios2eds/bin/gnu/H-x86_64-pc-linux-gnu/bin/../lib/gcc/nios2-elf/4.9.1/../../../../../H-x86_64-pc-linux-gnu/nios2-elf/lib/mno-hw-mul/libsmallc.a(lib_a-puts.o)
                0x00000000000004f0                _puts_r
                0x0000000000000570                puts
 .text          0x0000000000000584       0x1c /home/anparis/altera/15.0/nios2eds/bin/gnu/H-x86_64-pc-linux-gnu/bin/../lib/gcc/nios2-elf/4.9.1/../../../../../H-x86_64-pc-linux-gnu/nios2-elf/lib/mno-hw-mul/libsmallc.a(lib_a-strlen.o)
                0x0000000000000584                strlen
 .text          0x00000000000005a0      0x5fc /home/anparis/altera/15.0/nios2eds/bin/gnu/H-x86_64-pc-linux-gnu/bin/../lib/gcc/nios2-elf/4.9.1/../../../../../H-x86_64-pc-linux-gnu/nios2-elf/lib/mno-hw-mul/libsmallc.a(lib_a-vfprintf.o)
                0x000000000000060c                ___vfprintf_internal_r
                0x0000000000000b78                __vfprintf_internal
 .text          0x0000000000000b9c       0xac /home/anparis/altera/15.0/nios2eds/bin/gnu/H-x86_64-pc-linux-gnu/bin/../lib/gcc/nios2-elf/4.9.1/../../../../../H-x86_64-pc-linux-gnu/nios2-elf/lib/mno-hw-mul/libsmallc.a(lib_a-fvwrite_small_dev.o)
                0x0000000000000b9c                __sfvwrite_small_dev
 .text          0x0000000000000c48        0x0 /home/anparis/altera/15.0/nios2eds/bin/gnu/H-x86_64-pc-linux-gnu/bin/../lib/gcc/nios2-elf/4.9.1/../../../../../H-x86_64-pc-linux-gnu/nios2-elf/lib/mno-hw-mul/libsmallc.a(lib_a-impure.o)
 .text          0x0000000000000c48       0x58 /home/anparis/altera/15.0/nios2eds/bin/gnu/H-x86_64-pc-linux-gnu/bin/../lib/gcc/nios2-elf/4.9.1/../../../../../H-x86_64-pc-linux-gnu/nios2-elf/lib/mno-hw-mul/libsmallc.a(lib_a-writer.o)
                0x0000000000000c48                _write_r
 .text          0x0000000000000ca0        0x0 /home/anparis/altera/15.0/nios2eds/bin/gnu/H-x86_64-pc-linux-gnu/bin/../lib/gcc/nios2-elf/4.9.1/../../../../../H-x86_64-pc-linux-gnu/nios2-elf/lib/mno-hw-mul/libsmallc.a(lib_a-int_errno.o)
 .text          0x0000000000000ca0      0x12c /home/anparis/altera/15.0/nios2eds/bin/gnu/H-x86_64-pc-linux-gnu/bin/../lib/gcc/nios2-elf/4.9.1/mno-hw-mul/libgcc.a(lib2-divmod.o)
                0x0000000000000d0c                __divsi3
                0x0000000000000d60                __modsi3
                0x0000000000000dbc                __udivsi3
                0x0000000000000dc4                __umodsi3
 .text          0x0000000000000dcc       0x28 /home/anparis/altera/15.0/nios2eds/bin/gnu/H-x86_64-pc-linux-gnu/bin/../lib/gcc/nios2-elf/4.9.1/mno-hw-mul/libgcc.a(lib2-mul.o)
                0x0000000000000dcc                __mulsi3
 .text          0x0000000000000df4       0xe4 ../LELEC2103-SW_bsp//libhal_bsp.a(alt_load.o)
                0x0000000000000e58                alt_load
 .text          0x0000000000000ed8       0x68 ../LELEC2103-SW_bsp//libhal_bsp.a(alt_main.o)
                0x0000000000000ed8                alt_main
 .text          0x0000000000000f40      0x150 ../LELEC2103-SW_bsp//libhal_bsp.a(alt_write.o)
                0x0000000000000f90                write
 .text          0x0000000000001090       0x9c ../LELEC2103-SW_bsp//libhal_bsp.a(alt_sys_init.o)
                0x00000000000010c8                alt_irq_init
                0x00000000000010fc                alt_sys_init
 .text          0x000000000000112c       0xc0 ../LELEC2103-SW_bsp//libhal_bsp.a(altera_avalon_jtag_uart_fd.o)
                0x000000000000112c                altera_avalon_jtag_uart_read_fd
                0x000000000000118c                altera_avalon_jtag_uart_write_fd
 .text          0x00000000000011ec       0xe4 ../LELEC2103-SW_bsp//libhal_bsp.a(altera_avalon_jtag_uart_read.o)
                0x00000000000011ec                altera_avalon_jtag_uart_read
 .text          0x00000000000012d0       0x94 ../LELEC2103-SW_bsp//libhal_bsp.a(altera_avalon_jtag_uart_write.o)
                0x00000000000012d0                altera_avalon_jtag_uart_write
 .text          0x0000000000001364      0x128 ../LELEC2103-SW_bsp//libhal_bsp.a(alt_close.o)
                0x00000000000013b4                close
 .text          0x000000000000148c       0x1c ../LELEC2103-SW_bsp//libhal_bsp.a(alt_dcache_flush_all.o)
                0x000000000000148c                alt_dcache_flush_all
 .text          0x00000000000014a8       0x2c ../LELEC2103-SW_bsp//libhal_bsp.a(alt_dev.o)
 .text          0x00000000000014d4       0xf4 ../LELEC2103-SW_bsp//libhal_bsp.a(alt_dev_llist_insert.o)
                0x0000000000001524                alt_dev_llist_insert
 .text          0x00000000000015c8        0x0 ../LELEC2103-SW_bsp//libhal_bsp.a(alt_errno.o)
 .text          0x00000000000015c8       0x1c ../LELEC2103-SW_bsp//libhal_bsp.a(alt_icache_flush_all.o)
                0x00000000000015c8                alt_icache_flush_all
 .text          0x00000000000015e4      0x158 ../LELEC2103-SW_bsp//libhal_bsp.a(alt_io_redirect.o)
                0x00000000000016c4                alt_io_redirect
 .text          0x000000000000173c      0x2a4 ../LELEC2103-SW_bsp//libhal_bsp.a(alt_open.o)
                0x0000000000001880                open
 .text          0x00000000000019e0       0x80 ../LELEC2103-SW_bsp//libhal_bsp.a(alt_release_fd.o)
                0x00000000000019e0                alt_release_fd
 .text          0x0000000000001a60       0x20 ../LELEC2103-SW_bsp//libhal_bsp.a(altera_nios2_gen2_irq.o)
                0x0000000000001a60                altera_nios2_gen2_irq_init
 .text          0x0000000000001a80       0x90 ../LELEC2103-SW_bsp//libhal_bsp.a(alt_find_dev.o)
                0x0000000000001a80                alt_find_dev
 .text          0x0000000000001b10      0x114 ../LELEC2103-SW_bsp//libhal_bsp.a(alt_find_file.o)
                0x0000000000001b10                alt_find_file
 .text          0x0000000000001c24       0xd4 ../LELEC2103-SW_bsp//libhal_bsp.a(alt_get_fd.o)
                0x0000000000001c24                alt_get_fd
 .text          0x0000000000001cf8       0x20 /home/anparis/altera/15.0/nios2eds/bin/gnu/H-x86_64-pc-linux-gnu/bin/../lib/gcc/nios2-elf/4.9.1/../../../../../H-x86_64-pc-linux-gnu/nios2-elf/lib/mno-hw-mul/libsmallc.a(lib_a-exit.o)
                0x0000000000001cf8                exit
 .text          0x0000000000001d18       0x30 /home/anparis/altera/15.0/nios2eds/bin/gnu/H-x86_64-pc-linux-gnu/bin/../lib/gcc/nios2-elf/4.9.1/../../../../../H-x86_64-pc-linux-gnu/nios2-elf/lib/mno-hw-mul/libsmallc.a(lib_a-memcmp.o)
                0x0000000000001d18                memcmp
 .text          0x0000000000001d48      0x19c /home/anparis/altera/15.0/nios2eds/bin/gnu/H-x86_64-pc-linux-gnu/bin/../lib/gcc/nios2-elf/4.9.1/../../../../../H-x86_64-pc-linux-gnu/nios2-elf/lib/mno-hw-mul/libsmallc.a(lib_a-__call_atexit.o)
                0x0000000000001d48                __call_exitprocs
 .text          0x0000000000001ee4       0x34 ../LELEC2103-SW_bsp//libhal_bsp.a(alt_exit.o)
                0x0000000000001ee4                _exit
 *(.gnu.warning.*)
 *(.fini)
                0x0000000000001f18                PROVIDE (__etext, ABSOLUTE (.))
                0x0000000000001f18                PROVIDE (_etext, ABSOLUTE (.))
                0x0000000000001f18                PROVIDE (etext, ABSOLUTE (.))
 *(.eh_frame_hdr)
                0x0000000000001f18                . = ALIGN (0x4)
                0x0000000000001f18                PROVIDE (__preinit_array_start, ABSOLUTE (.))
 *(.preinit_array)
                0x0000000000001f18                PROVIDE (__preinit_array_end, ABSOLUTE (.))
                0x0000000000001f18                PROVIDE (__init_array_start, ABSOLUTE (.))
 *(.init_array)
                0x0000000000001f18                PROVIDE (__init_array_end, ABSOLUTE (.))
                0x0000000000001f18                PROVIDE (__fini_array_start, ABSOLUTE (.))
 *(.fini_array)
                0x0000000000001f18                PROVIDE (__fini_array_end, ABSOLUTE (.))
 *(.eh_frame)
 *(.gcc_except_table .gcc_except_table.*)
 *(.dynamic)
                0x0000000000001f18                PROVIDE (__CTOR_LIST__, ABSOLUTE (.))
 *(.ctors)
 *(SORT(.ctors.*))
                0x0000000000001f18                PROVIDE (__CTOR_END__, ABSOLUTE (.))
                0x0000000000001f18                PROVIDE (__DTOR_LIST__, ABSOLUTE (.))
 *(.dtors)
 *(SORT(.dtors.*))
                0x0000000000001f18                PROVIDE (__DTOR_END__, ABSOLUTE (.))
 *(.jcr)
                0x0000000000001f18                . = ALIGN (0x4)

.rodata         0x0000000000001f18       0xd0
                0x0000000000001f18                PROVIDE (__ram_rodata_start, ABSOLUTE (.))
                0x0000000000001f18                . = ALIGN (0x4)
 *(.rodata .rodata.* .gnu.linkonce.r.*)
 .rodata        0x0000000000001f18       0x98 obj/default/main.o
 .rodata.str1.4
                0x0000000000001fb0        0x4 /home/anparis/altera/15.0/nios2eds/bin/gnu/H-x86_64-pc-linux-gnu/bin/../lib/gcc/nios2-elf/4.9.1/../../../../../H-x86_64-pc-linux-gnu/nios2-elf/lib/mno-hw-mul/libsmallc.a(lib_a-puts.o)
 .rodata        0x0000000000001fb4       0x14 ../LELEC2103-SW_bsp//libhal_bsp.a(alt_main.o)
 .rodata        0x0000000000001fc8       0x14 ../LELEC2103-SW_bsp//libhal_bsp.a(alt_sys_init.o)
 .rodata        0x0000000000001fdc        0xc ../LELEC2103-SW_bsp//libhal_bsp.a(alt_dev.o)
 *(.rodata1)
                0x0000000000001fe8                . = ALIGN (0x4)
                0x0000000000001fe8                PROVIDE (__ram_rodata_end, ABSOLUTE (.))
                0x0000000000001f18                PROVIDE (__flash_rodata_start, LOADADDR (.rodata))

.rwdata         0x0000000000001fe8      0x2d4 load address 0x00000000000022bc
                0x0000000000001fe8                PROVIDE (__ram_rwdata_start, ABSOLUTE (.))
                0x0000000000001fe8                . = ALIGN (0x4)
 *(.got.plt)
 *(.got)
 *(.data1)
 *(.data .data.* .gnu.linkonce.d.*)
 .data          0x0000000000001fe8        0x0 ../LELEC2103-SW_bsp//obj/HAL/src/crt0.o
 .data          0x0000000000001fe8        0x0 obj/default/main.o
 .data          0x0000000000001fe8        0x0 /home/anparis/altera/15.0/nios2eds/bin/gnu/H-x86_64-pc-linux-gnu/bin/../lib/gcc/nios2-elf/4.9.1/../../../../../H-x86_64-pc-linux-gnu/nios2-elf/lib/mno-hw-mul/libsmallc.a(lib_a-printf.o)
 .data          0x0000000000001fe8        0x0 /home/anparis/altera/15.0/nios2eds/bin/gnu/H-x86_64-pc-linux-gnu/bin/../lib/gcc/nios2-elf/4.9.1/../../../../../H-x86_64-pc-linux-gnu/nios2-elf/lib/mno-hw-mul/libsmallc.a(lib_a-puts.o)
 .data          0x0000000000001fe8        0x0 /home/anparis/altera/15.0/nios2eds/bin/gnu/H-x86_64-pc-linux-gnu/bin/../lib/gcc/nios2-elf/4.9.1/../../../../../H-x86_64-pc-linux-gnu/nios2-elf/lib/mno-hw-mul/libsmallc.a(lib_a-strlen.o)
 .data          0x0000000000001fe8        0x0 /home/anparis/altera/15.0/nios2eds/bin/gnu/H-x86_64-pc-linux-gnu/bin/../lib/gcc/nios2-elf/4.9.1/../../../../../H-x86_64-pc-linux-gnu/nios2-elf/lib/mno-hw-mul/libsmallc.a(lib_a-vfprintf.o)
 .data          0x0000000000001fe8        0x0 /home/anparis/altera/15.0/nios2eds/bin/gnu/H-x86_64-pc-linux-gnu/bin/../lib/gcc/nios2-elf/4.9.1/../../../../../H-x86_64-pc-linux-gnu/nios2-elf/lib/mno-hw-mul/libsmallc.a(lib_a-fvwrite_small_dev.o)
 .data          0x0000000000001fe8       0xe0 /home/anparis/altera/15.0/nios2eds/bin/gnu/H-x86_64-pc-linux-gnu/bin/../lib/gcc/nios2-elf/4.9.1/../../../../../H-x86_64-pc-linux-gnu/nios2-elf/lib/mno-hw-mul/libsmallc.a(lib_a-impure.o)
 .data          0x00000000000020c8        0x0 /home/anparis/altera/15.0/nios2eds/bin/gnu/H-x86_64-pc-linux-gnu/bin/../lib/gcc/nios2-elf/4.9.1/../../../../../H-x86_64-pc-linux-gnu/nios2-elf/lib/mno-hw-mul/libsmallc.a(lib_a-writer.o)
 .data          0x00000000000020c8        0x0 /home/anparis/altera/15.0/nios2eds/bin/gnu/H-x86_64-pc-linux-gnu/bin/../lib/gcc/nios2-elf/4.9.1/../../../../../H-x86_64-pc-linux-gnu/nios2-elf/lib/mno-hw-mul/libsmallc.a(lib_a-int_errno.o)
 .data          0x00000000000020c8        0x0 /home/anparis/altera/15.0/nios2eds/bin/gnu/H-x86_64-pc-linux-gnu/bin/../lib/gcc/nios2-elf/4.9.1/mno-hw-mul/libgcc.a(lib2-divmod.o)
 .data          0x00000000000020c8        0x0 /home/anparis/altera/15.0/nios2eds/bin/gnu/H-x86_64-pc-linux-gnu/bin/../lib/gcc/nios2-elf/4.9.1/mno-hw-mul/libgcc.a(lib2-mul.o)
 .data          0x00000000000020c8        0x0 ../LELEC2103-SW_bsp//libhal_bsp.a(alt_load.o)
 .data          0x00000000000020c8        0x0 ../LELEC2103-SW_bsp//libhal_bsp.a(alt_main.o)
 .data          0x00000000000020c8        0x0 ../LELEC2103-SW_bsp//libhal_bsp.a(alt_write.o)
 .data          0x00000000000020c8       0x2c ../LELEC2103-SW_bsp//libhal_bsp.a(alt_sys_init.o)
 .data          0x00000000000020f4        0x0 ../LELEC2103-SW_bsp//libhal_bsp.a(altera_avalon_jtag_uart_fd.o)
 .data          0x00000000000020f4        0x0 ../LELEC2103-SW_bsp//libhal_bsp.a(altera_avalon_jtag_uart_read.o)
 .data          0x00000000000020f4        0x0 ../LELEC2103-SW_bsp//libhal_bsp.a(altera_avalon_jtag_uart_write.o)
 .data          0x00000000000020f4        0x0 ../LELEC2103-SW_bsp//libhal_bsp.a(alt_close.o)
 .data          0x00000000000020f4        0x0 ../LELEC2103-SW_bsp//libhal_bsp.a(alt_dcache_flush_all.o)
 .data          0x00000000000020f4      0x1a8 ../LELEC2103-SW_bsp//libhal_bsp.a(alt_dev.o)
                0x00000000000020f4                alt_dev_null
                0x000000000000211c                alt_fd_list
 .data          0x000000000000229c        0x0 ../LELEC2103-SW_bsp//libhal_bsp.a(alt_dev_llist_insert.o)
 .data          0x000000000000229c        0x0 ../LELEC2103-SW_bsp//libhal_bsp.a(alt_errno.o)
 .data          0x000000000000229c        0x0 ../LELEC2103-SW_bsp//libhal_bsp.a(alt_icache_flush_all.o)
 .data          0x000000000000229c        0x0 ../LELEC2103-SW_bsp//libhal_bsp.a(alt_io_redirect.o)
 .data          0x000000000000229c        0x0 ../LELEC2103-SW_bsp//libhal_bsp.a(alt_open.o)
 .data          0x000000000000229c        0x0 ../LELEC2103-SW_bsp//libhal_bsp.a(alt_release_fd.o)
 .data          0x000000000000229c        0x0 ../LELEC2103-SW_bsp//libhal_bsp.a(altera_nios2_gen2_irq.o)
 .data          0x000000000000229c        0x0 ../LELEC2103-SW_bsp//libhal_bsp.a(alt_find_dev.o)
 .data          0x000000000000229c        0x0 ../LELEC2103-SW_bsp//libhal_bsp.a(alt_find_file.o)
 .data          0x000000000000229c        0x0 ../LELEC2103-SW_bsp//libhal_bsp.a(alt_get_fd.o)
 .data          0x000000000000229c        0x0 /home/anparis/altera/15.0/nios2eds/bin/gnu/H-x86_64-pc-linux-gnu/bin/../lib/gcc/nios2-elf/4.9.1/../../../../../H-x86_64-pc-linux-gnu/nios2-elf/lib/mno-hw-mul/libsmallc.a(lib_a-exit.o)
 .data          0x000000000000229c        0x0 /home/anparis/altera/15.0/nios2eds/bin/gnu/H-x86_64-pc-linux-gnu/bin/../lib/gcc/nios2-elf/4.9.1/../../../../../H-x86_64-pc-linux-gnu/nios2-elf/lib/mno-hw-mul/libsmallc.a(lib_a-memcmp.o)
 .data          0x000000000000229c        0x0 /home/anparis/altera/15.0/nios2eds/bin/gnu/H-x86_64-pc-linux-gnu/bin/../lib/gcc/nios2-elf/4.9.1/../../../../../H-x86_64-pc-linux-gnu/nios2-elf/lib/mno-hw-mul/libsmallc.a(lib_a-__call_atexit.o)
 .data          0x000000000000229c        0x0 ../LELEC2103-SW_bsp//libhal_bsp.a(alt_exit.o)
                0x000000000000a29c                _gp = ABSOLUTE ((. + 0x8000))
                0x000000000000a29c                PROVIDE (gp, _gp)
 *(.rwdata .rwdata.*)
 *(.sdata .sdata.* .gnu.linkonce.s.*)
 .sdata         0x000000000000229c        0x8 /home/anparis/altera/15.0/nios2eds/bin/gnu/H-x86_64-pc-linux-gnu/bin/../lib/gcc/nios2-elf/4.9.1/../../../../../H-x86_64-pc-linux-gnu/nios2-elf/lib/mno-hw-mul/libsmallc.a(lib_a-impure.o)
                0x000000000000229c                _global_impure_ptr
                0x00000000000022a0                _impure_ptr
 .sdata         0x00000000000022a4       0x14 ../LELEC2103-SW_bsp//libhal_bsp.a(alt_dev.o)
                0x00000000000022a4                alt_fs_list
                0x00000000000022ac                alt_dev_list
                0x00000000000022b4                alt_max_fd
 .sdata         0x00000000000022b8        0x4 ../LELEC2103-SW_bsp//libhal_bsp.a(alt_errno.o)
                0x00000000000022b8                alt_errno
 *(.sdata2 .sdata2.* .gnu.linkonce.s2.*)
                0x00000000000022bc                . = ALIGN (0x4)
                0x00000000000022bc                _edata = ABSOLUTE (.)
                0x00000000000022bc                PROVIDE (edata, ABSOLUTE (.))
                0x00000000000022bc                PROVIDE (__ram_rwdata_end, ABSOLUTE (.))
                0x00000000000022bc                PROVIDE (__flash_rwdata_start, LOADADDR (.rwdata))

.bss            0x0000000000002590       0x10
                0x0000000000002590                __bss_start = ABSOLUTE (.)
                0x0000000000002590                PROVIDE (__sbss_start, ABSOLUTE (.))
                0x0000000000002590                PROVIDE (___sbss_start, ABSOLUTE (.))
 *(.dynsbss)
 *(.sbss .sbss.* .gnu.linkonce.sb.*)
 .sbss          0x0000000000002590        0x4 /home/anparis/altera/15.0/nios2eds/bin/gnu/H-x86_64-pc-linux-gnu/bin/../lib/gcc/nios2-elf/4.9.1/../../../../../H-x86_64-pc-linux-gnu/nios2-elf/lib/mno-hw-mul/libsmallc.a(lib_a-int_errno.o)
                0x0000000000002590                errno
 .sbss          0x0000000000002594        0xc ../LELEC2103-SW_bsp//libhal_bsp.a(alt_main.o)
                0x0000000000002594                alt_argc
                0x0000000000002598                alt_argv
                0x000000000000259c                alt_envp
 *(.sbss2 .sbss2.* .gnu.linkonce.sb2.*)
 *(.scommon)
                0x00000000000025a0                PROVIDE (__sbss_end, ABSOLUTE (.))
                0x00000000000025a0                PROVIDE (___sbss_end, ABSOLUTE (.))
 *(.dynbss)
 *(.bss .bss.* .gnu.linkonce.b.*)
 .bss           0x00000000000025a0        0x0 ../LELEC2103-SW_bsp//obj/HAL/src/crt0.o
 .bss           0x00000000000025a0        0x0 obj/default/main.o
 .bss           0x00000000000025a0        0x0 /home/anparis/altera/15.0/nios2eds/bin/gnu/H-x86_64-pc-linux-gnu/bin/../lib/gcc/nios2-elf/4.9.1/../../../../../H-x86_64-pc-linux-gnu/nios2-elf/lib/mno-hw-mul/libsmallc.a(lib_a-printf.o)
 .bss           0x00000000000025a0        0x0 /home/anparis/altera/15.0/nios2eds/bin/gnu/H-x86_64-pc-linux-gnu/bin/../lib/gcc/nios2-elf/4.9.1/../../../../../H-x86_64-pc-linux-gnu/nios2-elf/lib/mno-hw-mul/libsmallc.a(lib_a-puts.o)
 .bss           0x00000000000025a0        0x0 /home/anparis/altera/15.0/nios2eds/bin/gnu/H-x86_64-pc-linux-gnu/bin/../lib/gcc/nios2-elf/4.9.1/../../../../../H-x86_64-pc-linux-gnu/nios2-elf/lib/mno-hw-mul/libsmallc.a(lib_a-strlen.o)
 .bss           0x00000000000025a0        0x0 /home/anparis/altera/15.0/nios2eds/bin/gnu/H-x86_64-pc-linux-gnu/bin/../lib/gcc/nios2-elf/4.9.1/../../../../../H-x86_64-pc-linux-gnu/nios2-elf/lib/mno-hw-mul/libsmallc.a(lib_a-vfprintf.o)
 .bss           0x00000000000025a0        0x0 /home/anparis/altera/15.0/nios2eds/bin/gnu/H-x86_64-pc-linux-gnu/bin/../lib/gcc/nios2-elf/4.9.1/../../../../../H-x86_64-pc-linux-gnu/nios2-elf/lib/mno-hw-mul/libsmallc.a(lib_a-fvwrite_small_dev.o)
 .bss           0x00000000000025a0        0x0 /home/anparis/altera/15.0/nios2eds/bin/gnu/H-x86_64-pc-linux-gnu/bin/../lib/gcc/nios2-elf/4.9.1/../../../../../H-x86_64-pc-linux-gnu/nios2-elf/lib/mno-hw-mul/libsmallc.a(lib_a-impure.o)
 .bss           0x00000000000025a0        0x0 /home/anparis/altera/15.0/nios2eds/bin/gnu/H-x86_64-pc-linux-gnu/bin/../lib/gcc/nios2-elf/4.9.1/../../../../../H-x86_64-pc-linux-gnu/nios2-elf/lib/mno-hw-mul/libsmallc.a(lib_a-writer.o)
 .bss           0x00000000000025a0        0x0 /home/anparis/altera/15.0/nios2eds/bin/gnu/H-x86_64-pc-linux-gnu/bin/../lib/gcc/nios2-elf/4.9.1/../../../../../H-x86_64-pc-linux-gnu/nios2-elf/lib/mno-hw-mul/libsmallc.a(lib_a-int_errno.o)
 .bss           0x00000000000025a0        0x0 /home/anparis/altera/15.0/nios2eds/bin/gnu/H-x86_64-pc-linux-gnu/bin/../lib/gcc/nios2-elf/4.9.1/mno-hw-mul/libgcc.a(lib2-divmod.o)
 .bss           0x00000000000025a0        0x0 /home/anparis/altera/15.0/nios2eds/bin/gnu/H-x86_64-pc-linux-gnu/bin/../lib/gcc/nios2-elf/4.9.1/mno-hw-mul/libgcc.a(lib2-mul.o)
 .bss           0x00000000000025a0        0x0 ../LELEC2103-SW_bsp//libhal_bsp.a(alt_load.o)
 .bss           0x00000000000025a0        0x0 ../LELEC2103-SW_bsp//libhal_bsp.a(alt_main.o)
 .bss           0x00000000000025a0        0x0 ../LELEC2103-SW_bsp//libhal_bsp.a(alt_write.o)
 .bss           0x00000000000025a0        0x0 ../LELEC2103-SW_bsp//libhal_bsp.a(alt_sys_init.o)
 .bss           0x00000000000025a0        0x0 ../LELEC2103-SW_bsp//libhal_bsp.a(altera_avalon_jtag_uart_fd.o)
 .bss           0x00000000000025a0        0x0 ../LELEC2103-SW_bsp//libhal_bsp.a(altera_avalon_jtag_uart_read.o)
 .bss           0x00000000000025a0        0x0 ../LELEC2103-SW_bsp//libhal_bsp.a(altera_avalon_jtag_uart_write.o)
 .bss           0x00000000000025a0        0x0 ../LELEC2103-SW_bsp//libhal_bsp.a(alt_close.o)
 .bss           0x00000000000025a0        0x0 ../LELEC2103-SW_bsp//libhal_bsp.a(alt_dcache_flush_all.o)
 .bss           0x00000000000025a0        0x0 ../LELEC2103-SW_bsp//libhal_bsp.a(alt_dev.o)
 .bss           0x00000000000025a0        0x0 ../LELEC2103-SW_bsp//libhal_bsp.a(alt_dev_llist_insert.o)
 .bss           0x00000000000025a0        0x0 ../LELEC2103-SW_bsp//libhal_bsp.a(alt_errno.o)
 .bss           0x00000000000025a0        0x0 ../LELEC2103-SW_bsp//libhal_bsp.a(alt_icache_flush_all.o)
 .bss           0x00000000000025a0        0x0 ../LELEC2103-SW_bsp//libhal_bsp.a(alt_io_redirect.o)
 .bss           0x00000000000025a0        0x0 ../LELEC2103-SW_bsp//libhal_bsp.a(alt_open.o)
 .bss           0x00000000000025a0        0x0 ../LELEC2103-SW_bsp//libhal_bsp.a(alt_release_fd.o)
 .bss           0x00000000000025a0        0x0 ../LELEC2103-SW_bsp//libhal_bsp.a(altera_nios2_gen2_irq.o)
 .bss           0x00000000000025a0        0x0 ../LELEC2103-SW_bsp//libhal_bsp.a(alt_find_dev.o)
 .bss           0x00000000000025a0        0x0 ../LELEC2103-SW_bsp//libhal_bsp.a(alt_find_file.o)
 .bss           0x00000000000025a0        0x0 ../LELEC2103-SW_bsp//libhal_bsp.a(alt_get_fd.o)
 .bss           0x00000000000025a0        0x0 /home/anparis/altera/15.0/nios2eds/bin/gnu/H-x86_64-pc-linux-gnu/bin/../lib/gcc/nios2-elf/4.9.1/../../../../../H-x86_64-pc-linux-gnu/nios2-elf/lib/mno-hw-mul/libsmallc.a(lib_a-exit.o)
 .bss           0x00000000000025a0        0x0 /home/anparis/altera/15.0/nios2eds/bin/gnu/H-x86_64-pc-linux-gnu/bin/../lib/gcc/nios2-elf/4.9.1/../../../../../H-x86_64-pc-linux-gnu/nios2-elf/lib/mno-hw-mul/libsmallc.a(lib_a-memcmp.o)
 .bss           0x00000000000025a0        0x0 /home/anparis/altera/15.0/nios2eds/bin/gnu/H-x86_64-pc-linux-gnu/bin/../lib/gcc/nios2-elf/4.9.1/../../../../../H-x86_64-pc-linux-gnu/nios2-elf/lib/mno-hw-mul/libsmallc.a(lib_a-__call_atexit.o)
 .bss           0x00000000000025a0        0x0 ../LELEC2103-SW_bsp//libhal_bsp.a(alt_exit.o)
 *(COMMON)
                0x00000000000025a0                . = ALIGN (0x4)
                0x00000000000025a0                __bss_end = ABSOLUTE (.)

.onchip_mem     0x00000000000025a0        0x0
                0x00000000000025a0                PROVIDE (_alt_partition_onchip_mem_start, ABSOLUTE (.))
 *(.onchip_mem .onchip_mem. onchip_mem.*)
                0x00000000000025a0                . = ALIGN (0x4)
                0x00000000000025a0                PROVIDE (_alt_partition_onchip_mem_end, ABSOLUTE (.))
                0x00000000000025a0                _end = ABSOLUTE (.)
                0x00000000000025a0                end = ABSOLUTE (.)
                0x00000000000025a0                __alt_stack_base = ABSOLUTE (.)
                0x00000000000025a0                PROVIDE (_alt_partition_onchip_mem_load_addr, LOADADDR (.onchip_mem))

.stab
 *(.stab)

.stabstr
 *(.stabstr)

.stab.excl
 *(.stab.excl)

.stab.exclstr
 *(.stab.exclstr)

.stab.index
 *(.stab.index)

.stab.indexstr
 *(.stab.indexstr)

.comment        0x0000000000000000       0x23
 *(.comment)
 .comment       0x0000000000000000       0x23 obj/default/main.o
                                         0x24 (size before relaxing)
 .comment       0x0000000000000000       0x24 /home/anparis/altera/15.0/nios2eds/bin/gnu/H-x86_64-pc-linux-gnu/bin/../lib/gcc/nios2-elf/4.9.1/../../../../../H-x86_64-pc-linux-gnu/nios2-elf/lib/mno-hw-mul/libsmallc.a(lib_a-printf.o)
 .comment       0x0000000000000000       0x24 /home/anparis/altera/15.0/nios2eds/bin/gnu/H-x86_64-pc-linux-gnu/bin/../lib/gcc/nios2-elf/4.9.1/../../../../../H-x86_64-pc-linux-gnu/nios2-elf/lib/mno-hw-mul/libsmallc.a(lib_a-puts.o)
 .comment       0x0000000000000000       0x24 /home/anparis/altera/15.0/nios2eds/bin/gnu/H-x86_64-pc-linux-gnu/bin/../lib/gcc/nios2-elf/4.9.1/../../../../../H-x86_64-pc-linux-gnu/nios2-elf/lib/mno-hw-mul/libsmallc.a(lib_a-strlen.o)
 .comment       0x0000000000000000       0x24 /home/anparis/altera/15.0/nios2eds/bin/gnu/H-x86_64-pc-linux-gnu/bin/../lib/gcc/nios2-elf/4.9.1/../../../../../H-x86_64-pc-linux-gnu/nios2-elf/lib/mno-hw-mul/libsmallc.a(lib_a-vfprintf.o)
 .comment       0x0000000000000000       0x24 /home/anparis/altera/15.0/nios2eds/bin/gnu/H-x86_64-pc-linux-gnu/bin/../lib/gcc/nios2-elf/4.9.1/../../../../../H-x86_64-pc-linux-gnu/nios2-elf/lib/mno-hw-mul/libsmallc.a(lib_a-fvwrite_small_dev.o)
 .comment       0x0000000000000000       0x24 /home/anparis/altera/15.0/nios2eds/bin/gnu/H-x86_64-pc-linux-gnu/bin/../lib/gcc/nios2-elf/4.9.1/../../../../../H-x86_64-pc-linux-gnu/nios2-elf/lib/mno-hw-mul/libsmallc.a(lib_a-impure.o)
 .comment       0x0000000000000000       0x24 /home/anparis/altera/15.0/nios2eds/bin/gnu/H-x86_64-pc-linux-gnu/bin/../lib/gcc/nios2-elf/4.9.1/../../../../../H-x86_64-pc-linux-gnu/nios2-elf/lib/mno-hw-mul/libsmallc.a(lib_a-writer.o)
 .comment       0x0000000000000000       0x24 /home/anparis/altera/15.0/nios2eds/bin/gnu/H-x86_64-pc-linux-gnu/bin/../lib/gcc/nios2-elf/4.9.1/../../../../../H-x86_64-pc-linux-gnu/nios2-elf/lib/mno-hw-mul/libsmallc.a(lib_a-int_errno.o)
 .comment       0x0000000000000000       0x24 /home/anparis/altera/15.0/nios2eds/bin/gnu/H-x86_64-pc-linux-gnu/bin/../lib/gcc/nios2-elf/4.9.1/mno-hw-mul/libgcc.a(lib2-divmod.o)
 .comment       0x0000000000000000       0x24 /home/anparis/altera/15.0/nios2eds/bin/gnu/H-x86_64-pc-linux-gnu/bin/../lib/gcc/nios2-elf/4.9.1/mno-hw-mul/libgcc.a(lib2-mul.o)
 .comment       0x0000000000000000       0x24 ../LELEC2103-SW_bsp//libhal_bsp.a(alt_load.o)
 .comment       0x0000000000000000       0x24 ../LELEC2103-SW_bsp//libhal_bsp.a(alt_main.o)
 .comment       0x0000000000000000       0x24 ../LELEC2103-SW_bsp//libhal_bsp.a(alt_write.o)
 .comment       0x0000000000000000       0x24 ../LELEC2103-SW_bsp//libhal_bsp.a(alt_sys_init.o)
 .comment       0x0000000000000000       0x24 ../LELEC2103-SW_bsp//libhal_bsp.a(altera_avalon_jtag_uart_fd.o)
 .comment       0x0000000000000000       0x24 ../LELEC2103-SW_bsp//libhal_bsp.a(altera_avalon_jtag_uart_read.o)
 .comment       0x0000000000000000       0x24 ../LELEC2103-SW_bsp//libhal_bsp.a(altera_avalon_jtag_uart_write.o)
 .comment       0x0000000000000000       0x24 ../LELEC2103-SW_bsp//libhal_bsp.a(alt_close.o)
 .comment       0x0000000000000000       0x24 ../LELEC2103-SW_bsp//libhal_bsp.a(alt_dcache_flush_all.o)
 .comment       0x0000000000000000       0x24 ../LELEC2103-SW_bsp//libhal_bsp.a(alt_dev.o)
 .comment       0x0000000000000000       0x24 ../LELEC2103-SW_bsp//libhal_bsp.a(alt_dev_llist_insert.o)
 .comment       0x0000000000000000       0x24 ../LELEC2103-SW_bsp//libhal_bsp.a(alt_errno.o)
 .comment       0x0000000000000000       0x24 ../LELEC2103-SW_bsp//libhal_bsp.a(alt_icache_flush_all.o)
 .comment       0x0000000000000000       0x24 ../LELEC2103-SW_bsp//libhal_bsp.a(alt_io_redirect.o)
 .comment       0x0000000000000000       0x24 ../LELEC2103-SW_bsp//libhal_bsp.a(alt_open.o)
 .comment       0x0000000000000000       0x24 ../LELEC2103-SW_bsp//libhal_bsp.a(alt_release_fd.o)
 .comment       0x0000000000000000       0x24 ../LELEC2103-SW_bsp//libhal_bsp.a(altera_nios2_gen2_irq.o)
 .comment       0x0000000000000000       0x24 ../LELEC2103-SW_bsp//libhal_bsp.a(alt_find_dev.o)
 .comment       0x0000000000000000       0x24 ../LELEC2103-SW_bsp//libhal_bsp.a(alt_find_file.o)
 .comment       0x0000000000000000       0x24 ../LELEC2103-SW_bsp//libhal_bsp.a(alt_get_fd.o)
 .comment       0x0000000000000000       0x24 /home/anparis/altera/15.0/nios2eds/bin/gnu/H-x86_64-pc-linux-gnu/bin/../lib/gcc/nios2-elf/4.9.1/../../../../../H-x86_64-pc-linux-gnu/nios2-elf/lib/mno-hw-mul/libsmallc.a(lib_a-exit.o)
 .comment       0x0000000000000000       0x24 /home/anparis/altera/15.0/nios2eds/bin/gnu/H-x86_64-pc-linux-gnu/bin/../lib/gcc/nios2-elf/4.9.1/../../../../../H-x86_64-pc-linux-gnu/nios2-elf/lib/mno-hw-mul/libsmallc.a(lib_a-memcmp.o)
 .comment       0x0000000000000000       0x24 /home/anparis/altera/15.0/nios2eds/bin/gnu/H-x86_64-pc-linux-gnu/bin/../lib/gcc/nios2-elf/4.9.1/../../../../../H-x86_64-pc-linux-gnu/nios2-elf/lib/mno-hw-mul/libsmallc.a(lib_a-__call_atexit.o)
 .comment       0x0000000000000000       0x24 ../LELEC2103-SW_bsp//libhal_bsp.a(alt_exit.o)

.debug
 *(.debug)

.line
 *(.line)

.debug_srcinfo
 *(.debug_srcinfo)

.debug_sfnames
 *(.debug_sfnames)

.debug_aranges  0x0000000000000000      0x470
 *(.debug_aranges)
 .debug_aranges
                0x0000000000000000       0x28 ../LELEC2103-SW_bsp//obj/HAL/src/crt0.o
 .debug_aranges
                0x0000000000000028       0x20 obj/default/main.o
 .debug_aranges
                0x0000000000000048       0x20 /home/anparis/altera/15.0/nios2eds/bin/gnu/H-x86_64-pc-linux-gnu/bin/../lib/gcc/nios2-elf/4.9.1/../../../../../H-x86_64-pc-linux-gnu/nios2-elf/lib/mno-hw-mul/libsmallc.a(lib_a-printf.o)
 .debug_aranges
                0x0000000000000068       0x20 /home/anparis/altera/15.0/nios2eds/bin/gnu/H-x86_64-pc-linux-gnu/bin/../lib/gcc/nios2-elf/4.9.1/../../../../../H-x86_64-pc-linux-gnu/nios2-elf/lib/mno-hw-mul/libsmallc.a(lib_a-puts.o)
 .debug_aranges
                0x0000000000000088       0x20 /home/anparis/altera/15.0/nios2eds/bin/gnu/H-x86_64-pc-linux-gnu/bin/../lib/gcc/nios2-elf/4.9.1/../../../../../H-x86_64-pc-linux-gnu/nios2-elf/lib/mno-hw-mul/libsmallc.a(lib_a-strlen.o)
 .debug_aranges
                0x00000000000000a8       0x20 /home/anparis/altera/15.0/nios2eds/bin/gnu/H-x86_64-pc-linux-gnu/bin/../lib/gcc/nios2-elf/4.9.1/../../../../../H-x86_64-pc-linux-gnu/nios2-elf/lib/mno-hw-mul/libsmallc.a(lib_a-vfprintf.o)
 .debug_aranges
                0x00000000000000c8       0x20 /home/anparis/altera/15.0/nios2eds/bin/gnu/H-x86_64-pc-linux-gnu/bin/../lib/gcc/nios2-elf/4.9.1/../../../../../H-x86_64-pc-linux-gnu/nios2-elf/lib/mno-hw-mul/libsmallc.a(lib_a-fvwrite_small_dev.o)
 .debug_aranges
                0x00000000000000e8       0x18 /home/anparis/altera/15.0/nios2eds/bin/gnu/H-x86_64-pc-linux-gnu/bin/../lib/gcc/nios2-elf/4.9.1/../../../../../H-x86_64-pc-linux-gnu/nios2-elf/lib/mno-hw-mul/libsmallc.a(lib_a-impure.o)
 .debug_aranges
                0x0000000000000100       0x20 /home/anparis/altera/15.0/nios2eds/bin/gnu/H-x86_64-pc-linux-gnu/bin/../lib/gcc/nios2-elf/4.9.1/../../../../../H-x86_64-pc-linux-gnu/nios2-elf/lib/mno-hw-mul/libsmallc.a(lib_a-writer.o)
 .debug_aranges
                0x0000000000000120       0x18 /home/anparis/altera/15.0/nios2eds/bin/gnu/H-x86_64-pc-linux-gnu/bin/../lib/gcc/nios2-elf/4.9.1/../../../../../H-x86_64-pc-linux-gnu/nios2-elf/lib/mno-hw-mul/libsmallc.a(lib_a-int_errno.o)
 .debug_aranges
                0x0000000000000138       0x20 /home/anparis/altera/15.0/nios2eds/bin/gnu/H-x86_64-pc-linux-gnu/bin/../lib/gcc/nios2-elf/4.9.1/mno-hw-mul/libgcc.a(lib2-divmod.o)
 .debug_aranges
                0x0000000000000158       0x20 /home/anparis/altera/15.0/nios2eds/bin/gnu/H-x86_64-pc-linux-gnu/bin/../lib/gcc/nios2-elf/4.9.1/mno-hw-mul/libgcc.a(lib2-mul.o)
 .debug_aranges
                0x0000000000000178       0x20 ../LELEC2103-SW_bsp//libhal_bsp.a(alt_load.o)
 .debug_aranges
                0x0000000000000198       0x20 ../LELEC2103-SW_bsp//libhal_bsp.a(alt_main.o)
 .debug_aranges
                0x00000000000001b8       0x20 ../LELEC2103-SW_bsp//libhal_bsp.a(alt_write.o)
 .debug_aranges
                0x00000000000001d8       0x20 ../LELEC2103-SW_bsp//libhal_bsp.a(alt_sys_init.o)
 .debug_aranges
                0x00000000000001f8       0x20 ../LELEC2103-SW_bsp//libhal_bsp.a(altera_avalon_jtag_uart_fd.o)
 .debug_aranges
                0x0000000000000218       0x20 ../LELEC2103-SW_bsp//libhal_bsp.a(altera_avalon_jtag_uart_read.o)
 .debug_aranges
                0x0000000000000238       0x20 ../LELEC2103-SW_bsp//libhal_bsp.a(altera_avalon_jtag_uart_write.o)
 .debug_aranges
                0x0000000000000258       0x20 ../LELEC2103-SW_bsp//libhal_bsp.a(alt_close.o)
 .debug_aranges
                0x0000000000000278       0x20 ../LELEC2103-SW_bsp//libhal_bsp.a(alt_dcache_flush_all.o)
 .debug_aranges
                0x0000000000000298       0x20 ../LELEC2103-SW_bsp//libhal_bsp.a(alt_dev.o)
 .debug_aranges
                0x00000000000002b8       0x20 ../LELEC2103-SW_bsp//libhal_bsp.a(alt_dev_llist_insert.o)
 .debug_aranges
                0x00000000000002d8       0x18 ../LELEC2103-SW_bsp//libhal_bsp.a(alt_errno.o)
 .debug_aranges
                0x00000000000002f0       0x20 ../LELEC2103-SW_bsp//libhal_bsp.a(alt_icache_flush_all.o)
 .debug_aranges
                0x0000000000000310       0x20 ../LELEC2103-SW_bsp//libhal_bsp.a(alt_io_redirect.o)
 .debug_aranges
                0x0000000000000330       0x20 ../LELEC2103-SW_bsp//libhal_bsp.a(alt_open.o)
 .debug_aranges
                0x0000000000000350       0x20 ../LELEC2103-SW_bsp//libhal_bsp.a(alt_release_fd.o)
 .debug_aranges
                0x0000000000000370       0x20 ../LELEC2103-SW_bsp//libhal_bsp.a(altera_nios2_gen2_irq.o)
 .debug_aranges
                0x0000000000000390       0x20 ../LELEC2103-SW_bsp//libhal_bsp.a(alt_find_dev.o)
 .debug_aranges
                0x00000000000003b0       0x20 ../LELEC2103-SW_bsp//libhal_bsp.a(alt_find_file.o)
 .debug_aranges
                0x00000000000003d0       0x20 ../LELEC2103-SW_bsp//libhal_bsp.a(alt_get_fd.o)
 .debug_aranges
                0x00000000000003f0       0x20 /home/anparis/altera/15.0/nios2eds/bin/gnu/H-x86_64-pc-linux-gnu/bin/../lib/gcc/nios2-elf/4.9.1/../../../../../H-x86_64-pc-linux-gnu/nios2-elf/lib/mno-hw-mul/libsmallc.a(lib_a-exit.o)
 .debug_aranges
                0x0000000000000410       0x20 /home/anparis/altera/15.0/nios2eds/bin/gnu/H-x86_64-pc-linux-gnu/bin/../lib/gcc/nios2-elf/4.9.1/../../../../../H-x86_64-pc-linux-gnu/nios2-elf/lib/mno-hw-mul/libsmallc.a(lib_a-memcmp.o)
 .debug_aranges
                0x0000000000000430       0x20 /home/anparis/altera/15.0/nios2eds/bin/gnu/H-x86_64-pc-linux-gnu/bin/../lib/gcc/nios2-elf/4.9.1/../../../../../H-x86_64-pc-linux-gnu/nios2-elf/lib/mno-hw-mul/libsmallc.a(lib_a-__call_atexit.o)
 .debug_aranges
                0x0000000000000450       0x20 ../LELEC2103-SW_bsp//libhal_bsp.a(alt_exit.o)

.debug_pubnames
 *(.debug_pubnames)

.debug_info     0x0000000000000000     0x6cab
 *(.debug_info .gnu.linkonce.wi.*)
 .debug_info    0x0000000000000000       0x75 ../LELEC2103-SW_bsp//obj/HAL/src/crt0.o
 .debug_info    0x0000000000000075      0x2f8 obj/default/main.o
 .debug_info    0x000000000000036d      0x6c7 /home/anparis/altera/15.0/nios2eds/bin/gnu/H-x86_64-pc-linux-gnu/bin/../lib/gcc/nios2-elf/4.9.1/../../../../../H-x86_64-pc-linux-gnu/nios2-elf/lib/mno-hw-mul/libsmallc.a(lib_a-printf.o)
 .debug_info    0x0000000000000a34      0x685 /home/anparis/altera/15.0/nios2eds/bin/gnu/H-x86_64-pc-linux-gnu/bin/../lib/gcc/nios2-elf/4.9.1/../../../../../H-x86_64-pc-linux-gnu/nios2-elf/lib/mno-hw-mul/libsmallc.a(lib_a-puts.o)
 .debug_info    0x00000000000010b9       0xc2 /home/anparis/altera/15.0/nios2eds/bin/gnu/H-x86_64-pc-linux-gnu/bin/../lib/gcc/nios2-elf/4.9.1/../../../../../H-x86_64-pc-linux-gnu/nios2-elf/lib/mno-hw-mul/libsmallc.a(lib_a-strlen.o)
 .debug_info    0x000000000000117b      0xb49 /home/anparis/altera/15.0/nios2eds/bin/gnu/H-x86_64-pc-linux-gnu/bin/../lib/gcc/nios2-elf/4.9.1/../../../../../H-x86_64-pc-linux-gnu/nios2-elf/lib/mno-hw-mul/libsmallc.a(lib_a-vfprintf.o)
 .debug_info    0x0000000000001cc4      0x656 /home/anparis/altera/15.0/nios2eds/bin/gnu/H-x86_64-pc-linux-gnu/bin/../lib/gcc/nios2-elf/4.9.1/../../../../../H-x86_64-pc-linux-gnu/nios2-elf/lib/mno-hw-mul/libsmallc.a(lib_a-fvwrite_small_dev.o)
 .debug_info    0x000000000000231a      0x5a7 /home/anparis/altera/15.0/nios2eds/bin/gnu/H-x86_64-pc-linux-gnu/bin/../lib/gcc/nios2-elf/4.9.1/../../../../../H-x86_64-pc-linux-gnu/nios2-elf/lib/mno-hw-mul/libsmallc.a(lib_a-impure.o)
 .debug_info    0x00000000000028c1      0x639 /home/anparis/altera/15.0/nios2eds/bin/gnu/H-x86_64-pc-linux-gnu/bin/../lib/gcc/nios2-elf/4.9.1/../../../../../H-x86_64-pc-linux-gnu/nios2-elf/lib/mno-hw-mul/libsmallc.a(lib_a-writer.o)
 .debug_info    0x0000000000002efa       0x83 /home/anparis/altera/15.0/nios2eds/bin/gnu/H-x86_64-pc-linux-gnu/bin/../lib/gcc/nios2-elf/4.9.1/../../../../../H-x86_64-pc-linux-gnu/nios2-elf/lib/mno-hw-mul/libsmallc.a(lib_a-int_errno.o)
 .debug_info    0x0000000000002f7d      0x234 /home/anparis/altera/15.0/nios2eds/bin/gnu/H-x86_64-pc-linux-gnu/bin/../lib/gcc/nios2-elf/4.9.1/mno-hw-mul/libgcc.a(lib2-divmod.o)
 .debug_info    0x00000000000031b1       0xb4 /home/anparis/altera/15.0/nios2eds/bin/gnu/H-x86_64-pc-linux-gnu/bin/../lib/gcc/nios2-elf/4.9.1/mno-hw-mul/libgcc.a(lib2-mul.o)
 .debug_info    0x0000000000003265      0x13e ../LELEC2103-SW_bsp//libhal_bsp.a(alt_load.o)
 .debug_info    0x00000000000033a3      0x12a ../LELEC2103-SW_bsp//libhal_bsp.a(alt_main.o)
 .debug_info    0x00000000000034cd      0x4b0 ../LELEC2103-SW_bsp//libhal_bsp.a(alt_write.o)
 .debug_info    0x000000000000397d      0x3c2 ../LELEC2103-SW_bsp//libhal_bsp.a(alt_sys_init.o)
 .debug_info    0x0000000000003d3f      0x3a0 ../LELEC2103-SW_bsp//libhal_bsp.a(altera_avalon_jtag_uart_fd.o)
 .debug_info    0x00000000000040df      0x1af ../LELEC2103-SW_bsp//libhal_bsp.a(altera_avalon_jtag_uart_read.o)
 .debug_info    0x000000000000428e      0x18e ../LELEC2103-SW_bsp//libhal_bsp.a(altera_avalon_jtag_uart_write.o)
 .debug_info    0x000000000000441c      0x31a ../LELEC2103-SW_bsp//libhal_bsp.a(alt_close.o)
 .debug_info    0x0000000000004736       0x8b ../LELEC2103-SW_bsp//libhal_bsp.a(alt_dcache_flush_all.o)
 .debug_info    0x00000000000047c1      0x495 ../LELEC2103-SW_bsp//libhal_bsp.a(alt_dev.o)
 .debug_info    0x0000000000004c56      0x1a2 ../LELEC2103-SW_bsp//libhal_bsp.a(alt_dev_llist_insert.o)
 .debug_info    0x0000000000004df8       0x9f ../LELEC2103-SW_bsp//libhal_bsp.a(alt_errno.o)
 .debug_info    0x0000000000004e97       0x8b ../LELEC2103-SW_bsp//libhal_bsp.a(alt_icache_flush_all.o)
 .debug_info    0x0000000000004f22      0x49e ../LELEC2103-SW_bsp//libhal_bsp.a(alt_io_redirect.o)
 .debug_info    0x00000000000053c0      0x3b4 ../LELEC2103-SW_bsp//libhal_bsp.a(alt_open.o)
 .debug_info    0x0000000000005774      0x2b0 ../LELEC2103-SW_bsp//libhal_bsp.a(alt_release_fd.o)
 .debug_info    0x0000000000005a24       0x8b ../LELEC2103-SW_bsp//libhal_bsp.a(altera_nios2_gen2_irq.o)
 .debug_info    0x0000000000005aaf      0x2e2 ../LELEC2103-SW_bsp//libhal_bsp.a(alt_find_dev.o)
 .debug_info    0x0000000000005d91      0x2df ../LELEC2103-SW_bsp//libhal_bsp.a(alt_find_file.o)
 .debug_info    0x0000000000006070      0x309 ../LELEC2103-SW_bsp//libhal_bsp.a(alt_get_fd.o)
 .debug_info    0x0000000000006379       0xed /home/anparis/altera/15.0/nios2eds/bin/gnu/H-x86_64-pc-linux-gnu/bin/../lib/gcc/nios2-elf/4.9.1/../../../../../H-x86_64-pc-linux-gnu/nios2-elf/lib/mno-hw-mul/libsmallc.a(lib_a-exit.o)
 .debug_info    0x0000000000006466       0xed /home/anparis/altera/15.0/nios2eds/bin/gnu/H-x86_64-pc-linux-gnu/bin/../lib/gcc/nios2-elf/4.9.1/../../../../../H-x86_64-pc-linux-gnu/nios2-elf/lib/mno-hw-mul/libsmallc.a(lib_a-memcmp.o)
 .debug_info    0x0000000000006553      0x673 /home/anparis/altera/15.0/nios2eds/bin/gnu/H-x86_64-pc-linux-gnu/bin/../lib/gcc/nios2-elf/4.9.1/../../../../../H-x86_64-pc-linux-gnu/nios2-elf/lib/mno-hw-mul/libsmallc.a(lib_a-__call_atexit.o)
 .debug_info    0x0000000000006bc6       0xe5 ../LELEC2103-SW_bsp//libhal_bsp.a(alt_exit.o)

.debug_abbrev   0x0000000000000000     0x2309
 *(.debug_abbrev)
 .debug_abbrev  0x0000000000000000       0x12 ../LELEC2103-SW_bsp//obj/HAL/src/crt0.o
 .debug_abbrev  0x0000000000000012      0x128 obj/default/main.o
 .debug_abbrev  0x000000000000013a      0x1fe /home/anparis/altera/15.0/nios2eds/bin/gnu/H-x86_64-pc-linux-gnu/bin/../lib/gcc/nios2-elf/4.9.1/../../../../../H-x86_64-pc-linux-gnu/nios2-elf/lib/mno-hw-mul/libsmallc.a(lib_a-printf.o)
 .debug_abbrev  0x0000000000000338      0x1ed /home/anparis/altera/15.0/nios2eds/bin/gnu/H-x86_64-pc-linux-gnu/bin/../lib/gcc/nios2-elf/4.9.1/../../../../../H-x86_64-pc-linux-gnu/nios2-elf/lib/mno-hw-mul/libsmallc.a(lib_a-puts.o)
 .debug_abbrev  0x0000000000000525       0x7f /home/anparis/altera/15.0/nios2eds/bin/gnu/H-x86_64-pc-linux-gnu/bin/../lib/gcc/nios2-elf/4.9.1/../../../../../H-x86_64-pc-linux-gnu/nios2-elf/lib/mno-hw-mul/libsmallc.a(lib_a-strlen.o)
 .debug_abbrev  0x00000000000005a4      0x2a1 /home/anparis/altera/15.0/nios2eds/bin/gnu/H-x86_64-pc-linux-gnu/bin/../lib/gcc/nios2-elf/4.9.1/../../../../../H-x86_64-pc-linux-gnu/nios2-elf/lib/mno-hw-mul/libsmallc.a(lib_a-vfprintf.o)
 .debug_abbrev  0x0000000000000845      0x1c3 /home/anparis/altera/15.0/nios2eds/bin/gnu/H-x86_64-pc-linux-gnu/bin/../lib/gcc/nios2-elf/4.9.1/../../../../../H-x86_64-pc-linux-gnu/nios2-elf/lib/mno-hw-mul/libsmallc.a(lib_a-fvwrite_small_dev.o)
 .debug_abbrev  0x0000000000000a08      0x14a /home/anparis/altera/15.0/nios2eds/bin/gnu/H-x86_64-pc-linux-gnu/bin/../lib/gcc/nios2-elf/4.9.1/../../../../../H-x86_64-pc-linux-gnu/nios2-elf/lib/mno-hw-mul/libsmallc.a(lib_a-impure.o)
 .debug_abbrev  0x0000000000000b52      0x1a8 /home/anparis/altera/15.0/nios2eds/bin/gnu/H-x86_64-pc-linux-gnu/bin/../lib/gcc/nios2-elf/4.9.1/../../../../../H-x86_64-pc-linux-gnu/nios2-elf/lib/mno-hw-mul/libsmallc.a(lib_a-writer.o)
 .debug_abbrev  0x0000000000000cfa       0x37 /home/anparis/altera/15.0/nios2eds/bin/gnu/H-x86_64-pc-linux-gnu/bin/../lib/gcc/nios2-elf/4.9.1/../../../../../H-x86_64-pc-linux-gnu/nios2-elf/lib/mno-hw-mul/libsmallc.a(lib_a-int_errno.o)
 .debug_abbrev  0x0000000000000d31       0xd9 /home/anparis/altera/15.0/nios2eds/bin/gnu/H-x86_64-pc-linux-gnu/bin/../lib/gcc/nios2-elf/4.9.1/mno-hw-mul/libgcc.a(lib2-divmod.o)
 .debug_abbrev  0x0000000000000e0a       0x6f /home/anparis/altera/15.0/nios2eds/bin/gnu/H-x86_64-pc-linux-gnu/bin/../lib/gcc/nios2-elf/4.9.1/mno-hw-mul/libgcc.a(lib2-mul.o)
 .debug_abbrev  0x0000000000000e79       0x9f ../LELEC2103-SW_bsp//libhal_bsp.a(alt_load.o)
 .debug_abbrev  0x0000000000000f18       0xba ../LELEC2103-SW_bsp//libhal_bsp.a(alt_main.o)
 .debug_abbrev  0x0000000000000fd2      0x133 ../LELEC2103-SW_bsp//libhal_bsp.a(alt_write.o)
 .debug_abbrev  0x0000000000001105      0x157 ../LELEC2103-SW_bsp//libhal_bsp.a(alt_sys_init.o)
 .debug_abbrev  0x000000000000125c       0xf7 ../LELEC2103-SW_bsp//libhal_bsp.a(altera_avalon_jtag_uart_fd.o)
 .debug_abbrev  0x0000000000001353       0xd7 ../LELEC2103-SW_bsp//libhal_bsp.a(altera_avalon_jtag_uart_read.o)
 .debug_abbrev  0x000000000000142a       0xd5 ../LELEC2103-SW_bsp//libhal_bsp.a(altera_avalon_jtag_uart_write.o)
 .debug_abbrev  0x00000000000014ff      0x11f ../LELEC2103-SW_bsp//libhal_bsp.a(alt_close.o)
 .debug_abbrev  0x000000000000161e       0x42 ../LELEC2103-SW_bsp//libhal_bsp.a(alt_dcache_flush_all.o)
 .debug_abbrev  0x0000000000001660       0xd9 ../LELEC2103-SW_bsp//libhal_bsp.a(alt_dev.o)
 .debug_abbrev  0x0000000000001739      0x114 ../LELEC2103-SW_bsp//libhal_bsp.a(alt_dev_llist_insert.o)
 .debug_abbrev  0x000000000000184d       0x5a ../LELEC2103-SW_bsp//libhal_bsp.a(alt_errno.o)
 .debug_abbrev  0x00000000000018a7       0x42 ../LELEC2103-SW_bsp//libhal_bsp.a(alt_icache_flush_all.o)
 .debug_abbrev  0x00000000000018e9      0x114 ../LELEC2103-SW_bsp//libhal_bsp.a(alt_io_redirect.o)
 .debug_abbrev  0x00000000000019fd      0x148 ../LELEC2103-SW_bsp//libhal_bsp.a(alt_open.o)
 .debug_abbrev  0x0000000000001b45       0xde ../LELEC2103-SW_bsp//libhal_bsp.a(alt_release_fd.o)
 .debug_abbrev  0x0000000000001c23       0x42 ../LELEC2103-SW_bsp//libhal_bsp.a(altera_nios2_gen2_irq.o)
 .debug_abbrev  0x0000000000001c65       0xf0 ../LELEC2103-SW_bsp//libhal_bsp.a(alt_find_dev.o)
 .debug_abbrev  0x0000000000001d55       0xf0 ../LELEC2103-SW_bsp//libhal_bsp.a(alt_find_file.o)
 .debug_abbrev  0x0000000000001e45      0x10d ../LELEC2103-SW_bsp//libhal_bsp.a(alt_get_fd.o)
 .debug_abbrev  0x0000000000001f52       0xa9 /home/anparis/altera/15.0/nios2eds/bin/gnu/H-x86_64-pc-linux-gnu/bin/../lib/gcc/nios2-elf/4.9.1/../../../../../H-x86_64-pc-linux-gnu/nios2-elf/lib/mno-hw-mul/libsmallc.a(lib_a-exit.o)
 .debug_abbrev  0x0000000000001ffb       0x7f /home/anparis/altera/15.0/nios2eds/bin/gnu/H-x86_64-pc-linux-gnu/bin/../lib/gcc/nios2-elf/4.9.1/../../../../../H-x86_64-pc-linux-gnu/nios2-elf/lib/mno-hw-mul/libsmallc.a(lib_a-memcmp.o)
 .debug_abbrev  0x000000000000207a      0x1e9 /home/anparis/altera/15.0/nios2eds/bin/gnu/H-x86_64-pc-linux-gnu/bin/../lib/gcc/nios2-elf/4.9.1/../../../../../H-x86_64-pc-linux-gnu/nios2-elf/lib/mno-hw-mul/libsmallc.a(lib_a-__call_atexit.o)
 .debug_abbrev  0x0000000000002263       0xa6 ../LELEC2103-SW_bsp//libhal_bsp.a(alt_exit.o)

.debug_line     0x0000000000000000     0x275e
 *(.debug_line)
 .debug_line    0x0000000000000000       0x66 ../LELEC2103-SW_bsp//obj/HAL/src/crt0.o
 .debug_line    0x0000000000000066       0xb4 obj/default/main.o
 .debug_line    0x000000000000011a      0x1fd /home/anparis/altera/15.0/nios2eds/bin/gnu/H-x86_64-pc-linux-gnu/bin/../lib/gcc/nios2-elf/4.9.1/../../../../../H-x86_64-pc-linux-gnu/nios2-elf/lib/mno-hw-mul/libsmallc.a(lib_a-printf.o)
 .debug_line    0x0000000000000317      0x1ff /home/anparis/altera/15.0/nios2eds/bin/gnu/H-x86_64-pc-linux-gnu/bin/../lib/gcc/nios2-elf/4.9.1/../../../../../H-x86_64-pc-linux-gnu/nios2-elf/lib/mno-hw-mul/libsmallc.a(lib_a-puts.o)
 .debug_line    0x0000000000000516      0x15e /home/anparis/altera/15.0/nios2eds/bin/gnu/H-x86_64-pc-linux-gnu/bin/../lib/gcc/nios2-elf/4.9.1/../../../../../H-x86_64-pc-linux-gnu/nios2-elf/lib/mno-hw-mul/libsmallc.a(lib_a-strlen.o)
 .debug_line    0x0000000000000674      0x34d /home/anparis/altera/15.0/nios2eds/bin/gnu/H-x86_64-pc-linux-gnu/bin/../lib/gcc/nios2-elf/4.9.1/../../../../../H-x86_64-pc-linux-gnu/nios2-elf/lib/mno-hw-mul/libsmallc.a(lib_a-vfprintf.o)
 .debug_line    0x00000000000009c1      0x1f5 /home/anparis/altera/15.0/nios2eds/bin/gnu/H-x86_64-pc-linux-gnu/bin/../lib/gcc/nios2-elf/4.9.1/../../../../../H-x86_64-pc-linux-gnu/nios2-elf/lib/mno-hw-mul/libsmallc.a(lib_a-fvwrite_small_dev.o)
 .debug_line    0x0000000000000bb6      0x158 /home/anparis/altera/15.0/nios2eds/bin/gnu/H-x86_64-pc-linux-gnu/bin/../lib/gcc/nios2-elf/4.9.1/../../../../../H-x86_64-pc-linux-gnu/nios2-elf/lib/mno-hw-mul/libsmallc.a(lib_a-impure.o)
 .debug_line    0x0000000000000d0e      0x1f0 /home/anparis/altera/15.0/nios2eds/bin/gnu/H-x86_64-pc-linux-gnu/bin/../lib/gcc/nios2-elf/4.9.1/../../../../../H-x86_64-pc-linux-gnu/nios2-elf/lib/mno-hw-mul/libsmallc.a(lib_a-writer.o)
 .debug_line    0x0000000000000efe       0x60 /home/anparis/altera/15.0/nios2eds/bin/gnu/H-x86_64-pc-linux-gnu/bin/../lib/gcc/nios2-elf/4.9.1/../../../../../H-x86_64-pc-linux-gnu/nios2-elf/lib/mno-hw-mul/libsmallc.a(lib_a-int_errno.o)
 .debug_line    0x0000000000000f5e       0xc7 /home/anparis/altera/15.0/nios2eds/bin/gnu/H-x86_64-pc-linux-gnu/bin/../lib/gcc/nios2-elf/4.9.1/mno-hw-mul/libgcc.a(lib2-divmod.o)
 .debug_line    0x0000000000001025       0x80 /home/anparis/altera/15.0/nios2eds/bin/gnu/H-x86_64-pc-linux-gnu/bin/../lib/gcc/nios2-elf/4.9.1/mno-hw-mul/libgcc.a(lib2-mul.o)
 .debug_line    0x00000000000010a5       0x8d ../LELEC2103-SW_bsp//libhal_bsp.a(alt_load.o)
 .debug_line    0x0000000000001132       0x9e ../LELEC2103-SW_bsp//libhal_bsp.a(alt_main.o)
 .debug_line    0x00000000000011d0      0x1ec ../LELEC2103-SW_bsp//libhal_bsp.a(alt_write.o)
 .debug_line    0x00000000000013bc      0x126 ../LELEC2103-SW_bsp//libhal_bsp.a(alt_sys_init.o)
 .debug_line    0x00000000000014e2      0x112 ../LELEC2103-SW_bsp//libhal_bsp.a(altera_avalon_jtag_uart_fd.o)
 .debug_line    0x00000000000015f4       0xff ../LELEC2103-SW_bsp//libhal_bsp.a(altera_avalon_jtag_uart_read.o)
 .debug_line    0x00000000000016f3       0xf4 ../LELEC2103-SW_bsp//libhal_bsp.a(altera_avalon_jtag_uart_write.o)
 .debug_line    0x00000000000017e7      0x16e ../LELEC2103-SW_bsp//libhal_bsp.a(alt_close.o)
 .debug_line    0x0000000000001955       0x51 ../LELEC2103-SW_bsp//libhal_bsp.a(alt_dcache_flush_all.o)
 .debug_line    0x00000000000019a6      0x100 ../LELEC2103-SW_bsp//libhal_bsp.a(alt_dev.o)
 .debug_line    0x0000000000001aa6       0xd0 ../LELEC2103-SW_bsp//libhal_bsp.a(alt_dev_llist_insert.o)
 .debug_line    0x0000000000001b76       0x51 ../LELEC2103-SW_bsp//libhal_bsp.a(alt_errno.o)
 .debug_line    0x0000000000001bc7       0x4f ../LELEC2103-SW_bsp//libhal_bsp.a(alt_icache_flush_all.o)
 .debug_line    0x0000000000001c16      0x13d ../LELEC2103-SW_bsp//libhal_bsp.a(alt_io_redirect.o)
 .debug_line    0x0000000000001d53      0x12d ../LELEC2103-SW_bsp//libhal_bsp.a(alt_open.o)
 .debug_line    0x0000000000001e80       0xb0 ../LELEC2103-SW_bsp//libhal_bsp.a(alt_release_fd.o)
 .debug_line    0x0000000000001f30       0x51 ../LELEC2103-SW_bsp//libhal_bsp.a(altera_nios2_gen2_irq.o)
 .debug_line    0x0000000000001f81       0xb5 ../LELEC2103-SW_bsp//libhal_bsp.a(alt_find_dev.o)
 .debug_line    0x0000000000002036       0xd1 ../LELEC2103-SW_bsp//libhal_bsp.a(alt_find_file.o)
 .debug_line    0x0000000000002107       0xd8 ../LELEC2103-SW_bsp//libhal_bsp.a(alt_get_fd.o)
 .debug_line    0x00000000000021df      0x15a /home/anparis/altera/15.0/nios2eds/bin/gnu/H-x86_64-pc-linux-gnu/bin/../lib/gcc/nios2-elf/4.9.1/../../../../../H-x86_64-pc-linux-gnu/nios2-elf/lib/mno-hw-mul/libsmallc.a(lib_a-exit.o)
 .debug_line    0x0000000000002339      0x162 /home/anparis/altera/15.0/nios2eds/bin/gnu/H-x86_64-pc-linux-gnu/bin/../lib/gcc/nios2-elf/4.9.1/../../../../../H-x86_64-pc-linux-gnu/nios2-elf/lib/mno-hw-mul/libsmallc.a(lib_a-memcmp.o)
 .debug_line    0x000000000000249b      0x252 /home/anparis/altera/15.0/nios2eds/bin/gnu/H-x86_64-pc-linux-gnu/bin/../lib/gcc/nios2-elf/4.9.1/../../../../../H-x86_64-pc-linux-gnu/nios2-elf/lib/mno-hw-mul/libsmallc.a(lib_a-__call_atexit.o)
 .debug_line    0x00000000000026ed       0x71 ../LELEC2103-SW_bsp//libhal_bsp.a(alt_exit.o)

.debug_frame    0x0000000000000000      0x968
 *(.debug_frame)
 .debug_frame   0x0000000000000000       0xa0 obj/default/main.o
 .debug_frame   0x00000000000000a0       0x48 /home/anparis/altera/15.0/nios2eds/bin/gnu/H-x86_64-pc-linux-gnu/bin/../lib/gcc/nios2-elf/4.9.1/../../../../../H-x86_64-pc-linux-gnu/nios2-elf/lib/mno-hw-mul/libsmallc.a(lib_a-printf.o)
 .debug_frame   0x00000000000000e8       0x48 /home/anparis/altera/15.0/nios2eds/bin/gnu/H-x86_64-pc-linux-gnu/bin/../lib/gcc/nios2-elf/4.9.1/../../../../../H-x86_64-pc-linux-gnu/nios2-elf/lib/mno-hw-mul/libsmallc.a(lib_a-puts.o)
 .debug_frame   0x0000000000000130       0x20 /home/anparis/altera/15.0/nios2eds/bin/gnu/H-x86_64-pc-linux-gnu/bin/../lib/gcc/nios2-elf/4.9.1/../../../../../H-x86_64-pc-linux-gnu/nios2-elf/lib/mno-hw-mul/libsmallc.a(lib_a-strlen.o)
 .debug_frame   0x0000000000000150       0x8c /home/anparis/altera/15.0/nios2eds/bin/gnu/H-x86_64-pc-linux-gnu/bin/../lib/gcc/nios2-elf/4.9.1/../../../../../H-x86_64-pc-linux-gnu/nios2-elf/lib/mno-hw-mul/libsmallc.a(lib_a-vfprintf.o)
 .debug_frame   0x00000000000001dc       0x40 /home/anparis/altera/15.0/nios2eds/bin/gnu/H-x86_64-pc-linux-gnu/bin/../lib/gcc/nios2-elf/4.9.1/../../../../../H-x86_64-pc-linux-gnu/nios2-elf/lib/mno-hw-mul/libsmallc.a(lib_a-fvwrite_small_dev.o)
 .debug_frame   0x000000000000021c       0x38 /home/anparis/altera/15.0/nios2eds/bin/gnu/H-x86_64-pc-linux-gnu/bin/../lib/gcc/nios2-elf/4.9.1/../../../../../H-x86_64-pc-linux-gnu/nios2-elf/lib/mno-hw-mul/libsmallc.a(lib_a-writer.o)
 .debug_frame   0x0000000000000254       0x8c /home/anparis/altera/15.0/nios2eds/bin/gnu/H-x86_64-pc-linux-gnu/bin/../lib/gcc/nios2-elf/4.9.1/mno-hw-mul/libgcc.a(lib2-divmod.o)
 .debug_frame   0x00000000000002e0       0x20 /home/anparis/altera/15.0/nios2eds/bin/gnu/H-x86_64-pc-linux-gnu/bin/../lib/gcc/nios2-elf/4.9.1/mno-hw-mul/libgcc.a(lib2-mul.o)
 .debug_frame   0x0000000000000300       0x5c ../LELEC2103-SW_bsp//libhal_bsp.a(alt_load.o)
 .debug_frame   0x000000000000035c       0x2c ../LELEC2103-SW_bsp//libhal_bsp.a(alt_main.o)
 .debug_frame   0x0000000000000388       0x60 ../LELEC2103-SW_bsp//libhal_bsp.a(alt_write.o)
 .debug_frame   0x00000000000003e8       0x88 ../LELEC2103-SW_bsp//libhal_bsp.a(alt_sys_init.o)
 .debug_frame   0x0000000000000470       0x60 ../LELEC2103-SW_bsp//libhal_bsp.a(altera_avalon_jtag_uart_fd.o)
 .debug_frame   0x00000000000004d0       0x34 ../LELEC2103-SW_bsp//libhal_bsp.a(altera_avalon_jtag_uart_read.o)
 .debug_frame   0x0000000000000504       0x34 ../LELEC2103-SW_bsp//libhal_bsp.a(altera_avalon_jtag_uart_write.o)
 .debug_frame   0x0000000000000538       0x60 ../LELEC2103-SW_bsp//libhal_bsp.a(alt_close.o)
 .debug_frame   0x0000000000000598       0x34 ../LELEC2103-SW_bsp//libhal_bsp.a(alt_dcache_flush_all.o)
 .debug_frame   0x00000000000005cc       0x34 ../LELEC2103-SW_bsp//libhal_bsp.a(alt_dev.o)
 .debug_frame   0x0000000000000600       0x60 ../LELEC2103-SW_bsp//libhal_bsp.a(alt_dev_llist_insert.o)
 .debug_frame   0x0000000000000660       0x34 ../LELEC2103-SW_bsp//libhal_bsp.a(alt_icache_flush_all.o)
 .debug_frame   0x0000000000000694       0x64 ../LELEC2103-SW_bsp//libhal_bsp.a(alt_io_redirect.o)
 .debug_frame   0x00000000000006f8       0x8c ../LELEC2103-SW_bsp//libhal_bsp.a(alt_open.o)
 .debug_frame   0x0000000000000784       0x3c ../LELEC2103-SW_bsp//libhal_bsp.a(alt_release_fd.o)
 .debug_frame   0x00000000000007c0       0x34 ../LELEC2103-SW_bsp//libhal_bsp.a(altera_nios2_gen2_irq.o)
 .debug_frame   0x00000000000007f4       0x38 ../LELEC2103-SW_bsp//libhal_bsp.a(alt_find_dev.o)
 .debug_frame   0x000000000000082c       0x38 ../LELEC2103-SW_bsp//libhal_bsp.a(alt_find_file.o)
 .debug_frame   0x0000000000000864       0x3c ../LELEC2103-SW_bsp//libhal_bsp.a(alt_get_fd.o)
 .debug_frame   0x00000000000008a0       0x28 /home/anparis/altera/15.0/nios2eds/bin/gnu/H-x86_64-pc-linux-gnu/bin/../lib/gcc/nios2-elf/4.9.1/../../../../../H-x86_64-pc-linux-gnu/nios2-elf/lib/mno-hw-mul/libsmallc.a(lib_a-exit.o)
 .debug_frame   0x00000000000008c8       0x20 /home/anparis/altera/15.0/nios2eds/bin/gnu/H-x86_64-pc-linux-gnu/bin/../lib/gcc/nios2-elf/4.9.1/../../../../../H-x86_64-pc-linux-gnu/nios2-elf/lib/mno-hw-mul/libsmallc.a(lib_a-memcmp.o)
 .debug_frame   0x00000000000008e8       0x54 /home/anparis/altera/15.0/nios2eds/bin/gnu/H-x86_64-pc-linux-gnu/bin/../lib/gcc/nios2-elf/4.9.1/../../../../../H-x86_64-pc-linux-gnu/nios2-elf/lib/mno-hw-mul/libsmallc.a(lib_a-__call_atexit.o)
 .debug_frame   0x000000000000093c       0x2c ../LELEC2103-SW_bsp//libhal_bsp.a(alt_exit.o)

.debug_str      0x0000000000000000     0x155d
 *(.debug_str)
 .debug_str     0x0000000000000000      0x15a obj/default/main.o
                                        0x1be (size before relaxing)
 .debug_str     0x000000000000015a      0x402 /home/anparis/altera/15.0/nios2eds/bin/gnu/H-x86_64-pc-linux-gnu/bin/../lib/gcc/nios2-elf/4.9.1/../../../../../H-x86_64-pc-linux-gnu/nios2-elf/lib/mno-hw-mul/libsmallc.a(lib_a-printf.o)
                                        0x4ce (size before relaxing)
 .debug_str     0x000000000000055c       0x64 /home/anparis/altera/15.0/nios2eds/bin/gnu/H-x86_64-pc-linux-gnu/bin/../lib/gcc/nios2-elf/4.9.1/../../../../../H-x86_64-pc-linux-gnu/nios2-elf/lib/mno-hw-mul/libsmallc.a(lib_a-puts.o)
                                        0x492 (size before relaxing)
 .debug_str     0x00000000000005c0       0xd4 /home/anparis/altera/15.0/nios2eds/bin/gnu/H-x86_64-pc-linux-gnu/bin/../lib/gcc/nios2-elf/4.9.1/../../../../../H-x86_64-pc-linux-gnu/nios2-elf/lib/mno-hw-mul/libsmallc.a(lib_a-strlen.o)
                                        0x1aa (size before relaxing)
 .debug_str     0x0000000000000694      0x1d4 /home/anparis/altera/15.0/nios2eds/bin/gnu/H-x86_64-pc-linux-gnu/bin/../lib/gcc/nios2-elf/4.9.1/../../../../../H-x86_64-pc-linux-gnu/nios2-elf/lib/mno-hw-mul/libsmallc.a(lib_a-vfprintf.o)
                                        0x65c (size before relaxing)
 .debug_str     0x0000000000000868       0x6d /home/anparis/altera/15.0/nios2eds/bin/gnu/H-x86_64-pc-linux-gnu/bin/../lib/gcc/nios2-elf/4.9.1/../../../../../H-x86_64-pc-linux-gnu/nios2-elf/lib/mno-hw-mul/libsmallc.a(lib_a-fvwrite_small_dev.o)
                                        0x4a9 (size before relaxing)
 .debug_str     0x00000000000008d5       0xf1 /home/anparis/altera/15.0/nios2eds/bin/gnu/H-x86_64-pc-linux-gnu/bin/../lib/gcc/nios2-elf/4.9.1/../../../../../H-x86_64-pc-linux-gnu/nios2-elf/lib/mno-hw-mul/libsmallc.a(lib_a-impure.o)
                                        0x483 (size before relaxing)
 .debug_str     0x00000000000009c6       0x3d /home/anparis/altera/15.0/nios2eds/bin/gnu/H-x86_64-pc-linux-gnu/bin/../lib/gcc/nios2-elf/4.9.1/../../../../../H-x86_64-pc-linux-gnu/nios2-elf/lib/mno-hw-mul/libsmallc.a(lib_a-writer.o)
                                        0x47d (size before relaxing)
 .debug_str     0x0000000000000a03       0x40 /home/anparis/altera/15.0/nios2eds/bin/gnu/H-x86_64-pc-linux-gnu/bin/../lib/gcc/nios2-elf/4.9.1/../../../../../H-x86_64-pc-linux-gnu/nios2-elf/lib/mno-hw-mul/libsmallc.a(lib_a-int_errno.o)
                                        0x19d (size before relaxing)
 .debug_str     0x0000000000000a43      0x186 /home/anparis/altera/15.0/nios2eds/bin/gnu/H-x86_64-pc-linux-gnu/bin/../lib/gcc/nios2-elf/4.9.1/mno-hw-mul/libgcc.a(lib2-divmod.o)
                                        0x1d1 (size before relaxing)
 .debug_str     0x0000000000000bc9       0x40 /home/anparis/altera/15.0/nios2eds/bin/gnu/H-x86_64-pc-linux-gnu/bin/../lib/gcc/nios2-elf/4.9.1/mno-hw-mul/libgcc.a(lib2-mul.o)
                                        0x192 (size before relaxing)
 .debug_str     0x0000000000000c09      0x132 ../LELEC2103-SW_bsp//libhal_bsp.a(alt_load.o)
                                        0x1fc (size before relaxing)
 .debug_str     0x0000000000000d3b       0x70 ../LELEC2103-SW_bsp//libhal_bsp.a(alt_main.o)
                                        0x187 (size before relaxing)
 .debug_str     0x0000000000000dab      0x166 ../LELEC2103-SW_bsp//libhal_bsp.a(alt_write.o)
                                        0x2e2 (size before relaxing)
 .debug_str     0x0000000000000f11      0x105 ../LELEC2103-SW_bsp//libhal_bsp.a(alt_sys_init.o)
                                        0x2be (size before relaxing)
 .debug_str     0x0000000000001016       0x70 ../LELEC2103-SW_bsp//libhal_bsp.a(altera_avalon_jtag_uart_fd.o)
                                        0x2bf (size before relaxing)
 .debug_str     0x0000000000001086       0x48 ../LELEC2103-SW_bsp//libhal_bsp.a(altera_avalon_jtag_uart_read.o)
                                        0x209 (size before relaxing)
 .debug_str     0x00000000000010ce       0x4a ../LELEC2103-SW_bsp//libhal_bsp.a(altera_avalon_jtag_uart_write.o)
                                        0x1ff (size before relaxing)
 .debug_str     0x0000000000001118       0x1b ../LELEC2103-SW_bsp//libhal_bsp.a(alt_close.o)
                                        0x1f5 (size before relaxing)
 .debug_str     0x0000000000001133       0x34 ../LELEC2103-SW_bsp//libhal_bsp.a(alt_dcache_flush_all.o)
                                        0x13f (size before relaxing)
 .debug_str     0x0000000000001167       0x50 ../LELEC2103-SW_bsp//libhal_bsp.a(alt_dev.o)
                                        0x2ef (size before relaxing)
 .debug_str     0x00000000000011b7       0x4b ../LELEC2103-SW_bsp//libhal_bsp.a(alt_dev_llist_insert.o)
                                        0x1b6 (size before relaxing)
 .debug_str     0x0000000000001202       0x14 ../LELEC2103-SW_bsp//libhal_bsp.a(alt_errno.o)
                                        0x12f (size before relaxing)
 .debug_str     0x0000000000001216       0x34 ../LELEC2103-SW_bsp//libhal_bsp.a(alt_icache_flush_all.o)
                                        0x13f (size before relaxing)
 .debug_str     0x000000000000124a       0x56 ../LELEC2103-SW_bsp//libhal_bsp.a(alt_io_redirect.o)
                                        0x300 (size before relaxing)
 .debug_str     0x00000000000012a0       0x36 ../LELEC2103-SW_bsp//libhal_bsp.a(alt_open.o)
                                        0x235 (size before relaxing)
 .debug_str     0x00000000000012d6       0x28 ../LELEC2103-SW_bsp//libhal_bsp.a(alt_release_fd.o)
                                        0x1c9 (size before relaxing)
 .debug_str     0x00000000000012fe       0x3b ../LELEC2103-SW_bsp//libhal_bsp.a(altera_nios2_gen2_irq.o)
                                        0x146 (size before relaxing)
 .debug_str     0x0000000000001339       0x24 ../LELEC2103-SW_bsp//libhal_bsp.a(alt_find_dev.o)
                                        0x1d6 (size before relaxing)
 .debug_str     0x000000000000135d       0x26 ../LELEC2103-SW_bsp//libhal_bsp.a(alt_find_file.o)
                                        0x1e4 (size before relaxing)
 .debug_str     0x0000000000001383       0x30 ../LELEC2103-SW_bsp//libhal_bsp.a(alt_get_fd.o)
                                        0x206 (size before relaxing)
 .debug_str     0x00000000000013b3       0xe3 /home/anparis/altera/15.0/nios2eds/bin/gnu/H-x86_64-pc-linux-gnu/bin/../lib/gcc/nios2-elf/4.9.1/../../../../../H-x86_64-pc-linux-gnu/nios2-elf/lib/mno-hw-mul/libsmallc.a(lib_a-exit.o)
                                        0x1b5 (size before relaxing)
 .debug_str     0x0000000000001496       0x45 /home/anparis/altera/15.0/nios2eds/bin/gnu/H-x86_64-pc-linux-gnu/bin/../lib/gcc/nios2-elf/4.9.1/../../../../../H-x86_64-pc-linux-gnu/nios2-elf/lib/mno-hw-mul/libsmallc.a(lib_a-memcmp.o)
                                        0x1a4 (size before relaxing)
 .debug_str     0x00000000000014db       0x58 /home/anparis/altera/15.0/nios2eds/bin/gnu/H-x86_64-pc-linux-gnu/bin/../lib/gcc/nios2-elf/4.9.1/../../../../../H-x86_64-pc-linux-gnu/nios2-elf/lib/mno-hw-mul/libsmallc.a(lib_a-__call_atexit.o)
                                        0x4a2 (size before relaxing)
 .debug_str     0x0000000000001533       0x2a ../LELEC2103-SW_bsp//libhal_bsp.a(alt_exit.o)
                                        0x13b (size before relaxing)

.debug_loc      0x0000000000000000     0x11ce
 *(.debug_loc)
 .debug_loc     0x0000000000000000       0xc6 /home/anparis/altera/15.0/nios2eds/bin/gnu/H-x86_64-pc-linux-gnu/bin/../lib/gcc/nios2-elf/4.9.1/../../../../../H-x86_64-pc-linux-gnu/nios2-elf/lib/mno-hw-mul/libsmallc.a(lib_a-printf.o)
 .debug_loc     0x00000000000000c6       0x97 /home/anparis/altera/15.0/nios2eds/bin/gnu/H-x86_64-pc-linux-gnu/bin/../lib/gcc/nios2-elf/4.9.1/../../../../../H-x86_64-pc-linux-gnu/nios2-elf/lib/mno-hw-mul/libsmallc.a(lib_a-puts.o)
 .debug_loc     0x000000000000015d       0x1e /home/anparis/altera/15.0/nios2eds/bin/gnu/H-x86_64-pc-linux-gnu/bin/../lib/gcc/nios2-elf/4.9.1/../../../../../H-x86_64-pc-linux-gnu/nios2-elf/lib/mno-hw-mul/libsmallc.a(lib_a-strlen.o)
 .debug_loc     0x000000000000017b      0xa34 /home/anparis/altera/15.0/nios2eds/bin/gnu/H-x86_64-pc-linux-gnu/bin/../lib/gcc/nios2-elf/4.9.1/../../../../../H-x86_64-pc-linux-gnu/nios2-elf/lib/mno-hw-mul/libsmallc.a(lib_a-vfprintf.o)
 .debug_loc     0x0000000000000baf       0xbd /home/anparis/altera/15.0/nios2eds/bin/gnu/H-x86_64-pc-linux-gnu/bin/../lib/gcc/nios2-elf/4.9.1/../../../../../H-x86_64-pc-linux-gnu/nios2-elf/lib/mno-hw-mul/libsmallc.a(lib_a-fvwrite_small_dev.o)
 .debug_loc     0x0000000000000c6c       0xa5 /home/anparis/altera/15.0/nios2eds/bin/gnu/H-x86_64-pc-linux-gnu/bin/../lib/gcc/nios2-elf/4.9.1/../../../../../H-x86_64-pc-linux-gnu/nios2-elf/lib/mno-hw-mul/libsmallc.a(lib_a-writer.o)
 .debug_loc     0x0000000000000d11      0x273 /home/anparis/altera/15.0/nios2eds/bin/gnu/H-x86_64-pc-linux-gnu/bin/../lib/gcc/nios2-elf/4.9.1/mno-hw-mul/libgcc.a(lib2-divmod.o)
 .debug_loc     0x0000000000000f84       0x93 /home/anparis/altera/15.0/nios2eds/bin/gnu/H-x86_64-pc-linux-gnu/bin/../lib/gcc/nios2-elf/4.9.1/mno-hw-mul/libgcc.a(lib2-mul.o)
 .debug_loc     0x0000000000001017       0x1e /home/anparis/altera/15.0/nios2eds/bin/gnu/H-x86_64-pc-linux-gnu/bin/../lib/gcc/nios2-elf/4.9.1/../../../../../H-x86_64-pc-linux-gnu/nios2-elf/lib/mno-hw-mul/libsmallc.a(lib_a-exit.o)
 .debug_loc     0x0000000000001035       0x94 /home/anparis/altera/15.0/nios2eds/bin/gnu/H-x86_64-pc-linux-gnu/bin/../lib/gcc/nios2-elf/4.9.1/../../../../../H-x86_64-pc-linux-gnu/nios2-elf/lib/mno-hw-mul/libsmallc.a(lib_a-memcmp.o)
 .debug_loc     0x00000000000010c9      0x105 /home/anparis/altera/15.0/nios2eds/bin/gnu/H-x86_64-pc-linux-gnu/bin/../lib/gcc/nios2-elf/4.9.1/../../../../../H-x86_64-pc-linux-gnu/nios2-elf/lib/mno-hw-mul/libsmallc.a(lib_a-__call_atexit.o)

.debug_macinfo
 *(.debug_macinfo)

.debug_weaknames
 *(.debug_weaknames)

.debug_funcnames
 *(.debug_funcnames)

.debug_typenames
 *(.debug_typenames)

.debug_varnames
 *(.debug_varnames)

.debug_alt_sim_info
                0x0000000000000000       0x10
 *(.debug_alt_sim_info)
 .debug_alt_sim_info
                0x0000000000000000       0x10 ../LELEC2103-SW_bsp//obj/HAL/src/crt0.o
                0x0000000000004e20                __alt_data_end = 0x4e20
                0x0000000000004e20                PROVIDE (__alt_stack_pointer, __alt_data_end)
                0x00000000000025a0                PROVIDE (__alt_stack_limit, __alt_stack_base)
                0x00000000000025a0                PROVIDE (__alt_heap_start, end)
                0x0000000000004e20                PROVIDE (__alt_heap_limit, 0x4e20)
OUTPUT(LELEC2103-SW.elf elf32-littlenios2)

.debug_ranges   0x0000000000000000       0xf0
 .debug_ranges  0x0000000000000000       0x20 ../LELEC2103-SW_bsp//obj/HAL/src/crt0.o
 .debug_ranges  0x0000000000000020       0xb8 /home/anparis/altera/15.0/nios2eds/bin/gnu/H-x86_64-pc-linux-gnu/bin/../lib/gcc/nios2-elf/4.9.1/../../../../../H-x86_64-pc-linux-gnu/nios2-elf/lib/mno-hw-mul/libsmallc.a(lib_a-vfprintf.o)
 .debug_ranges  0x00000000000000d8       0x18 /home/anparis/altera/15.0/nios2eds/bin/gnu/H-x86_64-pc-linux-gnu/bin/../lib/gcc/nios2-elf/4.9.1/../../../../../H-x86_64-pc-linux-gnu/nios2-elf/lib/mno-hw-mul/libsmallc.a(lib_a-fvwrite_small_dev.o)
